data/history/7743986580.csv
time,date,itemid,price,discount,price_before_discount,stock,sold,item_status,cmt_count,liked_count
1641910382,20220111,7743986580,509000000000,31%,739000000000,499,1044,normal,4549,7452
1641914044,20220111,7743986580,509000000000,31%,739000000000,499,1044,normal,4549,7453
1641916069,20220111,7743986580,509000000000,31%,739000000000,499,1044,normal,4550,7453
1641920799,20220111,7743986580,509000000000,31%,739000000000,499,1044,normal,4550,7454
1641924812,20220111,7743986580,509000000000,31%,739000000000,501,1044,normal,4550,7453
1641931887,20220111,7743986580,509000000000,31%,739000000000,501,352,normal,4550,7453
1641948093,20220112,7743986580,509000000000,31%,739000000000,501,352,normal,4550,7454
1641952940,20220112,7743986580,509000000000,31%,739000000000,501,352,normal,4550,7455
1641957233,20220112,7743986580,509000000000,31%,739000000000,501,352,normal,4550,7457
1641958863,20220112,7743986580,509000000000,31%,739000000000,501,352,normal,4550,7456
1641971477,20220112,7743986580,509000000000,31%,739000000000,501,352,normal,4550,7455
1641975246,20220112,7743986580,509000000000,31%,739000000000,501,352,normal,4551,7455
1641996933,20220112,7743986580,509000000000,31%,739000000000,501,352,normal,4551,7456
1641998493,20220112,7743986580,509000000000,31%,739000000000,501,352,normal,4552,7456
1642000603,20220112,7743986580,509000000000,31%,739000000000,501,352,normal,4552,7457
1642004558,20220112,7743986580,509000000000,31%,739000000000,500,352,normal,4552,7457
1642007072,20220112,7743986580,499000000000,32%,739000000000,500,352,normal,4552,7457
1642008440,20220112,7743986580,499000000000,32%,739000000000,500,352,normal,4553,7458
1642014586,20220112,7743986580,499000000000,32%,739000000000,500,352,normal,4553,7459
1642016080,20220112,7743986580,499000000000,32%,739000000000,500,331,normal,4553,7458
1642018339,20220112,7743986580,499000000000,32%,739000000000,500,331,normal,4553,7459
1642034579,20220113,7743986580,499000000000,32%,739000000000,500,331,normal,4553,7459
1642047288,20220113,7743986580,499000000000,32%,739000000000,500,331,normal,4554,7457
1642057888,20220113,7743986580,499000000000,32%,739000000000,800,331,normal,4554,7458
1642059392,20220113,7743986580,499000000000,32%,739000000000,800,331,normal,4554,7457
1642061929,20220113,7743986580,499000000000,32%,739000000000,799,331,normal,4554,7457
1642068746,20220113,7743986580,499000000000,32%,739000000000,139,331,normal,4554,7458
1642078761,20220113,7743986580,499000000000,32%,739000000000,138,331,normal,4554,7458
1642080539,20220113,7743986580,499000000000,32%,739000000000,137,331,normal,4554,7458
1642083340,20220113,7743986580,499000000000,32%,739000000000,136,331,normal,4555,7458
1642093428,20220113,7743986580,509000000000,31%,739000000000,136,331,normal,4555,7458
1642104747,20220113,7743986580,509000000000,31%,739000000000,136,330,normal,4555,7458
1642115514,20220113,7743986580,509000000000,31%,739000000000,136,330,normal,4555,7459
1642120927,20220114,7743986580,509000000000,31%,739000000000,136,330,normal,4555,7460
1642131649,20220114,7743986580,509000000000,31%,739000000000,136,330,normal,4555,7461
1642145793,20220114,7743986580,509000000000,31%,739000000000,135,330,normal,4555,7461
1642149852,20220114,7743986580,509000000000,31%,739000000000,135,330,normal,4555,7460
1642151534,20220114,7743986580,509000000000,31%,739000000000,120,330,normal,4555,7460
1642156876,20220114,7743986580,509000000000,31%,739000000000,119,330,normal,4555,7461
1642162704,20220114,7743986580,509000000000,31%,739000000000,118,330,normal,4555,7461
1642165130,20220114,7743986580,509000000000,31%,739000000000,118,330,normal,4555,7462
1642166828,20220114,7743986580,509000000000,31%,739000000000,117,330,normal,4555,7462
1642167757,20220114,7743986580,509000000000,31%,739000000000,117,330,normal,4555,7463
1642169441,20220114,7743986580,509000000000,31%,739000000000,116,330,normal,4555,7464
1642171001,20220114,7743986580,509000000000,31%,739000000000,116,330,normal,4555,7466
1642173188,20220114,7743986580,509000000000,31%,739000000000,110,330,normal,4555,7465
1642174949,20220114,7743986580,509000000000,31%,739000000000,111,330,normal,4555,7468
1642176938,20220114,7743986580,509000000000,31%,739000000000,112,330,normal,4555,7472
1642179571,20220114,7743986580,509000000000,31%,739000000000,111,330,normal,4555,7481
1642181288,20220114,7743986580,469000000000,37%,739000000000,201,330,normal,4555,7489
1642182408,20220114,7743986580,469000000000,37%,739000000000,73,330,normal,4555,7491
1642184014,20220114,7743986580,479000000000,35%,739000000000,100,330,normal,4556,7494
1642185906,20220114,7743986580,469000000000,37%,739000000000,197,330,normal,4556,7495
1642187571,20220114,7743986580,469000000000,37%,739000000000,194,330,normal,4556,7495
1642188872,20220114,7743986580,469000000000,37%,739000000000,192,330,normal,4556,7494
1642191156,20220114,7743986580,469000000000,37%,739000000000,189,183,normal,4556,7494
1642192768,20220114,7743986580,469000000000,37%,739000000000,188,183,normal,4556,7494
1642196232,20220114,7743986580,469000000000,37%,739000000000,189,183,normal,4556,7494
1642198268,20220114,7743986580,469000000000,37%,739000000000,187,183,normal,4556,7494
1642199968,20220114,7743986580,469000000000,37%,739000000000,186,183,normal,4556,7494
1642201893,20220114,7743986580,469000000000,37%,739000000000,184,183,normal,4556,7494
1642203521,20220114,7743986580,469000000000,37%,739000000000,182,183,normal,4556,7495
1642207202,20220115,7743986580,469000000000,37%,739000000000,175,183,normal,4556,7494
1642212100,20220115,7743986580,469000000000,37%,739000000000,77,183,normal,4556,7494
1642215345,20220115,7743986580,469000000000,37%,739000000000,164,183,normal,4556,7494
1642216494,20220115,7743986580,469000000000,37%,739000000000,159,183,normal,4556,7495
1642218055,20220115,7743986580,469000000000,37%,739000000000,157,183,normal,4556,7494
1642220089,20220115,7743986580,469000000000,37%,739000000000,153,183,normal,4556,7494
1642222226,20220115,7743986580,469000000000,37%,739000000000,144,183,normal,4556,7496
1642223534,20220115,7743986580,469000000000,37%,739000000000,53,183,normal,4556,7503
1642224996,20220115,7743986580,469000000000,37%,739000000000,141,183,normal,4556,7506
1642227230,20220115,7743986580,469000000000,37%,739000000000,134,183,normal,4556,7507
1642229157,20220115,7743986580,469000000000,37%,739000000000,130,183,normal,4556,7506
1642230669,20220115,7743986580,469000000000,37%,739000000000,129,183,normal,4556,7507
1642232154,20220115,7743986580,469000000000,37%,739000000000,128,183,normal,4556,7507
1642234436,20220115,7743986580,469000000000,37%,739000000000,124,183,normal,4556,7507
1642236203,20220115,7743986580,469000000000,37%,739000000000,122,183,normal,4556,7506
1642237891,20220115,7743986580,469000000000,37%,739000000000,119,183,normal,4556,7507
1642239529,20220115,7743986580,469000000000,37%,739000000000,123,183,normal,4556,7507
1642241513,20220115,7743986580,469000000000,37%,739000000000,121,183,normal,4556,7507
1642243223,20220115,7743986580,469000000000,37%,739000000000,119,183,normal,4556,7507
1642244949,20220115,7743986580,469000000000,37%,739000000000,199,183,normal,4556,7506
1642246472,20220115,7743986580,469000000000,37%,739000000000,192,183,normal,4556,7508
1642249082,20220115,7743986580,469000000000,37%,739000000000,186,183,normal,4556,7507
1642251438,20220115,7743986580,469000000000,37%,739000000000,182,183,normal,4556,7508
1642252977,20220115,7743986580,469000000000,37%,739000000000,178,183,normal,4556,7509
1642254011,20220115,7743986580,469000000000,37%,739000000000,177,183,normal,4556,7510
1642255804,20220115,7743986580,469000000000,37%,739000000000,77,183,normal,4557,7509
1642257358,20220115,7743986580,469000000000,37%,739000000000,120,183,normal,4557,7509
1642259486,20220115,7743986580,469000000000,37%,739000000000,116,183,normal,4557,7509
1642261284,20220115,7743986580,469000000000,37%,739000000000,118,183,normal,4557,7509
1642263392,20220115,7743986580,469000000000,37%,739000000000,114,183,normal,4557,7508
1642266009,20220115,7743986580,509000000000,31%,739000000000,379,183,normal,4557,7508
1642267752,20220115,7743986580,509000000000,31%,739000000000,496,183,normal,4557,7507
1642268811,20220115,7743986580,509000000000,31%,739000000000,498,183,normal,4557,7507
1642270385,20220115,7743986580,509000000000,31%,739000000000,499,183,normal,4557,7506
1642272217,20220115,7743986580,509000000000,31%,739000000000,500,183,normal,4557,7506
1642277509,20220115,7743986580,509000000000,31%,739000000000,501,183,normal,4557,7506
1642279108,20220115,7743986580,509000000000,31%,739000000000,504,183,normal,4557,7506
1642280977,20220115,7743986580,509000000000,31%,739000000000,506,181,normal,4557,7507
1642289871,20220115,7743986580,509000000000,31%,739000000000,507,181,normal,4557,7507
1642293772,20220116,7743986580,509000000000,31%,739000000000,508,181,normal,4557,7507
1642301694,20220116,7743986580,509000000000,31%,739000000000,511,181,normal,4557,7508
1642302841,20220116,7743986580,509000000000,31%,739000000000,511,181,normal,4557,7509
1642304451,20220116,7743986580,509000000000,31%,739000000000,512,181,normal,4557,7509
1642308607,20220116,7743986580,509000000000,31%,739000000000,513,181,normal,4557,7509
1642311389,20220116,7743986580,509000000000,31%,739000000000,514,181,normal,4557,7509
1642315531,20220116,7743986580,509000000000,31%,739000000000,513,181,normal,4557,7509
1642318556,20220116,7743986580,509000000000,31%,739000000000,513,181,normal,4558,7510
1642320821,20220116,7743986580,509000000000,31%,739000000000,511,181,normal,4558,7510
1642322575,20220116,7743986580,509000000000,31%,739000000000,510,181,normal,4558,7510
1642329615,20220116,7743986580,509000000000,31%,739000000000,512,181,normal,4558,7510
1642339368,20220116,7743986580,509000000000,31%,739000000000,513,181,normal,4558,7510
1642340407,20220116,7743986580,509000000000,31%,739000000000,513,181,normal,4558,7509
1642342203,20220116,7743986580,509000000000,31%,739000000000,514,181,normal,4559,7509
1642345879,20220116,7743986580,509000000000,31%,739000000000,514,181,normal,4559,7508
1642349789,20220116,7743986580,509000000000,31%,739000000000,515,181,normal,4559,7509
1642356767,20220116,7743986580,509000000000,31%,739000000000,515,181,normal,4559,7510
1642358612,20220116,7743986580,509000000000,31%,739000000000,515,181,normal,4559,7512
1642365517,20220116,7743986580,509000000000,31%,739000000000,515,352,normal,4559,7512
1642380069,20220117,7743986580,509000000000,31%,739000000000,515,352,normal,4559,7512
1642388085,20220117,7743986580,509000000000,31%,739000000000,515,352,normal,4559,7511
1642389243,20220117,7743986580,509000000000,31%,739000000000,515,352,normal,4559,7512
1642392908,20220117,7743986580,509000000000,31%,739000000000,514,352,normal,4559,7513
1642395063,20220117,7743986580,509000000000,31%,739000000000,515,352,normal,4560,7513
1642397854,20220117,7743986580,509000000000,31%,739000000000,515,352,normal,4560,7514
1642400076,20220117,7743986580,509000000000,31%,739000000000,515,352,normal,4560,7515
1642402033,20220117,7743986580,509000000000,31%,739000000000,515,352,normal,4560,7516
1642405014,20220117,7743986580,509000000000,31%,739000000000,515,352,normal,4561,7516
1642407294,20220117,7743986580,499000000000,32%,739000000000,15,352,normal,4561,7515
1642409094,20220117,7743986580,499000000000,32%,739000000000,13,352,normal,4561,7515
1642411067,20220117,7743986580,499000000000,32%,739000000000,11,352,normal,4563,7516
1642412559,20220117,7743986580,499000000000,32%,739000000000,11,352,normal,4564,7516
1642414658,20220117,7743986580,498000000000,33%,739000000000,526,352,normal,4564,7515
1642416171,20220117,7743986580,498000000000,33%,739000000000,526,352,normal,4565,7515
1642424400,20220117,7743986580,498000000000,33%,739000000000,526,352,normal,4566,7515
1642426256,20220117,7743986580,498000000000,33%,739000000000,526,352,normal,4567,7517
1642432323,20220117,7743986580,498000000000,33%,739000000000,525,352,normal,4567,7517
1642434157,20220117,7743986580,498000000000,33%,739000000000,526,352,normal,4567,7518
1642441592,20220117,7743986580,498000000000,33%,739000000000,527,352,normal,4568,7518
1642450356,20220117,7743986580,498000000000,33%,739000000000,527,352,normal,4568,7519
1642453820,20220117,7743986580,498000000000,33%,739000000000,527,356,normal,4568,7519
1642466575,20220118,7743986580,498000000000,33%,739000000000,527,356,normal,4568,7519
1642471474,20220118,7743986580,498000000000,33%,739000000000,527,356,normal,4568,7520
1642474414,20220118,7743986580,498000000000,33%,739000000000,526,356,normal,4568,7520
1642475610,20220118,7743986580,498000000000,33%,739000000000,526,356,normal,4569,7520
1642479310,20220118,7743986580,498000000000,33%,739000000000,527,356,normal,4569,7519
1642488041,20220118,7743986580,498000000000,33%,739000000000,527,356,normal,4570,7519
1642489922,20220118,7743986580,498000000000,33%,739000000000,527,356,normal,4570,7520
1642493691,20220118,7743986580,498000000000,33%,739000000000,527,356,normal,4571,7520
1642495527,20220118,7743986580,498000000000,33%,739000000000,527,356,normal,4571,7521
1642497401,20220118,7743986580,498000000000,33%,739000000000,527,356,normal,4573,7521
1642502524,20220118,7743986580,498000000000,33%,739000000000,527,356,normal,4574,7521
1642504479,20220118,7743986580,498000000000,33%,739000000000,527,356,normal,4575,7521
1642508385,20220118,7743986580,498000000000,33%,739000000000,527,356,normal,4575,7522
1642510781,20220118,7743986580,498000000000,33%,739000000000,527,356,normal,4576,7522
1642512876,20220118,7743986580,498000000000,33%,739000000000,527,356,normal,4576,7523
1642516913,20220118,7743986580,498000000000,33%,739000000000,527,356,normal,4576,7524
1642519001,20220118,7743986580,498000000000,33%,739000000000,527,356,normal,4577,7525
1642520854,20220118,7743986580,498000000000,33%,739000000000,527,356,normal,4578,7526
1642525419,20220118,7743986580,498000000000,33%,739000000000,527,356,normal,4579,7525
1642528028,20220118,7743986580,498000000000,33%,739000000000,526,356,normal,4579,7527
1642534472,20220118,7743986580,498000000000,33%,739000000000,524,356,normal,4579,7528
1642536749,20220118,7743986580,498000000000,33%,739000000000,524,370,normal,4579,7528
1642552621,20220119,7743986580,498000000000,33%,739000000000,524,370,normal,4579,7527
1642557094,20220119,7743986580,498000000000,33%,739000000000,524,370,normal,4579,7526
1642560320,20220119,7743986580,498000000000,33%,739000000000,524,370,normal,4579,7527
1642561842,20220119,7743986580,498000000000,33%,739000000000,524,370,normal,4579,7528
1642563371,20220119,7743986580,498000000000,33%,739000000000,524,370,normal,4579,7530
1642565613,20220119,7743986580,498000000000,33%,739000000000,523,370,normal,4579,7529
1642567519,20220119,7743986580,498000000000,33%,739000000000,523,370,normal,4581,7530
1642568980,20220119,7743986580,498000000000,33%,739000000000,523,370,normal,4582,7530
1642570430,20220119,7743986580,498000000000,33%,739000000000,523,370,normal,4583,7531
1642572775,20220119,7743986580,498000000000,33%,739000000000,522,370,normal,4583,7531
1642576115,20220119,7743986580,498000000000,33%,739000000000,522,370,normal,4584,7533
1642577636,20220119,7743986580,498000000000,33%,739000000000,522,370,normal,4586,7533
1642581480,20220119,7743986580,498000000000,33%,739000000000,522,370,normal,4587,7534
1642583552,20220119,7743986580,498000000000,33%,739000000000,522,370,normal,4587,7535
1642587171,20220119,7743986580,498000000000,33%,739000000000,522,370,normal,4587,7536
1642590562,20220119,7743986580,498000000000,33%,739000000000,522,370,normal,4589,7537
1642594598,20220119,7743986580,498000000000,33%,739000000000,522,370,normal,4590,7537
1642596772,20220119,7743986580,498000000000,33%,739000000000,522,370,normal,4591,7537
1642601678,20220119,7743986580,498000000000,33%,739000000000,522,370,normal,4592,7538
1642603096,20220119,7743986580,498000000000,33%,739000000000,521,370,normal,4592,7538
1642605339,20220119,7743986580,498000000000,33%,739000000000,521,370,normal,4592,7539
1642609045,20220119,7743986580,498000000000,33%,739000000000,521,370,normal,4592,7540
1642611340,20220119,7743986580,498000000000,33%,739000000000,521,370,normal,4593,7539
1642613939,20220119,7743986580,498000000000,33%,739000000000,521,370,normal,4593,7540
1642623077,20220119,7743986580,498000000000,33%,739000000000,521,397,normal,4593,7540
1642630242,20220119,7743986580,498000000000,33%,739000000000,521,397,normal,4593,7541
1642639500,20220120,7743986580,498000000000,33%,739000000000,521,397,normal,4594,7543
1642644481,20220120,7743986580,498000000000,33%,739000000000,521,397,normal,4595,7542
1642649752,20220120,7743986580,498000000000,33%,739000000000,520,397,normal,4595,7542
1642653877,20220120,7743986580,498000000000,33%,739000000000,521,397,normal,4595,7543
1642660937,20220120,7743986580,498000000000,33%,739000000000,521,397,normal,4596,7543
1642666384,20220120,7743986580,498000000000,33%,739000000000,521,397,normal,4596,7542
1642667978,20220120,7743986580,498000000000,33%,739000000000,521,397,normal,4597,7541
1642671396,20220120,7743986580,498000000000,33%,739000000000,521,397,normal,4597,7542
1642683203,20220120,7743986580,498000000000,33%,739000000000,521,397,normal,4597,7543
1642688083,20220120,7743986580,498000000000,33%,739000000000,520,397,normal,4598,7543
1642693411,20220120,7743986580,498000000000,33%,739000000000,520,397,normal,4599,7543
1642695635,20220120,7743986580,498000000000,33%,739000000000,520,397,normal,4599,7541
1642697980,20220120,7743986580,498000000000,33%,739000000000,520,397,normal,4599,7542
1642699172,20220120,7743986580,489000000000,34%,739000000000,520,397,normal,4600,7542
1642700329,20220120,7743986580,489000000000,34%,739000000000,519,397,normal,4600,7541
1642702334,20220120,7743986580,489000000000,34%,739000000000,520,397,normal,4600,7541
1642709508,20220120,7743986580,489000000000,34%,739000000000,520,396,normal,4600,7541
