data/history/7743986580.csv
time,date,itemid,price,discount,price_before_discount,stock,sold,item_status,cmt_count,liked_count
1642714452,20220120,7743986580,489000000000,34%,739000000000,520,396,normal,4601,7541
1642725436,20220121,7743986580,489000000000,34%,739000000000,520,396,normal,4601,7541
1642730063,20220121,7743986580,489000000000,34%,739000000000,520,396,normal,4601,7543
1642731969,20220121,7743986580,489000000000,34%,739000000000,520,396,normal,4602,7543
1642736183,20220121,7743986580,489000000000,34%,739000000000,519,396,normal,4604,7545
1642740445,20220121,7743986580,489000000000,34%,739000000000,519,396,normal,4605,7545
1642741761,20220121,7743986580,489000000000,34%,739000000000,519,396,normal,4606,7545
1642754398,20220121,7743986580,489000000000,34%,739000000000,519,396,normal,4607,7545
1642756247,20220121,7743986580,489000000000,34%,739000000000,519,396,normal,4608,7545
1642757770,20220121,7743986580,489000000000,34%,739000000000,519,396,normal,4610,7544
1642759880,20220121,7743986580,489000000000,34%,739000000000,519,396,normal,4610,7546
1642761450,20220121,7743986580,489000000000,34%,739000000000,518,396,normal,4611,7546
1642763361,20220121,7743986580,489000000000,34%,739000000000,518,396,normal,4611,7547
1642764872,20220121,7743986580,489000000000,34%,739000000000,518,396,normal,4612,7547
1642769575,20220121,7743986580,489000000000,34%,739000000000,518,396,normal,4612,7548
1642772083,20220121,7743986580,489000000000,34%,739000000000,517,396,normal,4612,7548
1642774192,20220121,7743986580,489000000000,34%,739000000000,517,396,normal,4612,7550
1642775836,20220121,7743986580,489000000000,34%,739000000000,517,396,normal,4612,7549
1642778023,20220121,7743986580,489000000000,34%,739000000000,517,396,normal,4612,7548
1642785227,20220121,7743986580,495000000000,33%,739000000000,517,396,normal,4612,7548
1642786689,20220121,7743986580,495000000000,33%,739000000000,517,396,normal,4614,7549
1642795858,20220121,7743986580,495000000000,33%,739000000000,517,401,normal,4614,7549
1642811833,20220122,7743986580,495000000000,33%,739000000000,517,401,normal,4614,7549
1642816196,20220122,7743986580,495000000000,33%,739000000000,517,401,normal,4615,7549
1642818275,20220122,7743986580,495000000000,33%,739000000000,517,401,normal,4615,7550
1642824789,20220122,7743986580,495000000000,33%,739000000000,517,401,normal,4615,7551
1642829633,20220122,7743986580,495000000000,33%,739000000000,516,401,normal,4617,7551
1642831937,20220122,7743986580,495000000000,33%,739000000000,514,401,normal,4617,7551
1642840715,20220122,7743986580,495000000000,33%,739000000000,514,401,normal,4617,7552
1642853762,20220122,7743986580,495000000000,33%,739000000000,514,401,normal,4617,7553
1642855831,20220122,7743986580,495000000000,33%,739000000000,514,401,normal,4617,7552
1642865855,20220122,7743986580,495000000000,33%,739000000000,514,401,normal,4617,7553
1642870377,20220122,7743986580,495000000000,33%,739000000000,513,401,normal,4617,7554
1642872997,20220122,7743986580,495000000000,33%,739000000000,513,401,normal,4617,7556
1642880050,20220122,7743986580,495000000000,33%,739000000000,513,407,normal,4617,7556
1642898283,20220123,7743986580,495000000000,33%,739000000000,513,407,normal,4617,7556
1642904632,20220123,7743986580,495000000000,33%,739000000000,513,407,normal,4617,7555
1642918359,20220123,7743986580,495000000000,33%,739000000000,513,407,normal,4617,7556
1642932670,20220123,7743986580,495000000000,33%,739000000000,512,407,normal,4617,7556
1642937630,20220123,7743986580,495000000000,33%,739000000000,512,407,normal,4617,7557
1642944820,20220123,7743986580,495000000000,33%,739000000000,512,407,normal,4617,7556
1642946979,20220123,7743986580,495000000000,33%,739000000000,512,407,normal,4617,7555
1642948444,20220123,7743986580,495000000000,33%,739000000000,512,407,normal,4617,7556
1642950714,20220123,7743986580,495000000000,33%,739000000000,513,407,normal,4617,7557
1642956794,20220123,7743986580,495000000000,33%,739000000000,512,407,normal,4617,7559
1642957954,20220123,7743986580,495000000000,33%,739000000000,512,407,normal,4617,7560
1642961490,20220123,7743986580,495000000000,33%,739000000000,511,407,normal,4617,7560
1642968665,20220123,7743986580,495000000000,33%,739000000000,511,408,normal,4617,7560
1642979404,20220123,7743986580,495000000000,33%,739000000000,511,408,normal,4617,7561
1642984678,20220124,7743986580,495000000000,33%,739000000000,511,408,normal,4617,7561
1642989570,20220124,7743986580,495000000000,33%,739000000000,510,408,normal,4617,7562
1642994010,20220124,7743986580,495000000000,33%,739000000000,510,408,normal,4618,7562
1643006792,20220124,7743986580,495000000000,33%,739000000000,510,408,normal,4618,7563
1643008641,20220124,7743986580,495000000000,33%,739000000000,503,408,normal,4618,7563
1643009871,20220124,7743986580,495000000000,33%,739000000000,503,408,normal,4618,7562
1643011984,20220124,7743986580,495000000000,33%,739000000000,503,408,normal,4618,7563
1643015426,20220124,7743986580,495000000000,33%,739000000000,503,408,normal,4618,7562
1643019108,20220124,7743986580,495000000000,33%,739000000000,502,408,normal,4619,7562
1643020950,20220124,7743986580,495000000000,33%,739000000000,501,408,normal,4619,7562
1643026672,20220124,7743986580,495000000000,33%,739000000000,501,408,normal,4619,7564
1643031636,20220124,7743986580,495000000000,33%,739000000000,501,408,normal,4620,7564
1643033406,20220124,7743986580,495000000000,33%,739000000000,502,408,normal,4620,7565
1643037343,20220124,7743986580,495000000000,33%,739000000000,502,408,normal,4621,7565
1643039015,20220124,7743986580,495000000000,33%,739000000000,502,408,normal,4622,7565
1643041234,20220124,7743986580,495000000000,33%,739000000000,502,408,normal,4623,7566
1643044774,20220124,7743986580,495000000000,33%,739000000000,502,408,normal,4623,7567
1643055062,20220124,7743986580,495000000000,33%,739000000000,502,409,normal,4623,7567
1643071341,20220125,7743986580,495000000000,33%,739000000000,502,409,normal,4623,7567
1643078229,20220125,7743986580,495000000000,33%,739000000000,502,409,normal,4625,7567
1643080285,20220125,7743986580,495000000000,33%,739000000000,502,409,normal,4626,7567
1643087375,20220125,7743986580,495000000000,33%,739000000000,501,409,normal,4626,7567
1643091178,20220125,7743986580,495000000000,33%,739000000000,501,409,normal,4627,7567
1643096032,20220125,7743986580,495000000000,33%,739000000000,508,409,normal,4627,7567
1643098390,20220125,7743986580,495000000000,33%,739000000000,508,409,normal,4627,7568
1643099987,20220125,7743986580,495000000000,33%,739000000000,508,409,normal,4628,7568
1643117976,20220125,7743986580,495000000000,33%,739000000000,508,409,normal,4628,7569
1643120080,20220125,7743986580,495000000000,33%,739000000000,508,409,normal,4628,7570
1643125417,20220125,7743986580,495000000000,33%,739000000000,508,409,normal,4628,7572
1643131183,20220125,7743986580,495000000000,33%,739000000000,508,409,normal,4628,7573
1643132564,20220125,7743986580,495000000000,33%,739000000000,508,409,normal,4628,7572
1643137783,20220125,7743986580,495000000000,33%,739000000000,508,409,normal,4628,7574
1643141464,20220125,7743986580,495000000000,33%,739000000000,508,413,normal,4628,7575
1643152300,20220125,7743986580,495000000000,33%,739000000000,508,413,normal,4628,7576
1643157805,20220126,7743986580,495000000000,33%,739000000000,508,413,normal,4628,7576
1643162453,20220126,7743986580,495000000000,33%,739000000000,508,413,normal,4629,7578
1643168173,20220126,7743986580,495000000000,33%,739000000000,508,413,normal,4629,7579
1643170395,20220126,7743986580,495000000000,33%,739000000000,508,413,normal,4629,7580
1643182440,20220126,7743986580,495000000000,33%,739000000000,493,413,normal,4629,7580
1643184751,20220126,7743986580,495000000000,33%,739000000000,478,413,normal,4629,7579
1643190100,20220126,7743986580,495000000000,33%,739000000000,478,413,normal,4629,7580
1643192200,20220126,7743986580,495000000000,33%,739000000000,478,413,normal,4629,7579
1643199610,20220126,7743986580,495000000000,33%,739000000000,478,413,normal,4630,7579
1643201514,20220126,7743986580,495000000000,33%,739000000000,478,413,normal,4630,7580
1643206489,20220126,7743986580,495000000000,33%,739000000000,478,413,normal,4630,7581
1643210146,20220126,7743986580,495000000000,33%,739000000000,478,413,normal,4631,7581
1643216237,20220126,7743986580,495000000000,33%,739000000000,478,413,normal,4631,7580
1643218708,20220126,7743986580,495000000000,33%,739000000000,478,413,normal,4631,7581
1643221059,20220126,7743986580,495000000000,33%,739000000000,478,413,normal,4631,7584
1643222497,20220126,7743986580,495000000000,33%,739000000000,478,413,normal,4631,7585
1643227861,20220126,7743986580,495000000000,33%,739000000000,478,369,normal,4631,7585
1643236542,20220126,7743986580,495000000000,33%,739000000000,478,369,normal,4631,7584
1643240148,20220126,7743986580,495000000000,33%,739000000000,477,369,normal,4631,7584
1643243899,20220127,7743986580,495000000000,33%,739000000000,477,369,normal,4631,7584
1643248458,20220127,7743986580,495000000000,33%,739000000000,477,369,normal,4631,7585
1643250301,20220127,7743986580,495000000000,33%,739000000000,477,369,normal,4631,7586
1643253085,20220127,7743986580,495000000000,33%,739000000000,477,369,normal,4631,7585
1643254577,20220127,7743986580,495000000000,33%,739000000000,477,369,normal,4631,7586
1643258700,20220127,7743986580,495000000000,33%,739000000000,478,369,normal,4631,7586
1643263983,20220127,7743986580,495000000000,33%,739000000000,480,369,normal,4631,7586
1643267459,20220127,7743986580,495000000000,33%,739000000000,420,369,normal,4631,7586
1643271201,20220127,7743986580,495000000000,33%,739000000000,360,369,normal,4632,7586
1643272807,20220127,7743986580,495000000000,33%,739000000000,360,369,normal,4633,7586
1643290716,20220127,7743986580,495000000000,33%,739000000000,360,369,normal,4634,7586
1643294377,20220127,7743986580,495000000000,33%,739000000000,359,369,normal,4634,7586
1643298215,20220127,7743986580,495000000000,33%,739000000000,359,369,normal,4634,7587
1643303832,20220127,7743986580,495000000000,33%,739000000000,359,369,normal,4634,7586
1643312087,20220127,7743986580,495000000000,33%,739000000000,359,371,normal,4634,7586
1643314226,20220127,7743986580,495000000000,33%,739000000000,359,371,normal,4634,7585
1643317782,20220127,7743986580,495000000000,33%,739000000000,359,371,normal,4634,7586
1643330306,20220128,7743986580,495000000000,33%,739000000000,359,371,normal,4634,7586
1643339441,20220128,7743986580,495000000000,33%,739000000000,360,371,normal,4634,7586
1643340961,20220128,7743986580,495000000000,33%,739000000000,361,371,normal,4634,7586
1643343220,20220128,7743986580,495000000000,33%,739000000000,360,371,normal,4634,7587
1643345091,20220128,7743986580,495000000000,33%,739000000000,360,371,normal,4634,7586
1643346588,20220128,7743986580,495000000000,33%,739000000000,360,371,normal,4634,7587
1643352168,20220128,7743986580,495000000000,33%,739000000000,330,371,normal,4634,7587
1643355235,20220128,7743986580,495000000000,33%,739000000000,300,371,normal,4634,7587
1643357559,20220128,7743986580,495000000000,33%,739000000000,270,371,normal,4634,7587
1643366298,20220128,7743986580,495000000000,33%,739000000000,270,371,normal,4634,7586
1643368178,20220128,7743986580,495000000000,33%,739000000000,270,371,normal,4634,7587
1643380467,20220128,7743986580,495000000000,33%,739000000000,269,371,normal,4634,7587
1643386657,20220128,7743986580,495000000000,33%,739000000000,269,371,normal,4634,7588
1643388821,20220128,7743986580,495000000000,33%,739000000000,269,371,normal,4634,7589
1643393542,20220128,7743986580,495000000000,33%,739000000000,269,371,normal,4634,7590
1643395230,20220128,7743986580,495000000000,33%,739000000000,269,371,normal,4634,7589
1643416547,20220129,7743986580,495000000000,33%,739000000000,269,371,normal,4634,7589
1643420845,20220129,7743986580,495000000000,33%,739000000000,269,371,normal,4634,7588
1643429592,20220129,7743986580,495000000000,33%,739000000000,269,371,normal,4634,7589
1643434452,20220129,7743986580,495000000000,33%,739000000000,269,371,normal,4634,7590
1643436747,20220129,7743986580,495000000000,33%,739000000000,269,371,normal,4634,7591
1643438477,20220129,7743986580,495000000000,33%,739000000000,269,371,normal,4634,7592
1643441633,20220129,7743986580,495000000000,33%,739000000000,269,371,normal,4634,7593
1643448919,20220129,7743986580,495000000000,33%,739000000000,269,371,normal,4634,7594
1643454568,20220129,7743986580,495000000000,33%,739000000000,269,371,normal,4634,7595
1643460610,20220129,7743986580,495000000000,33%,739000000000,268,371,normal,4634,7594
1643470622,20220129,7743986580,495000000000,33%,739000000000,268,371,normal,4634,7595
1643475132,20220129,7743986580,495000000000,33%,739000000000,268,371,normal,4634,7596
1643482034,20220129,7743986580,495000000000,33%,739000000000,268,371,normal,4634,7597
1643483415,20220129,7743986580,495000000000,33%,739000000000,268,371,normal,4634,7598
1643487063,20220129,7743986580,495000000000,33%,739000000000,267,371,normal,4634,7598
1643488771,20220129,7743986580,495000000000,33%,739000000000,267,372,normal,4634,7598
1643492038,20220129,7743986580,495000000000,33%,739000000000,267,372,normal,4634,7599
1643495720,20220129,7743986580,495000000000,33%,739000000000,267,372,normal,4634,7600
1643503128,20220130,7743986580,495000000000,33%,739000000000,267,372,normal,4634,7600
1643507592,20220130,7743986580,495000000000,33%,739000000000,266,372,normal,4634,7601
1643515991,20220130,7743986580,495000000000,33%,739000000000,266,372,normal,4635,7601
1643519353,20220130,7743986580,495000000000,33%,739000000000,266,372,normal,4635,7602
1643533797,20220130,7743986580,495000000000,33%,739000000000,266,372,normal,4635,7603
1643537436,20220130,7743986580,495000000000,33%,739000000000,266,372,normal,4635,7604
1643538959,20220130,7743986580,495000000000,33%,739000000000,265,372,normal,4635,7604
1643544927,20220130,7743986580,495000000000,33%,739000000000,265,372,normal,4635,7603
1643547002,20220130,7743986580,495000000000,33%,739000000000,265,372,normal,4635,7604
1643548305,20220130,7743986580,495000000000,33%,739000000000,265,372,normal,4635,7605
1643551756,20220130,7743986580,495000000000,33%,739000000000,265,372,normal,4636,7606
1643553250,20220130,7743986580,495000000000,33%,739000000000,265,372,normal,4636,7607
1643557026,20220130,7743986580,495000000000,33%,739000000000,266,372,normal,4636,7607
1643559258,20220130,7743986580,495000000000,33%,739000000000,266,372,normal,4637,7607
1643562677,20220130,7743986580,485000000000,34%,739000000000,14,372,normal,4637,7606
1643573453,20220130,7743986580,485000000000,34%,739000000000,14,369,normal,4637,7606
1643589479,20220131,7743986580,485000000000,34%,739000000000,14,369,normal,4637,7606
1643595799,20220131,7743986580,485000000000,34%,739000000000,279,369,normal,4637,7606
1643602408,20220131,7743986580,485000000000,34%,739000000000,279,369,normal,4637,7605
1643613076,20220131,7743986580,485000000000,34%,739000000000,279,369,normal,4638,7605
1643616791,20220131,7743986580,485000000000,34%,739000000000,279,369,normal,4638,7607
1643620283,20220131,7743986580,485000000000,34%,739000000000,279,369,normal,4638,7608
1643625545,20220131,7743986580,485000000000,34%,739000000000,278,369,normal,4638,7608
1643631594,20220131,7743986580,485000000000,34%,739000000000,278,369,normal,4638,7609
1643641979,20220131,7743986580,485000000000,34%,739000000000,278,369,normal,4638,7610
1643643816,20220131,7743986580,485000000000,34%,739000000000,278,369,normal,4638,7612
1643647945,20220131,7743986580,485000000000,34%,739000000000,277,369,normal,4638,7613
1643649096,20220131,7743986580,485000000000,34%,739000000000,275,369,normal,4638,7613
1643656134,20220131,7743986580,485000000000,34%,739000000000,274,369,normal,4638,7613
1643660023,20220131,7743986580,485000000000,34%,739000000000,274,297,normal,4638,7613
1643676021,20220201,7743986580,485000000000,34%,739000000000,274,297,normal,4638,7613
1643680626,20220201,7743986580,485000000000,34%,739000000000,273,297,normal,4638,7614
1643682572,20220201,7743986580,485000000000,34%,739000000000,272,297,normal,4638,7614
1643685045,20220201,7743986580,485000000000,34%,739000000000,272,297,normal,4638,7615
1643688794,20220201,7743986580,485000000000,34%,739000000000,273,297,normal,4638,7615
1643697717,20220201,7743986580,485000000000,34%,739000000000,274,297,normal,4638,7615
1643699426,20220201,7743986580,485000000000,34%,739000000000,274,297,normal,4638,7617
1643714010,20220201,7743986580,485000000000,34%,739000000000,274,297,normal,4638,7618
1643717836,20220201,7743986580,485000000000,34%,739000000000,274,297,normal,4638,7619
1643719962,20220201,7743986580,485000000000,34%,739000000000,274,297,normal,4638,7620
1643724745,20220201,7743986580,485000000000,34%,739000000000,13,297,normal,4638,7621
1643726322,20220201,7743986580,485000000000,34%,739000000000,12,297,normal,4639,7621
1643728545,20220201,7743986580,485000000000,34%,739000000000,11,297,normal,4639,7621
1643730189,20220201,7743986580,485000000000,34%,739000000000,10,297,normal,4640,7622
1643732281,20220201,7743986580,485000000000,34%,739000000000,10,297,normal,4640,7624
1643734775,20220201,7743986580,485000000000,34%,739000000000,9,297,normal,4640,7628
1643735827,20220201,7743986580,485000000000,34%,739000000000,284,297,normal,4640,7628
1643737328,20220201,7743986580,485000000000,34%,739000000000,284,297,normal,4640,7630
1643739330,20220201,7743986580,485000000000,34%,739000000000,285,297,normal,4640,7632
1643742684,20220201,7743986580,485000000000,34%,739000000000,285,297,normal,4640,7633
1643746297,20220201,7743986580,485000000000,34%,739000000000,285,296,normal,4640,7633
1643762437,20220202,7743986580,485000000000,34%,739000000000,285,296,normal,4640,7633
1643766881,20220202,7743986580,485000000000,34%,739000000000,285,296,normal,4640,7634
1643768714,20220202,7743986580,479000000000,35%,739000000000,27,296,normal,4640,7634
