data/history/7743986580.csv
time,date,itemid,price,discount,price_before_discount,stock,sold,item_status,cmt_count,liked_count
1643769962,20220202,7743986580,479000000000,35%,739000000000,26,296,normal,4640,7634
1643771443,20220202,7743986580,479000000000,35%,739000000000,24,296,normal,4640,7633
1643772947,20220202,7743986580,479000000000,35%,739000000000,22,296,normal,4640,7633
1643775194,20220202,7743986580,479000000000,35%,739000000000,21,296,normal,4640,7633
1643777059,20220202,7743986580,479000000000,35%,739000000000,20,296,normal,4640,7633
1643778615,20220202,7743986580,485000000000,34%,739000000000,303,296,normal,4640,7633
1643780026,20220202,7743986580,485000000000,34%,739000000000,302,296,normal,4640,7634
1643785816,20220202,7743986580,485000000000,34%,739000000000,302,296,normal,4640,7633
1643794534,20220202,7743986580,485000000000,34%,739000000000,302,296,normal,4640,7632
1643800349,20220202,7743986580,485000000000,34%,739000000000,302,296,normal,4640,7633
1643801642,20220202,7743986580,485000000000,34%,739000000000,302,296,normal,4640,7634
1643807760,20220202,7743986580,485000000000,34%,739000000000,302,296,normal,4640,7635
1643808878,20220202,7743986580,485000000000,34%,739000000000,301,296,normal,4640,7635
1643811277,20220202,7743986580,479000000000,35%,739000000000,25,296,normal,4640,7636
1643812721,20220202,7743986580,479000000000,35%,739000000000,24,296,normal,4640,7636
1643814938,20220202,7743986580,479000000000,35%,739000000000,23,296,normal,4640,7636
1643816619,20220202,7743986580,479000000000,35%,739000000000,21,296,normal,4640,7637
1643818752,20220202,7743986580,479000000000,35%,739000000000,21,296,normal,4640,7636
1643821120,20220202,7743986580,479000000000,35%,739000000000,18,296,normal,4640,7637
1643822028,20220202,7743986580,485000000000,34%,739000000000,304,296,normal,4640,7637
1643823431,20220202,7743986580,485000000000,34%,739000000000,323,296,normal,4640,7637
1643828950,20220202,7743986580,485000000000,34%,739000000000,321,296,normal,4640,7637
1643836215,20220202,7743986580,485000000000,34%,739000000000,321,295,normal,4640,7637
1643839812,20220202,7743986580,485000000000,34%,739000000000,320,295,normal,4640,7637
1643848687,20220203,7743986580,485000000000,34%,739000000000,320,295,normal,4640,7637
1643853057,20220203,7743986580,485000000000,34%,739000000000,320,295,normal,4640,7638
1643854960,20220203,7743986580,485000000000,34%,739000000000,321,295,normal,4640,7638
1643857897,20220203,7743986580,485000000000,34%,739000000000,322,295,normal,4640,7638
1643863482,20220203,7743986580,485000000000,34%,739000000000,322,295,normal,4640,7639
1643865023,20220203,7743986580,479000000000,35%,739000000000,28,295,normal,4641,7640
1643866440,20220203,7743986580,479000000000,35%,739000000000,25,295,normal,4641,7642
1643868787,20220203,7743986580,479000000000,35%,739000000000,24,295,normal,4641,7642
1643870533,20220203,7743986580,479000000000,35%,739000000000,23,295,normal,4641,7643
1643872254,20220203,7743986580,479000000000,35%,739000000000,21,295,normal,4641,7643
1643873625,20220203,7743986580,479000000000,35%,739000000000,20,295,normal,4641,7644
1643876239,20220203,7743986580,479000000000,35%,739000000000,20,295,normal,4641,7645
1643877556,20220203,7743986580,479000000000,35%,739000000000,21,295,normal,4641,7645
1643879512,20220203,7743986580,479000000000,35%,739000000000,20,295,normal,4641,7646
1643883069,20220203,7743986580,479000000000,35%,739000000000,20,295,normal,4641,7647
1643884628,20220203,7743986580,479000000000,35%,739000000000,19,295,normal,4641,7648
1643886661,20220203,7743986580,479000000000,35%,739000000000,18,295,normal,4641,7651
1643888035,20220203,7743986580,479000000000,35%,739000000000,18,295,normal,4641,7650
1643892885,20220203,7743986580,479000000000,35%,739000000000,18,295,normal,4641,7651
1643894050,20220203,7743986580,479000000000,35%,739000000000,17,295,normal,4641,7651
1643895574,20220203,7743986580,479000000000,35%,739000000000,16,295,normal,4641,7653
1643897587,20220203,7743986580,479000000000,35%,739000000000,28,295,normal,4641,7654
1643901333,20220203,7743986580,479000000000,35%,739000000000,28,295,normal,4641,7655
1643903012,20220203,7743986580,479000000000,35%,739000000000,28,295,normal,4641,7656
1643905171,20220203,7743986580,479000000000,35%,739000000000,26,295,normal,4641,7656
1643907519,20220203,7743986580,479000000000,35%,739000000000,24,295,normal,4641,7657
1643908640,20220203,7743986580,485000000000,34%,739000000000,363,295,normal,4641,7658
1643912121,20220203,7743986580,485000000000,34%,739000000000,363,295,normal,4641,7659
1643920534,20220203,7743986580,485000000000,34%,739000000000,363,313,normal,4641,7659
1643922564,20220203,7743986580,485000000000,34%,739000000000,363,313,normal,4641,7660
1643929746,20220203,7743986580,485000000000,34%,739000000000,362,313,normal,4641,7660
1643931222,20220203,7743986580,485000000000,34%,739000000000,362,313,normal,4641,7661
1643935167,20220204,7743986580,485000000000,34%,739000000000,362,313,normal,4641,7660
1643939044,20220204,7743986580,485000000000,34%,739000000000,362,313,normal,4641,7661
1643944176,20220204,7743986580,485000000000,34%,739000000000,362,313,normal,4641,7662
1643949484,20220204,7743986580,485000000000,34%,739000000000,362,313,normal,4641,7663
1643952830,20220204,7743986580,485000000000,34%,739000000000,361,313,normal,4641,7663
1643956551,20220204,7743986580,485000000000,34%,739000000000,361,313,normal,4641,7665
1643958545,20220204,7743986580,485000000000,34%,739000000000,360,313,normal,4641,7665
1643965786,20220204,7743986580,485000000000,34%,739000000000,359,313,normal,4641,7666
1643969466,20220204,7743986580,485000000000,34%,739000000000,359,313,normal,4641,7667
1643970835,20220204,7743986580,485000000000,34%,739000000000,359,313,normal,4641,7666
1643972838,20220204,7743986580,485000000000,34%,739000000000,358,313,normal,4641,7666
1643978652,20220204,7743986580,485000000000,34%,739000000000,358,313,normal,4641,7667
1643985240,20220204,7743986580,485000000000,34%,739000000000,358,313,normal,4641,7668
1643988964,20220204,7743986580,485000000000,34%,739000000000,357,313,normal,4641,7668
1643991455,20220204,7743986580,485000000000,34%,739000000000,356,313,normal,4641,7669
1643994544,20220204,7743986580,485000000000,34%,739000000000,357,313,normal,4641,7669
1644005368,20220204,7743986580,485000000000,34%,739000000000,357,324,normal,4641,7670
1644021217,20220205,7743986580,485000000000,34%,739000000000,357,324,normal,4641,7670
1644030604,20220205,7743986580,485000000000,34%,739000000000,357,324,normal,4641,7672
1644035866,20220205,7743986580,485000000000,34%,739000000000,357,324,normal,4641,7671
1644039227,20220205,7743986580,485000000000,34%,739000000000,356,324,normal,4641,7672
1644041437,20220205,7743986580,485000000000,34%,739000000000,357,324,normal,4641,7672
1644044949,20220205,7743986580,485000000000,34%,739000000000,356,324,normal,4641,7674
1644048617,20220205,7743986580,485000000000,34%,739000000000,355,324,normal,4641,7676
1644055758,20220205,7743986580,485000000000,34%,739000000000,355,324,normal,4641,7677
1644059318,20220205,7743986580,485000000000,34%,739000000000,355,324,normal,4641,7676
1644060820,20220205,7743986580,485000000000,34%,739000000000,355,324,normal,4641,7675
1644063159,20220205,7743986580,485000000000,34%,739000000000,355,324,normal,4642,7677
1644064900,20220205,7743986580,485000000000,34%,739000000000,355,324,normal,4642,7678
1644068023,20220205,7743986580,485000000000,34%,739000000000,341,324,normal,4642,7680
1644070128,20220205,7743986580,485000000000,34%,739000000000,29,324,normal,4642,7680
1644071630,20220205,7743986580,485000000000,34%,739000000000,28,324,normal,4642,7679
1644073719,20220205,7743986580,485000000000,34%,739000000000,28,324,normal,4642,7678
1644075224,20220205,7743986580,485000000000,34%,739000000000,28,324,normal,4642,7677
1644079355,20220205,7743986580,485000000000,34%,739000000000,27,324,normal,4642,7677
1644080882,20220205,7743986580,495000000000,33%,739000000000,368,324,normal,4642,7678
1644091747,20220205,7743986580,495000000000,33%,739000000000,368,330,normal,4642,7679
1644096855,20220205,7743986580,495000000000,33%,739000000000,368,330,normal,4642,7680
1644108389,20220206,7743986580,495000000000,33%,739000000000,368,330,normal,4642,7679
1644113183,20220206,7743986580,495000000000,33%,739000000000,368,330,normal,4642,7680
1644122634,20220206,7743986580,495000000000,33%,739000000000,368,330,normal,4643,7680
1644124165,20220206,7743986580,485000000000,34%,739000000000,29,330,normal,4643,7680
1644125635,20220206,7743986580,485000000000,34%,739000000000,28,330,normal,4643,7680
1644127935,20220206,7743986580,485000000000,34%,739000000000,27,330,normal,4643,7680
1644131439,20220206,7743986580,485000000000,34%,739000000000,26,330,normal,4643,7681
1644135099,20220206,7743986580,485000000000,34%,739000000000,26,330,normal,4643,7682
1644145701,20220206,7743986580,485000000000,34%,739000000000,26,330,normal,4644,7682
1644149736,20220206,7743986580,485000000000,34%,739000000000,24,330,normal,4644,7682
1644151779,20220206,7743986580,485000000000,34%,739000000000,23,330,normal,4644,7683
1644153101,20220206,7743986580,485000000000,34%,739000000000,22,330,normal,4644,7683
1644156568,20220206,7743986580,495000000000,33%,739000000000,403,330,normal,4644,7683
1644158056,20220206,7743986580,495000000000,33%,739000000000,402,330,normal,4644,7683
1644160193,20220206,7743986580,495000000000,33%,739000000000,402,330,normal,4644,7685
1644166262,20220206,7743986580,495000000000,33%,739000000000,402,330,normal,4644,7686
1644176028,20220206,7743986580,495000000000,33%,739000000000,402,330,normal,4644,7687
1644181790,20220206,7743986580,495000000000,33%,739000000000,402,333,normal,4644,7687
1644194392,20220207,7743986580,495000000000,33%,739000000000,401,333,normal,4644,7688
1644198830,20220207,7743986580,495000000000,33%,739000000000,396,333,normal,4644,7688
1644200704,20220207,7743986580,495000000000,33%,739000000000,396,333,normal,4645,7688
1644207210,20220207,7743986580,495000000000,33%,739000000000,396,333,normal,4645,7687
1644210597,20220207,7743986580,495000000000,33%,739000000000,396,333,normal,4645,7688
1644212041,20220207,7743986580,495000000000,33%,739000000000,395,333,normal,4645,7688
1644214385,20220207,7743986580,495000000000,33%,739000000000,395,333,normal,4645,7689
1644217829,20220207,7743986580,495000000000,33%,739000000000,395,333,normal,4646,7689
1644219228,20220207,7743986580,495000000000,33%,739000000000,366,333,normal,4646,7689
1644221591,20220207,7743986580,495000000000,33%,739000000000,366,333,normal,4646,7690
1644226640,20220207,7743986580,495000000000,33%,739000000000,368,333,normal,4646,7690
1644229084,20220207,7743986580,495000000000,33%,739000000000,368,333,normal,4647,7690
1644233912,20220207,7743986580,495000000000,33%,739000000000,373,333,normal,4647,7690
1644241177,20220207,7743986580,495000000000,33%,739000000000,372,333,normal,4648,7691
1644243143,20220207,7743986580,485000000000,34%,739000000000,26,333,normal,4649,7693
1644244516,20220207,7743986580,485000000000,34%,739000000000,25,333,normal,4649,7694
1644246940,20220207,7743986580,485000000000,34%,739000000000,24,333,normal,4650,7696
1644248564,20220207,7743986580,485000000000,34%,739000000000,23,333,normal,4650,7695
1644250689,20220207,7743986580,485000000000,34%,739000000000,24,333,normal,4651,7696
1644252855,20220207,7743986580,485000000000,34%,739000000000,23,333,normal,4651,7696
1644254209,20220207,7743986580,495000000000,33%,739000000000,396,333,normal,4651,7696
1644255344,20220207,7743986580,495000000000,33%,739000000000,395,333,normal,4651,7696
1644257811,20220207,7743986580,495000000000,33%,739000000000,396,333,normal,4651,7696
1644280854,20220208,7743986580,495000000000,33%,739000000000,396,333,normal,4651,7695
1644285358,20220208,7743986580,495000000000,33%,739000000000,396,333,normal,4651,7696
1644287238,20220208,7743986580,495000000000,33%,739000000000,396,333,normal,4651,7697
1644291372,20220208,7743986580,495000000000,33%,739000000000,396,333,normal,4651,7698
1644293593,20220208,7743986580,495000000000,33%,739000000000,395,333,normal,4651,7698
1644295436,20220208,7743986580,495000000000,33%,739000000000,395,333,normal,4652,7698
1644296986,20220208,7743986580,485000000000,34%,739000000000,30,333,normal,4653,7698
1644298440,20220208,7743986580,485000000000,34%,739000000000,30,333,normal,4653,7699
1644300822,20220208,7743986580,485000000000,34%,739000000000,29,333,normal,4653,7700
1644302513,20220208,7743986580,485000000000,34%,739000000000,28,333,normal,4653,7700
1644304236,20220208,7743986580,485000000000,34%,739000000000,27,333,normal,4653,7700
1644305637,20220208,7743986580,485000000000,34%,739000000000,27,333,normal,4654,7701
1644308013,20220208,7743986580,485000000000,34%,739000000000,27,333,normal,4654,7700
1644309823,20220208,7743986580,485000000000,34%,739000000000,27,333,normal,4654,7701
1644311812,20220208,7743986580,485000000000,34%,739000000000,26,333,normal,4654,7700
1644315081,20220208,7743986580,485000000000,34%,739000000000,25,333,normal,4654,7702
1644316725,20220208,7743986580,485000000000,34%,739000000000,24,333,normal,4655,7702
1644322667,20220208,7743986580,485000000000,34%,739000000000,24,333,normal,4656,7703
1644324949,20220208,7743986580,485000000000,34%,739000000000,23,333,normal,4656,7703
1644326331,20220208,7743986580,485000000000,34%,739000000000,22,333,normal,4656,7703
1644329739,20220208,7743986580,470000000000,36%,739000000000,385,333,normal,4657,7704
1644331181,20220208,7743986580,470000000000,36%,739000000000,383,333,normal,4657,7704
1644333342,20220208,7743986580,470000000000,36%,739000000000,383,333,normal,4657,7703
1644335024,20220208,7743986580,470000000000,36%,739000000000,382,333,normal,4658,7704
1644336927,20220208,7743986580,470000000000,36%,739000000000,380,333,normal,4658,7706
1644339470,20220208,7743986580,470000000000,36%,739000000000,378,333,normal,4658,7707
1644340526,20220208,7743986580,470000000000,36%,739000000000,377,333,normal,4658,7706
1644341818,20220208,7743986580,470000000000,36%,739000000000,376,333,normal,4658,7706
1644344154,20220208,7743986580,470000000000,36%,739000000000,377,333,normal,4658,7706
1644351568,20220208,7743986580,470000000000,36%,739000000000,378,349,normal,4658,7705
1644367354,20220209,7743986580,470000000000,36%,739000000000,378,349,normal,4658,7705
1644372054,20220209,7743986580,470000000000,36%,739000000000,379,349,normal,4658,7703
1644374928,20220209,7743986580,470000000000,36%,739000000000,378,349,normal,4658,7705
1644377778,20220209,7743986580,470000000000,36%,739000000000,377,349,normal,4658,7705
1644380009,20220209,7743986580,470000000000,36%,739000000000,379,349,normal,4660,7705
1644381879,20220209,7743986580,470000000000,36%,739000000000,377,349,normal,4660,7705
1644383388,20220209,7743986580,470000000000,36%,739000000000,377,349,normal,4660,7708
1644387185,20220209,7743986580,470000000000,36%,739000000000,377,349,normal,4660,7709
1644388954,20220209,7743986580,470000000000,36%,739000000000,377,349,normal,4661,7709
1644392030,20220209,7743986580,470000000000,36%,739000000000,378,349,normal,4661,7709
1644394665,20220209,7743986580,470000000000,36%,739000000000,377,349,normal,4661,7709
1644396291,20220209,7743986580,470000000000,36%,739000000000,378,349,normal,4661,7708
1644398352,20220209,7743986580,470000000000,36%,739000000000,378,349,normal,4661,7710
1644399645,20220209,7743986580,470000000000,36%,739000000000,378,349,normal,4661,7712
1644401810,20220209,7743986580,470000000000,36%,739000000000,378,349,normal,4661,7713
1644403361,20220209,7743986580,470000000000,36%,739000000000,378,349,normal,4661,7714
1644405223,20220209,7743986580,470000000000,36%,739000000000,378,349,normal,4661,7717
1644411465,20220209,7743986580,470000000000,36%,739000000000,377,349,normal,4661,7718
1644414045,20220209,7743986580,470000000000,36%,739000000000,376,349,normal,4661,7718
1644416082,20220209,7743986580,469000000000,37%,739000000000,28,349,normal,4661,7717
1644417595,20220209,7743986580,469000000000,37%,739000000000,26,349,normal,4661,7717
1644419742,20220209,7743986580,469000000000,37%,739000000000,25,349,normal,4662,7717
1644421429,20220209,7743986580,469000000000,37%,739000000000,22,349,normal,4662,7716
1644423650,20220209,7743986580,469000000000,37%,739000000000,20,349,normal,4662,7716
1644425670,20220209,7743986580,469000000000,37%,739000000000,21,349,normal,4662,7717
1644427123,20220209,7743986580,470000000000,36%,739000000000,398,349,normal,4662,7717
1644430412,20220209,7743986580,470000000000,36%,739000000000,397,349,normal,4662,7718
1644435247,20220209,7743986580,470000000000,36%,739000000000,397,349,normal,4662,7719
1644438964,20220209,7743986580,470000000000,36%,739000000000,397,361,normal,4662,7720
1644449664,20220209,7743986580,470000000000,36%,739000000000,398,361,normal,4662,7720
1644453705,20220210,7743986580,470000000000,36%,739000000000,398,361,normal,4662,7720
1644458067,20220210,7743986580,470000000000,36%,739000000000,397,361,normal,4662,7721
1644459867,20220210,7743986580,470000000000,36%,739000000000,397,361,normal,4663,7721
1644461104,20220210,7743986580,470000000000,36%,739000000000,397,361,normal,4663,7722
1644462648,20220210,7743986580,470000000000,36%,739000000000,395,361,normal,4663,7722
1644468218,20220210,7743986580,470000000000,36%,739000000000,394,361,normal,4663,7725
1644475275,20220210,7743986580,470000000000,36%,739000000000,393,361,normal,4664,7726
1644478439,20220210,7743986580,470000000000,36%,739000000000,363,361,normal,4664,7726
1644480759,20220210,7743986580,470000000000,36%,739000000000,363,361,normal,4665,7726
1644484276,20220210,7743986580,470000000000,36%,739000000000,363,361,normal,4665,7727
1644486039,20220210,7743986580,470000000000,36%,739000000000,363,361,normal,4665,7729
1644487951,20220210,7743986580,470000000000,36%,739000000000,333,361,normal,4666,7729
1644492833,20220210,7743986580,470000000000,36%,739000000000,332,361,normal,4666,7729
