data/history/7743986580.csv
time,date,itemid,price,discount,price_before_discount,stock,sold,item_status,cmt_count,liked_count
1644502476,20220210,7743986580,470000000000,36%,739000000000,332,361,normal,4666,7731
1644506150,20220210,7743986580,470000000000,36%,739000000000,332,361,normal,4667,7731
1644507754,20220210,7743986580,470000000000,36%,739000000000,332,361,normal,4667,7732
1644509985,20220210,7743986580,470000000000,36%,739000000000,333,361,normal,4668,7734
1644513220,20220210,7743986580,469000000000,37%,739000000000,18,361,normal,4668,7734
1644514663,20220210,7743986580,469000000000,37%,739000000000,13,361,normal,4668,7733
1644516752,20220210,7743986580,469000000000,37%,739000000000,14,361,normal,4668,7734
1644518381,20220210,7743986580,469000000000,37%,739000000000,13,361,normal,4668,7734
1644520026,20220210,7743986580,470000000000,36%,739000000000,343,361,normal,4668,7734
1644521680,20220210,7743986580,470000000000,36%,739000000000,343,376,normal,4668,7735
1644523853,20220210,7743986580,470000000000,36%,739000000000,343,376,normal,4668,7736
1644540286,20220211,7743986580,470000000000,36%,739000000000,343,376,normal,4668,7736
1644544655,20220211,7743986580,470000000000,36%,739000000000,341,376,normal,4668,7738
1644547811,20220211,7743986580,470000000000,36%,739000000000,342,376,normal,4668,7738
1644549049,20220211,7743986580,470000000000,36%,739000000000,343,376,normal,4670,7738
1644556178,20220211,7743986580,470000000000,36%,739000000000,344,376,normal,4670,7738
1644560024,20220211,7743986580,470000000000,36%,739000000000,345,376,normal,4670,7739
1644563407,20220211,7743986580,470000000000,36%,739000000000,344,376,normal,4670,7740
1644564829,20220211,7743986580,470000000000,36%,739000000000,284,376,normal,4670,7738
1644567143,20220211,7743986580,470000000000,36%,739000000000,211,376,normal,4671,7738
1644568696,20220211,7743986580,470000000000,36%,739000000000,209,376,normal,4671,7738
1644570669,20220211,7743986580,470000000000,36%,739000000000,149,376,normal,4671,7738
1644572163,20220211,7743986580,470000000000,36%,739000000000,149,376,normal,4671,7739
1644574273,20220211,7743986580,470000000000,36%,739000000000,149,376,normal,4671,7738
1644579247,20220211,7743986580,470000000000,36%,739000000000,149,376,normal,4671,7739
1644581769,20220211,7743986580,470000000000,36%,739000000000,149,376,normal,4671,7740
1644586448,20220211,7743986580,470000000000,36%,739000000000,149,376,normal,4671,7741
1644588808,20220211,7743986580,470000000000,36%,739000000000,149,376,normal,4671,7742
1644596377,20220211,7743986580,470000000000,36%,739000000000,149,376,normal,4671,7744
1644598199,20220211,7743986580,470000000000,36%,739000000000,148,376,normal,4671,7745
1644599654,20220211,7743986580,469000000000,37%,739000000000,24,376,normal,4671,7745
1644600935,20220211,7743986580,469000000000,37%,739000000000,25,376,normal,4671,7745
1644603140,20220211,7743986580,469000000000,37%,739000000000,25,376,normal,4671,7746
1644606516,20220211,7743986580,470000000000,36%,739000000000,173,376,normal,4671,7746
1644611715,20220211,7743986580,470000000000,36%,739000000000,173,376,normal,4671,7748
1644626592,20220212,7743986580,470000000000,36%,739000000000,173,376,normal,4671,7749
1644631172,20220212,7743986580,470000000000,36%,739000000000,173,376,normal,4671,7748
1644635409,20220212,7743986580,470000000000,36%,739000000000,174,376,normal,4674,7748
1644636957,20220212,7743986580,470000000000,36%,739000000000,174,376,normal,4674,7749
1644639232,20220212,7743986580,470000000000,36%,739000000000,174,376,normal,4674,7750
1644642562,20220212,7743986580,470000000000,36%,739000000000,172,376,normal,4674,7750
1644644042,20220212,7743986580,470000000000,36%,739000000000,172,376,normal,4675,7751
1644648033,20220212,7743986580,470000000000,36%,739000000000,173,376,normal,4675,7751
1644651240,20220212,7743986580,470000000000,36%,739000000000,246,376,normal,4675,7751
1644653553,20220212,7743986580,470000000000,36%,739000000000,245,376,normal,4675,7752
1644655088,20220212,7743986580,470000000000,36%,739000000000,244,376,normal,4675,7752
1644657068,20220212,7743986580,470000000000,36%,739000000000,244,376,normal,4675,7754
1644660617,20220212,7743986580,470000000000,36%,739000000000,243,376,normal,4675,7753
1644664126,20220212,7743986580,470000000000,36%,739000000000,242,376,normal,4675,7753
1644665649,20220212,7743986580,470000000000,36%,739000000000,242,376,normal,4676,7753
1644668149,20220212,7743986580,470000000000,36%,739000000000,242,376,normal,4676,7752
1644670186,20220212,7743986580,470000000000,36%,739000000000,241,376,normal,4676,7753
1644671494,20220212,7743986580,470000000000,36%,739000000000,241,376,normal,4676,7754
1644672824,20220212,7743986580,470000000000,36%,739000000000,241,376,normal,4676,7755
1644674936,20220212,7743986580,470000000000,36%,739000000000,240,376,normal,4677,7755
1644680216,20220212,7743986580,470000000000,36%,739000000000,239,376,normal,4677,7755
1644682446,20220212,7743986580,470000000000,36%,739000000000,239,376,normal,4678,7755
1644684589,20220212,7743986580,470000000000,36%,739000000000,239,376,normal,4679,7756
1644689530,20220212,7743986580,470000000000,36%,739000000000,239,376,normal,4679,7757
1644691139,20220212,7743986580,470000000000,36%,739000000000,239,376,normal,4679,7758
1644692889,20220212,7743986580,470000000000,36%,739000000000,239,376,normal,4679,7759
1644696650,20220212,7743986580,470000000000,36%,739000000000,239,398,normal,4679,7759
1644713015,20220213,7743986580,470000000000,36%,739000000000,239,398,normal,4680,7759
1644719464,20220213,7743986580,470000000000,36%,739000000000,239,398,normal,4681,7759
1644721839,20220213,7743986580,470000000000,36%,739000000000,238,398,normal,4681,7760
1644723355,20220213,7743986580,470000000000,36%,739000000000,238,398,normal,4682,7760
1644725591,20220213,7743986580,470000000000,36%,739000000000,238,398,normal,4682,7761
1644728953,20220213,7743986580,470000000000,36%,739000000000,238,398,normal,4683,7761
1644730446,20220213,7743986580,470000000000,36%,739000000000,238,398,normal,4684,7762
1644732729,20220213,7743986580,470000000000,36%,739000000000,238,398,normal,4684,7764
1644736209,20220213,7743986580,470000000000,36%,739000000000,238,398,normal,4685,7764
1644737632,20220213,7743986580,470000000000,36%,739000000000,237,398,normal,4685,7764
1644739946,20220213,7743986580,469000000000,37%,739000000000,27,398,normal,4685,7764
1644741470,20220213,7743986580,469000000000,37%,739000000000,26,398,normal,4685,7764
1644743456,20220213,7743986580,469000000000,37%,739000000000,24,398,normal,4685,7764
1644747053,20220213,7743986580,470000000000,36%,739000000000,261,398,normal,4685,7764
1644754539,20220213,7743986580,469000000000,37%,739000000000,28,398,normal,4685,7765
1644756575,20220213,7743986580,469000000000,37%,739000000000,28,398,normal,4685,7767
1644759229,20220213,7743986580,469000000000,37%,739000000000,26,398,normal,4685,7769
1644761345,20220213,7743986580,470000000000,36%,739000000000,287,398,normal,4686,7769
1644762851,20220213,7743986580,470000000000,36%,739000000000,287,398,normal,4686,7770
1644768874,20220213,7743986580,470000000000,36%,739000000000,287,398,normal,4686,7771
1644771000,20220213,7743986580,470000000000,36%,739000000000,287,398,normal,4686,7773
1644772170,20220213,7743986580,469000000000,37%,739000000000,28,398,normal,4686,7774
1644773654,20220213,7743986580,469000000000,37%,739000000000,26,398,normal,4686,7774
1644775900,20220213,7743986580,469000000000,37%,739000000000,24,398,normal,4686,7777
1644779292,20220213,7743986580,470000000000,36%,739000000000,311,398,normal,4686,7778
1644783065,20220213,7743986580,470000000000,36%,739000000000,311,410,normal,4686,7778
1644788050,20220213,7743986580,470000000000,36%,739000000000,311,410,normal,4686,7777
1644795286,20220213,7743986580,470000000000,36%,739000000000,311,410,normal,4686,7778
1644799162,20220214,7743986580,470000000000,36%,739000000000,311,410,normal,4686,7778
1644803517,20220214,7743986580,470000000000,36%,739000000000,309,410,normal,4686,7777
1644805299,20220214,7743986580,470000000000,36%,739000000000,310,410,normal,4686,7777
1644806597,20220214,7743986580,470000000000,36%,739000000000,310,410,normal,4687,7776
1644808285,20220214,7743986580,470000000000,36%,739000000000,309,410,normal,4688,7776
1644809801,20220214,7743986580,470000000000,36%,739000000000,309,410,normal,4688,7775
1644812001,20220214,7743986580,470000000000,36%,739000000000,307,410,normal,4688,7775
1644813832,20220214,7743986580,470000000000,36%,739000000000,307,410,normal,4688,7776
1644815426,20220214,7743986580,470000000000,36%,739000000000,307,410,normal,4688,7777
1644819190,20220214,7743986580,470000000000,36%,739000000000,137,410,normal,4688,7777
1644820917,20220214,7743986580,470000000000,36%,739000000000,37,410,normal,4688,7777
1644822666,20220214,7743986580,470000000000,36%,739000000000,257,410,normal,4689,7779
1644826406,20220214,7743986580,469000000000,37%,739000000000,27,410,normal,4689,7780
1644830011,20220214,7743986580,469000000000,37%,739000000000,26,410,normal,4689,7780
1644831358,20220214,7743986580,469000000000,37%,739000000000,26,410,normal,4689,7779
1644833802,20220214,7743986580,470000000000,36%,739000000000,410,410,normal,4689,7779
1644837110,20220214,7743986580,470000000000,36%,739000000000,110,410,normal,4689,7779
1644843128,20220214,7743986580,470000000000,36%,739000000000,110,410,normal,4690,7779
1644847824,20220214,7743986580,470000000000,36%,739000000000,110,410,normal,4691,7780
1644853076,20220214,7743986580,470000000000,36%,739000000000,110,410,normal,4692,7781
1644855582,20220214,7743986580,470000000000,36%,739000000000,110,410,normal,4692,7783
1644858925,20220214,7743986580,459000000000,38%,739000000000,42,410,normal,4692,7784
1644860109,20220214,7743986580,465000000000,37%,739000000000,251,410,normal,4692,7786
1644862473,20220214,7743986580,459000000000,38%,739000000000,22,410,normal,4692,7787
1644864080,20220214,7743986580,470000000000,36%,739000000000,363,410,normal,4692,7791
1644866040,20220214,7743986580,470000000000,36%,739000000000,362,410,normal,4692,7791
1644867258,20220214,7743986580,470000000000,36%,739000000000,363,410,normal,4692,7791
1644869466,20220214,7743986580,470000000000,36%,739000000000,363,171,normal,4692,7792
1644880234,20220214,7743986580,470000000000,36%,739000000000,362,171,normal,4692,7792
1644881721,20220214,7743986580,470000000000,36%,739000000000,361,171,normal,4692,7792
1644885881,20220215,7743986580,470000000000,36%,739000000000,360,171,normal,4692,7794
1644890687,20220215,7743986580,465000000000,37%,739000000000,191,171,normal,4692,7795
1644893307,20220215,7743986580,465000000000,37%,739000000000,137,171,normal,4692,7797
1644894681,20220215,7743986580,470000000000,36%,739000000000,500,171,normal,4692,7801
1644896206,20220215,7743986580,470000000000,36%,739000000000,502,171,normal,4692,7803
1644898412,20220215,7743986580,470000000000,36%,739000000000,503,171,normal,4692,7804
1644901832,20220215,7743986580,470000000000,36%,739000000000,502,171,normal,4692,7804
1644903230,20220215,7743986580,465000000000,37%,739000000000,146,171,normal,4692,7807
1644905591,20220215,7743986580,470000000000,36%,739000000000,639,171,normal,4692,7809
1644907318,20220215,7743986580,470000000000,36%,739000000000,639,171,normal,4692,7810
1644909020,20220215,7743986580,470000000000,36%,739000000000,639,171,normal,4692,7812
1644910433,20220215,7743986580,470000000000,36%,739000000000,640,171,normal,4692,7811
1644912790,20220215,7743986580,470000000000,36%,739000000000,644,171,normal,4693,7811
1644914316,20220215,7743986580,470000000000,36%,739000000000,624,171,normal,4693,7811
1644916429,20220215,7743986580,470000000000,36%,739000000000,423,171,normal,4693,7812
1644917761,20220215,7743986580,470000000000,36%,739000000000,424,171,normal,4693,7813
1644919982,20220215,7743986580,470000000000,36%,739000000000,430,171,normal,4693,7813
1644921454,20220215,7743986580,470000000000,36%,739000000000,431,171,normal,4693,7815
1644923542,20220215,7743986580,470000000000,36%,739000000000,425,171,normal,4694,7814
1644924838,20220215,7743986580,470000000000,36%,739000000000,424,171,normal,4694,7815
1644927515,20220215,7743986580,470000000000,36%,739000000000,424,171,normal,4695,7815
1644931121,20220215,7743986580,470000000000,36%,739000000000,424,171,normal,4696,7815
1644934323,20220215,7743986580,470000000000,36%,739000000000,425,171,normal,4696,7814
1644935939,20220215,7743986580,470000000000,36%,739000000000,425,171,normal,4696,7815
1644938108,20220215,7743986580,470000000000,36%,739000000000,424,171,normal,4696,7816
1644939516,20220215,7743986580,470000000000,36%,739000000000,424,171,normal,4696,7817
1644941791,20220215,7743986580,470000000000,36%,739000000000,424,171,normal,4696,7818
1644943963,20220215,7743986580,470000000000,36%,739000000000,426,171,normal,4696,7818
1644945275,20220215,7743986580,469000000000,37%,739000000000,17,171,normal,4696,7818
1644946645,20220215,7743986580,469000000000,37%,739000000000,16,171,normal,4696,7816
1644948991,20220215,7743986580,469000000000,37%,739000000000,15,171,normal,4696,7815
1644950423,20220215,7743986580,469000000000,37%,739000000000,14,171,normal,4696,7815
1644952118,20220215,7743986580,469000000000,37%,739000000000,140,171,normal,4696,7815
1644953682,20220215,7743986580,469000000000,37%,739000000000,140,171,normal,4696,7816
1644955869,20220215,7743986580,469000000000,37%,739000000000,139,179,normal,4696,7816
1644959354,20220215,7743986580,469000000000,37%,739000000000,139,179,normal,4696,7817
1644972123,20220216,7743986580,469000000000,37%,739000000000,139,179,normal,4696,7817
1644979698,20220216,7743986580,469000000000,37%,739000000000,138,179,normal,4696,7817
1644984832,20220216,7743986580,469000000000,37%,739000000000,136,179,normal,4696,7817
1644986686,20220216,7743986580,469000000000,37%,739000000000,136,179,normal,4696,7818
1644991988,20220216,7743986580,469000000000,37%,739000000000,136,179,normal,4696,7819
1644996823,20220216,7743986580,469000000000,37%,739000000000,136,179,normal,4697,7818
1644999185,20220216,7743986580,469000000000,37%,739000000000,135,179,normal,4697,7818
1645002785,20220216,7743986580,469000000000,37%,739000000000,134,179,normal,4697,7819
1645007923,20220216,7743986580,469000000000,37%,739000000000,132,179,normal,4698,7819
1645009952,20220216,7743986580,469000000000,37%,739000000000,131,179,normal,4699,7819
1645011244,20220216,7743986580,469000000000,37%,739000000000,131,179,normal,4700,7819
1645017219,20220216,7743986580,469000000000,37%,739000000000,130,179,normal,4701,7819
1645018634,20220216,7743986580,469000000000,37%,739000000000,129,179,normal,4701,7820
1645024339,20220216,7743986580,469000000000,37%,739000000000,129,179,normal,4702,7821
1645025927,20220216,7743986580,469000000000,37%,739000000000,128,179,normal,4702,7820
1645032977,20220216,7743986580,469000000000,37%,739000000000,127,179,normal,4702,7820
1645035189,20220216,7743986580,469000000000,37%,739000000000,127,179,normal,4702,7821
1645042261,20220216,7743986580,469000000000,37%,739000000000,127,278,normal,4702,7821
1645047295,20220216,7743986580,469000000000,37%,739000000000,127,278,normal,4702,7820
1645053062,20220216,7743986580,469000000000,37%,739000000000,127,278,normal,4702,7821
1645054615,20220216,7743986580,469000000000,37%,739000000000,127,278,normal,4702,7822
1645058260,20220217,7743986580,469000000000,37%,739000000000,127,278,normal,4702,7822
1645065793,20220217,7743986580,469000000000,37%,739000000000,128,278,normal,4702,7822
1645071236,20220217,7743986580,469000000000,37%,739000000000,127,278,normal,4702,7822
1645074604,20220217,7743986580,469000000000,37%,739000000000,127,278,normal,4702,7823
1645076043,20220217,7743986580,469000000000,37%,739000000000,127,278,normal,4703,7823
1645078440,20220217,7743986580,469000000000,37%,739000000000,127,278,normal,4704,7824
1645081852,20220217,7743986580,469000000000,37%,739000000000,127,278,normal,4704,7825
1645083233,20220217,7743986580,469000000000,37%,739000000000,126,278,normal,4704,7826
1645085559,20220217,7743986580,469000000000,37%,739000000000,126,278,normal,4704,7827
1645090575,20220217,7743986580,469000000000,37%,739000000000,125,278,normal,4704,7826
1645092779,20220217,7743986580,469000000000,37%,739000000000,124,278,normal,4704,7826
1645094562,20220217,7743986580,469000000000,37%,739000000000,124,278,normal,4704,7827
1645097649,20220217,7743986580,469000000000,37%,739000000000,124,278,normal,4704,7828
1645100225,20220217,7743986580,469000000000,37%,739000000000,123,278,normal,4704,7828
1645103854,20220217,7743986580,469000000000,37%,739000000000,124,278,normal,4704,7828
1645107295,20220217,7743986580,469000000000,37%,739000000000,124,278,normal,4705,7828
1645111005,20220217,7743986580,469000000000,37%,739000000000,124,278,normal,4708,7829
1645112615,20220217,7743986580,469000000000,37%,739000000000,124,278,normal,4709,7829
1645114788,20220217,7743986580,469000000000,37%,739000000000,124,278,normal,4709,7830
1645116721,20220217,7743986580,469000000000,37%,739000000000,122,278,normal,4709,7830
1645118203,20220217,7743986580,469000000000,37%,739000000000,122,278,normal,4709,7831
1645124954,20220217,7743986580,469000000000,37%,739000000000,122,278,normal,4709,7830
1645133713,20220217,7743986580,469000000000,37%,739000000000,123,278,normal,4709,7830
1645140914,20220217,7743986580,469000000000,37%,739000000000,123,278,normal,4710,7830
1645145229,20220218,7743986580,469000000000,37%,739000000000,123,278,normal,4710,7831
1645149655,20220218,7743986580,469000000000,37%,739000000000,122,278,normal,4710,7831
1645152511,20220218,7743986580,469000000000,37%,739000000000,122,278,normal,4711,7832
1645153903,20220218,7743986580,469000000000,37%,739000000000,122,278,normal,4712,7833
1645155431,20220218,7743986580,469000000000,37%,739000000000,122,278,normal,4713,7834
1645161022,20220218,7743986580,469000000000,37%,739000000000,122,278,normal,4714,7834
1645162452,20220218,7743986580,469000000000,37%,739000000000,122,278,normal,4715,7834
