data/history/7743986580.csv
time,date,itemid,price,discount,price_before_discount,stock,sold,item_status,cmt_count,liked_count
1646631245,20220307,7743986580,470000000000,36%,739000000000,2332,509,normal,4843,8101
1646633686,20220307,7743986580,470000000000,36%,739000000000,2302,509,normal,4843,8102
1646637118,20220307,7743986580,470000000000,36%,739000000000,2302,509,normal,4844,8101
1646638501,20220307,7743986580,470000000000,36%,739000000000,2272,509,normal,4846,8101
1646641002,20220307,7743986580,470000000000,36%,739000000000,2242,509,normal,4846,8102
1646644369,20220307,7743986580,470000000000,36%,739000000000,2242,509,normal,4847,8103
1646649527,20220307,7743986580,470000000000,36%,739000000000,2241,509,normal,4847,8104
1646652849,20220307,7743986580,470000000000,36%,739000000000,2240,509,normal,4847,8104
1646657698,20220307,7743986580,470000000000,36%,739000000000,2239,509,normal,4847,8104
1646659044,20220307,7743986580,470000000000,36%,739000000000,2239,509,normal,4848,8105
1646660289,20220307,7743986580,470000000000,36%,739000000000,2239,509,normal,4848,8106
1646662299,20220307,7743986580,470000000000,36%,739000000000,2238,509,normal,4849,8106
1646666196,20220307,7743986580,470000000000,36%,739000000000,2237,509,normal,4849,8107
1646670020,20220307,7743986580,470000000000,36%,739000000000,2237,509,normal,4849,8108
1646672390,20220307,7743986580,470000000000,36%,739000000000,2236,509,normal,4849,8109
1646673511,20220307,7743986580,512000000000,31%,739000000000,30,509,normal,4849,8109
1646674674,20220307,7743986580,470000000000,36%,739000000000,2266,509,normal,4849,8109
1646677031,20220307,7743986580,470000000000,36%,739000000000,2266,509,normal,4849,8110
1646680316,20220307,7743986580,470000000000,36%,739000000000,2264,509,normal,4849,8111
1646700318,20220308,7743986580,470000000000,36%,739000000000,2265,509,normal,4849,8110
1646705181,20220308,7743986580,469000000000,37%,739000000000,30,509,normal,4849,8110
1646707746,20220308,7743986580,469000000000,37%,739000000000,28,509,normal,4849,8110
1646709110,20220308,7743986580,469000000000,37%,739000000000,26,509,normal,4849,8110
1646710663,20220308,7743986580,469000000000,37%,739000000000,26,509,normal,4849,8112
1646712895,20220308,7743986580,469000000000,37%,739000000000,25,509,normal,4850,8112
1646716241,20220308,7743986580,470000000000,36%,739000000000,2267,509,normal,4850,8112
1646720054,20220308,7743986580,470000000000,36%,739000000000,2292,509,normal,4851,8113
1646721786,20220308,7743986580,470000000000,36%,739000000000,2291,509,normal,4852,8114
1646727267,20220308,7743986580,470000000000,36%,739000000000,2290,509,normal,4852,8114
1646728812,20220308,7743986580,470000000000,36%,739000000000,2289,509,normal,4852,8114
1646730768,20220308,7743986580,470000000000,36%,739000000000,2270,509,normal,4852,8114
1646739253,20220308,7743986580,470000000000,36%,739000000000,2270,509,normal,4853,8114
1646741944,20220308,7743986580,470000000000,36%,739000000000,2270,509,normal,4853,8113
1646744183,20220308,7743986580,470000000000,36%,739000000000,2270,509,normal,4853,8114
1646750108,20220308,7743986580,470000000000,36%,739000000000,2270,509,normal,4854,8114
1646752615,20220308,7743986580,469000000000,37%,739000000000,26,509,normal,4854,8113
1646756333,20220308,7743986580,469000000000,37%,739000000000,26,509,normal,4855,8113
1646758412,20220308,7743986580,469000000000,37%,739000000000,26,509,normal,4857,8113
1646759610,20220308,7743986580,469000000000,37%,739000000000,20,509,normal,4857,8113
1646761157,20220308,7743986580,469000000000,37%,739000000000,20,509,normal,4857,8114
1646766598,20220308,7743986580,470000000000,36%,739000000000,2317,509,normal,4857,8114
1646779029,20220308,7743986580,470000000000,36%,739000000000,2317,509,normal,4857,8115
1646786810,20220309,7743986580,470000000000,36%,739000000000,2317,509,normal,4857,8116
1646791833,20220309,7743986580,470000000000,36%,739000000000,2317,509,normal,4857,8118
1646794408,20220309,7743986580,470000000000,36%,739000000000,2317,509,normal,4857,8120
1646795539,20220309,7743986580,470000000000,36%,739000000000,2316,509,normal,4857,8120
1646797082,20220309,7743986580,470000000000,36%,739000000000,2316,509,normal,4857,8119
1646799280,20220309,7743986580,470000000000,36%,739000000000,2318,509,normal,4858,8120
1646801113,20220309,7743986580,470000000000,36%,739000000000,2317,509,normal,4858,8120
1646802694,20220309,7743986580,470000000000,36%,739000000000,2317,509,normal,4860,8122
1646804074,20220309,7743986580,470000000000,36%,739000000000,2317,509,normal,4860,8123
1646806472,20220309,7743986580,470000000000,36%,739000000000,2317,509,normal,4860,8124
1646808192,20220309,7743986580,470000000000,36%,739000000000,2291,509,normal,4860,8125
1646809883,20220309,7743986580,470000000000,36%,739000000000,2290,509,normal,4860,8125
1646815295,20220309,7743986580,470000000000,36%,739000000000,2290,509,normal,4860,8126
1646817343,20220309,7743986580,470000000000,36%,739000000000,2260,509,normal,4860,8127
1646818653,20220309,7743986580,470000000000,36%,739000000000,2260,509,normal,4860,8135
1646821054,20220309,7743986580,470000000000,36%,739000000000,2260,509,normal,4860,8137
1646822554,20220309,7743986580,470000000000,36%,739000000000,2260,509,normal,4860,8138
1646824471,20220309,7743986580,470000000000,36%,739000000000,2260,509,normal,4860,8140
1646828614,20220309,7743986580,470000000000,36%,739000000000,2259,509,normal,4860,8143
1646830811,20220309,7743986580,470000000000,36%,739000000000,2258,509,normal,4861,8143
1646831843,20220309,7743986580,470000000000,36%,739000000000,2258,509,normal,4861,8144
1646835345,20220309,7743986580,470000000000,36%,739000000000,2258,509,normal,4862,8145
1646840618,20220309,7743986580,470000000000,36%,739000000000,2258,509,normal,4862,8146
1646842633,20220309,7743986580,470000000000,36%,739000000000,2258,509,normal,4862,8147
1646844787,20220309,7743986580,470000000000,36%,739000000000,2256,509,normal,4862,8149
1646846254,20220309,7743986580,470000000000,36%,739000000000,2257,509,normal,4862,8151
1646873451,20220310,7743986580,470000000000,36%,739000000000,2257,509,normal,4862,8152
1646878625,20220310,7743986580,469000000000,37%,739000000000,29,509,normal,4862,8155
1646881205,20220310,7743986580,469000000000,37%,739000000000,29,509,normal,4863,8156
1646882785,20220310,7743986580,469000000000,37%,739000000000,28,509,normal,4863,8155
1646887542,20220310,7743986580,469000000000,37%,739000000000,27,509,normal,4863,8155
1646889055,20220310,7743986580,470000000000,36%,739000000000,2475,509,normal,4863,8155
1646890450,20220310,7743986580,470000000000,36%,739000000000,2485,509,normal,4863,8155
1646892849,20220310,7743986580,470000000000,36%,739000000000,2485,509,normal,4863,8156
1646894591,20220310,7743986580,470000000000,36%,739000000000,2485,509,normal,4863,8157
1646900048,20220310,7743986580,470000000000,36%,739000000000,2457,509,normal,4863,8157
1646901593,20220310,7743986580,470000000000,36%,739000000000,2457,509,normal,4863,8164
1646905047,20220310,7743986580,470000000000,36%,739000000000,2427,509,normal,4863,8164
1646907453,20220310,7743986580,470000000000,36%,739000000000,2427,509,normal,4864,8165
1646908918,20220310,7743986580,470000000000,36%,739000000000,2427,509,normal,4864,8164
1646914781,20220310,7743986580,470000000000,36%,739000000000,2427,509,normal,4864,8163
1646917032,20220310,7743986580,470000000000,36%,739000000000,2427,509,normal,4864,8164
1646919727,20220310,7743986580,470000000000,36%,739000000000,2426,509,normal,4864,8164
1646921737,20220310,7743986580,470000000000,36%,739000000000,2426,509,normal,4864,8165
1646925458,20220310,7743986580,470000000000,36%,739000000000,2425,509,normal,4864,8165
1646927101,20220310,7743986580,470000000000,36%,739000000000,2424,509,normal,4865,8166
1646931463,20220310,7743986580,470000000000,36%,739000000000,2424,509,normal,4865,8167
1646932444,20220310,7743986580,470000000000,36%,739000000000,2424,509,normal,4865,8168
1646951826,20220310,7743986580,470000000000,36%,739000000000,2424,509,normal,4865,8169
1646959909,20220311,7743986580,470000000000,36%,739000000000,2424,509,normal,4865,8169
1646964780,20220311,7743986580,470000000000,36%,739000000000,2424,509,normal,4866,8169
1646967331,20220311,7743986580,470000000000,36%,739000000000,2425,509,normal,4866,8170
1646968406,20220311,7743986580,470000000000,36%,739000000000,2425,509,normal,4866,8172
1646969884,20220311,7743986580,470000000000,36%,739000000000,2425,509,normal,4866,8173
1646972134,20220311,7743986580,470000000000,36%,739000000000,2425,509,normal,4866,8174
1646973979,20220311,7743986580,470000000000,36%,739000000000,2425,509,normal,4866,8175
1646975443,20220311,7743986580,469000000000,37%,739000000000,29,509,normal,4866,8176
1646976845,20220311,7743986580,469000000000,37%,739000000000,29,509,normal,4866,8177
1646979321,20220311,7743986580,470000000000,36%,739000000000,2400,509,normal,4866,8177
1646981020,20220311,7743986580,470000000000,36%,739000000000,2400,509,normal,4867,8177
1646986457,20220311,7743986580,470000000000,36%,739000000000,2400,509,normal,4867,8179
1646990188,20220311,7743986580,470000000000,36%,739000000000,2399,509,normal,4867,8179
1646993860,20220311,7743986580,470000000000,36%,739000000000,2398,509,normal,4867,8180
1646997000,20220311,7743986580,470000000000,36%,739000000000,2398,509,normal,4868,8180
1646998460,20220311,7743986580,470000000000,36%,739000000000,2398,509,normal,4868,8179
1647003295,20220311,7743986580,470000000000,36%,739000000000,2398,509,normal,4869,8181
1647004646,20220311,7743986580,470000000000,36%,739000000000,2398,509,normal,4870,8181
1647008135,20220311,7743986580,470000000000,36%,739000000000,2397,509,normal,4870,8182
1647011799,20220311,7743986580,470000000000,36%,739000000000,2398,509,normal,4870,8182
1647015692,20220311,7743986580,470000000000,36%,739000000000,2398,509,normal,4871,8182
1647020233,20220311,7743986580,470000000000,36%,739000000000,2398,509,normal,4871,8183
1647022416,20220311,7743986580,470000000000,36%,739000000000,2398,509,normal,4871,8184
1647045858,20220312,7743986580,470000000000,36%,739000000000,2398,509,normal,4871,8185
1647052467,20220312,7743986580,470000000000,36%,739000000000,2398,509,normal,4871,8186
1647056256,20220312,7743986580,470000000000,36%,739000000000,2398,509,normal,4871,8187
1647058509,20220312,7743986580,470000000000,36%,739000000000,2399,509,normal,4871,8188
1647061808,20220312,7743986580,470000000000,36%,739000000000,2398,509,normal,4871,8188
1647067348,20220312,7743986580,470000000000,36%,739000000000,2397,509,normal,4872,8189
1647069048,20220312,7743986580,470000000000,36%,739000000000,2397,509,normal,4873,8190
1647072812,20220312,7743986580,470000000000,36%,739000000000,2397,509,normal,4874,8189
1647076302,20220312,7743986580,470000000000,36%,739000000000,2397,509,normal,4874,8188
1647077744,20220312,7743986580,470000000000,36%,739000000000,2397,509,normal,4874,8189
1647079936,20220312,7743986580,470000000000,36%,739000000000,2397,509,normal,4874,8188
1647081457,20220312,7743986580,470000000000,36%,739000000000,2396,509,normal,4874,8188
1647083379,20220312,7743986580,470000000000,36%,739000000000,2395,509,normal,4874,8189
1647094187,20220312,7743986580,470000000000,36%,739000000000,2395,509,normal,4874,8188
1647095708,20220312,7743986580,470000000000,36%,739000000000,2395,509,normal,4875,8189
1647097884,20220312,7743986580,469000000000,37%,739000000000,30,509,normal,4876,8190
1647099484,20220312,7743986580,469000000000,37%,739000000000,30,509,normal,4876,8191
1647101697,20220312,7743986580,469000000000,37%,739000000000,30,509,normal,4876,8192
1647103826,20220312,7743986580,469000000000,37%,739000000000,29,509,normal,4876,8193
1647105061,20220312,7743986580,469000000000,37%,739000000000,30,509,normal,4876,8193
1647106532,20220312,7743986580,470000000000,36%,739000000000,2452,509,normal,4876,8193
1647108783,20220312,7743986580,470000000000,36%,739000000000,2452,509,normal,4876,8194
1647110425,20220312,7743986580,470000000000,36%,739000000000,2452,509,normal,4876,8195
1647113666,20220312,7743986580,470000000000,36%,739000000000,2452,509,normal,4877,8195
1647132335,20220313,7743986580,470000000000,36%,739000000000,2452,509,normal,4877,8196
1647136910,20220313,7743986580,470000000000,36%,739000000000,2452,509,normal,4878,8196
1647139693,20220313,7743986580,470000000000,36%,739000000000,2452,509,normal,4878,8194
1647142692,20220313,7743986580,470000000000,36%,739000000000,2452,509,normal,4879,8194
1647148464,20220313,7743986580,469000000000,37%,739000000000,30,509,normal,4879,8194
1647152225,20220313,7743986580,470000000000,36%,739000000000,2483,509,normal,4879,8194
1647159194,20220313,7743986580,470000000000,36%,739000000000,2483,509,normal,4879,8196
1647167838,20220313,7743986580,470000000000,36%,739000000000,2484,509,normal,4879,8196
1647171320,20220313,7743986580,470000000000,36%,739000000000,2483,509,normal,4879,8197
1647173877,20220313,7743986580,470000000000,36%,739000000000,2483,509,normal,4879,8198
1647175974,20220313,7743986580,470000000000,36%,739000000000,2483,509,normal,4880,8198
1647180652,20220313,7743986580,470000000000,36%,739000000000,2483,509,normal,4881,8199
1647182112,20220313,7743986580,470000000000,36%,739000000000,2483,509,normal,4881,8198
1647185894,20220313,7743986580,470000000000,36%,739000000000,2482,509,normal,4881,8198
1647188150,20220313,7743986580,470000000000,36%,739000000000,2482,509,normal,4881,8199
1647196813,20220313,7743986580,470000000000,36%,739000000000,2482,509,normal,4881,8201
1647198541,20220313,7743986580,470000000000,36%,739000000000,2482,509,normal,4881,8202
1647214592,20220313,7743986580,470000000000,36%,739000000000,2483,509,normal,4881,8202
1647219005,20220314,7743986580,470000000000,36%,739000000000,2483,509,normal,4881,8203
1647223800,20220314,7743986580,470000000000,36%,739000000000,2483,509,normal,4881,8202
1647226402,20220314,7743986580,470000000000,36%,739000000000,2483,509,normal,4881,8203
1647227628,20220314,7743986580,470000000000,36%,739000000000,2483,509,normal,4881,8204
1647229254,20220314,7743986580,470000000000,36%,739000000000,2485,509,normal,4881,8204
1647231459,20220314,7743986580,470000000000,36%,739000000000,2485,509,normal,4881,8205
1647240251,20220314,7743986580,470000000000,36%,739000000000,2485,509,normal,4881,8206
1647241907,20220314,7743986580,470000000000,36%,739000000000,2485,509,normal,4882,8207
1647249400,20220314,7743986580,470000000000,36%,739000000000,2085,509,normal,4883,8207
1647250662,20220314,7743986580,470000000000,36%,739000000000,1685,509,normal,4883,8207
1647252834,20220314,7743986580,470000000000,36%,739000000000,1185,509,normal,4883,8208
1647254526,20220314,7743986580,470000000000,36%,739000000000,1035,509,normal,4883,8207
1647256329,20220314,7743986580,470000000000,36%,739000000000,885,509,normal,4883,8206
1647257821,20220314,7743986580,470000000000,36%,739000000000,885,509,normal,4883,8207
1647262698,20220314,7743986580,470000000000,36%,739000000000,885,509,normal,4883,8208
1647264155,20220314,7743986580,470000000000,36%,739000000000,885,509,normal,4883,8209
1647267414,20220314,7743986580,470000000000,36%,739000000000,885,509,normal,4883,8213
1647271030,20220314,7743986580,470000000000,36%,739000000000,885,509,normal,4884,8214
1647272609,20220314,7743986580,470000000000,36%,739000000000,885,509,normal,4884,8216
1647274833,20220314,7743986580,470000000000,36%,739000000000,883,509,normal,4884,8216
1647276818,20220314,7743986580,470000000000,36%,739000000000,884,509,normal,4884,8219
1647278056,20220314,7743986580,459000000000,38%,739000000000,274,509,normal,4884,8221
1647279701,20220314,7743986580,459000000000,38%,739000000000,175,509,normal,4884,8224
1647281921,20220314,7743986580,459000000000,38%,739000000000,1294,509,normal,4884,8220
1647283241,20220314,7743986580,459000000000,38%,739000000000,1284,509,normal,4884,8219
1647285089,20220314,7743986580,459000000000,38%,739000000000,1280,509,normal,4884,8218
1647286573,20220314,7743986580,459000000000,38%,739000000000,1284,509,normal,4884,8218
1647288793,20220314,7743986580,459000000000,38%,739000000000,1283,509,normal,4884,8218
1647292534,20220314,7743986580,459000000000,38%,739000000000,1280,509,normal,4884,8218
1647293744,20220314,7743986580,459000000000,38%,739000000000,1287,509,normal,4884,8218
1647295913,20220314,7743986580,459000000000,38%,739000000000,1296,509,normal,4884,8218
1647297428,20220314,7743986580,459000000000,38%,739000000000,1293,509,normal,4884,8219
1647301015,20220314,7743986580,459000000000,38%,739000000000,1296,509,normal,4885,8219
1647305447,20220315,7743986580,459000000000,38%,739000000000,1286,509,normal,4886,8220
1647310383,20220315,7743986580,459000000000,38%,739000000000,187,509,normal,4886,8228
1647312872,20220315,7743986580,459000000000,38%,739000000000,190,509,normal,4886,8228
1647314003,20220315,7743986580,459000000000,38%,739000000000,1644,509,normal,4886,8229
1647315527,20220315,7743986580,459000000000,38%,739000000000,1638,509,normal,4886,8230
1647317716,20220315,7743986580,459000000000,38%,739000000000,1629,509,normal,4887,8230
1647319562,20220315,7743986580,459000000000,38%,739000000000,1626,509,normal,4887,8230
1647321089,20220315,7743986580,459000000000,38%,739000000000,143,509,normal,4887,8229
1647322490,20220315,7743986580,459000000000,38%,739000000000,145,509,normal,4887,8232
1647324876,20220315,7743986580,459000000000,38%,739000000000,1915,509,normal,4887,8232
1647326617,20220315,7743986580,459000000000,38%,739000000000,1908,509,normal,4887,8232
1647328323,20220315,7743986580,459000000000,38%,739000000000,1902,509,normal,4887,8233
1647329708,20220315,7743986580,459000000000,38%,739000000000,1904,509,normal,4887,8233
1647332101,20220315,7743986580,459000000000,38%,739000000000,1842,509,normal,4887,8233
1647333760,20220315,7743986580,459000000000,38%,739000000000,1831,509,normal,4888,8233
1647335643,20220315,7743986580,459000000000,38%,739000000000,1804,509,normal,4888,8233
1647337045,20220315,7743986580,459000000000,38%,739000000000,1797,509,normal,4888,8233
