data/history/7743986580.csv
time,date,itemid,price,discount,price_before_discount,stock,sold,item_status,cmt_count,liked_count
1647339212,20220315,7743986580,470000000000,36%,739000000000,1792,509,normal,4888,8245
1647340993,20220315,7743986580,459000000000,38%,739000000000,498,509,normal,4888,8249
1647342635,20220315,7743986580,459000000000,38%,739000000000,145,509,normal,4888,8252
1647344234,20220315,7743986580,459000000000,38%,739000000000,135,509,normal,4889,8260
1647347000,20220315,7743986580,459000000000,38%,739000000000,129,509,normal,4889,8263
1647349026,20220315,7743986580,459000000000,38%,739000000000,120,509,normal,4889,8266
1647350803,20220315,7743986580,459000000000,38%,739000000000,114,509,normal,4889,8273
1647351801,20220315,7743986580,459000000000,38%,739000000000,112,509,normal,4889,8274
1647353595,20220315,7743986580,459000000000,38%,739000000000,147,509,normal,4889,8279
1647355244,20220315,7743986580,459000000000,38%,739000000000,496,509,normal,4889,8281
1647357398,20220315,7743986580,459000000000,38%,739000000000,489,509,normal,4890,8283
1647358953,20220315,7743986580,459000000000,38%,739000000000,486,509,normal,4890,8285
1647361301,20220315,7743986580,459000000000,38%,739000000000,474,509,normal,4890,8287
1647363187,20220315,7743986580,459000000000,38%,739000000000,464,509,normal,4890,8289
1647364410,20220315,7743986580,470000000000,36%,739000000000,2048,509,normal,4890,8291
1647365856,20220315,7743986580,470000000000,36%,739000000000,2053,509,normal,4890,8292
1647368321,20220315,7743986580,470000000000,36%,739000000000,2057,509,normal,4890,8292
1647369733,20220315,7743986580,470000000000,36%,739000000000,2056,509,normal,4890,8292
1647371555,20220315,7743986580,469000000000,37%,739000000000,30,509,normal,4890,8292
1647375394,20220315,7743986580,469000000000,37%,739000000000,30,509,normal,4890,8293
1647378583,20220315,7743986580,470000000000,36%,739000000000,2088,509,normal,4890,8294
1647380036,20220315,7743986580,470000000000,36%,739000000000,2090,509,normal,4890,8294
1647382371,20220315,7743986580,470000000000,36%,739000000000,2099,509,normal,4890,8294
1647383861,20220315,7743986580,470000000000,36%,739000000000,2100,509,normal,4890,8294
1647385927,20220315,7743986580,469000000000,37%,739000000000,30,509,normal,4890,8294
1647391894,20220316,7743986580,469000000000,37%,739000000000,27,509,normal,4890,8294
1647397089,20220316,7743986580,470000000000,36%,739000000000,2145,509,normal,4890,8299
1647399539,20220316,7743986580,470000000000,36%,739000000000,2146,509,normal,4891,8299
1647400985,20220316,7743986580,470000000000,36%,739000000000,2147,509,normal,4892,8299
1647402016,20220316,7743986580,470000000000,36%,739000000000,2148,509,normal,4892,8299
1647404064,20220316,7743986580,470000000000,36%,739000000000,2147,509,normal,4892,8302
1647407477,20220316,7743986580,470000000000,36%,739000000000,2147,509,normal,4892,8301
1647408856,20220316,7743986580,470000000000,36%,739000000000,2149,509,normal,4892,8304
1647411261,20220316,7743986580,470000000000,36%,739000000000,2148,509,normal,4892,8305
1647413016,20220316,7743986580,470000000000,36%,739000000000,2148,509,normal,4892,8306
1647414727,20220316,7743986580,470000000000,36%,739000000000,2148,509,normal,4892,8308
1647416098,20220316,7743986580,470000000000,36%,739000000000,2148,509,normal,4892,8309
1647418442,20220316,7743986580,470000000000,36%,739000000000,2087,509,normal,4892,8308
1647419974,20220316,7743986580,470000000000,36%,739000000000,2087,509,normal,4892,8307
1647422232,20220316,7743986580,470000000000,36%,739000000000,2090,509,normal,4892,8308
1647423423,20220316,7743986580,470000000000,36%,739000000000,2090,509,normal,4892,8309
1647425827,20220316,7743986580,470000000000,36%,739000000000,2090,509,normal,4892,8310
1647427358,20220316,7743986580,470000000000,36%,739000000000,2090,509,normal,4892,8311
1647429225,20220316,7743986580,470000000000,36%,739000000000,2090,509,normal,4893,8311
1647430680,20220316,7743986580,470000000000,36%,739000000000,2091,509,normal,4893,8311
1647433401,20220316,7743986580,470000000000,36%,739000000000,2091,509,normal,4893,8312
1647435589,20220316,7743986580,470000000000,36%,739000000000,2091,509,normal,4893,8314
1647436933,20220316,7743986580,470000000000,36%,739000000000,2090,509,normal,4893,8313
1647440141,20220316,7743986580,470000000000,36%,739000000000,2090,509,normal,4893,8315
1647443793,20220316,7743986580,469000000000,37%,739000000000,29,509,normal,4893,8315
1647445480,20220316,7743986580,469000000000,37%,739000000000,29,509,normal,4893,8314
1647449551,20220316,7743986580,469000000000,37%,739000000000,29,509,normal,4893,8315
1647450848,20220316,7743986580,492000000000,33%,739000000000,30,509,normal,4893,8315
1647454449,20220316,7743986580,492000000000,33%,739000000000,30,509,normal,4893,8316
1647457775,20220316,7743986580,470000000000,36%,739000000000,2149,509,normal,4893,8316
1647463125,20220316,7743986580,470000000000,36%,739000000000,2149,688,normal,4893,8316
1647470115,20220316,7743986580,470000000000,36%,739000000000,2149,688,normal,4893,8318
1647478173,20220317,7743986580,470000000000,36%,739000000000,2149,688,normal,4893,8318
1647483208,20220317,7743986580,470000000000,36%,739000000000,2149,688,normal,4893,8319
1647488303,20220317,7743986580,470000000000,36%,739000000000,2149,688,normal,4893,8320
1647490521,20220317,7743986580,470000000000,36%,739000000000,2149,688,normal,4894,8320
1647492333,20220317,7743986580,470000000000,36%,739000000000,2149,688,normal,4894,8321
1647497696,20220317,7743986580,470000000000,36%,739000000000,2149,688,normal,4895,8321
1647499411,20220317,7743986580,470000000000,36%,739000000000,2149,688,normal,4895,8322
1647501092,20220317,7743986580,470000000000,36%,739000000000,2149,688,normal,4895,8321
1647504881,20220317,7743986580,470000000000,36%,739000000000,2149,688,normal,4896,8322
1647508591,20220317,7743986580,470000000000,36%,739000000000,2149,688,normal,4898,8322
1647510097,20220317,7743986580,470000000000,36%,739000000000,2119,688,normal,4899,8322
1647512252,20220317,7743986580,492000000000,33%,739000000000,30,688,normal,4899,8322
1647513938,20220317,7743986580,492000000000,33%,739000000000,30,688,normal,4900,8322
1647515522,20220317,7743986580,492000000000,33%,739000000000,30,688,normal,4901,8322
1647517006,20220317,7743986580,492000000000,33%,739000000000,30,688,normal,4902,8322
1647519629,20220317,7743986580,470000000000,36%,739000000000,2149,688,normal,4903,8322
1647522151,20220317,7743986580,470000000000,36%,739000000000,2148,688,normal,4903,8323
1647523658,20220317,7743986580,470000000000,36%,739000000000,2148,688,normal,4903,8324
1647526835,20220317,7743986580,470000000000,36%,739000000000,2148,688,normal,4903,8323
1647532242,20220317,7743986580,470000000000,36%,739000000000,2148,688,normal,4907,8323
1647533889,20220317,7743986580,470000000000,36%,739000000000,2148,688,normal,4908,8323
1647537218,20220317,7743986580,470000000000,36%,739000000000,2148,688,normal,4909,8323
1647538660,20220317,7743986580,470000000000,36%,739000000000,2148,688,normal,4910,8323
1647564486,20220318,7743986580,470000000000,36%,739000000000,2148,688,normal,4910,8323
1647569868,20220318,7743986580,470000000000,36%,739000000000,2147,688,normal,4910,8324
1647574806,20220318,7743986580,470000000000,36%,739000000000,2147,688,normal,4911,8324
1647576881,20220318,7743986580,470000000000,36%,739000000000,2147,688,normal,4912,8324
1647577794,20220318,7743986580,470000000000,36%,739000000000,2148,688,normal,4914,8324
1647584065,20220318,7743986580,470000000000,36%,739000000000,2147,688,normal,4916,8326
1647585801,20220318,7743986580,470000000000,36%,739000000000,2146,688,normal,4916,8326
1647587484,20220318,7743986580,470000000000,36%,739000000000,2146,688,normal,4917,8326
1647588891,20220318,7743986580,470000000000,36%,739000000000,2146,688,normal,4918,8326
1647592794,20220318,7743986580,470000000000,36%,739000000000,2146,688,normal,4919,8326
1647594720,20220318,7743986580,470000000000,36%,739000000000,2146,688,normal,4920,8326
1647596208,20220318,7743986580,470000000000,36%,739000000000,2146,688,normal,4921,8326
1647598635,20220318,7743986580,470000000000,36%,739000000000,2146,688,normal,4922,8326
1647600137,20220318,7743986580,470000000000,36%,739000000000,2146,688,normal,4923,8326
1647601897,20220318,7743986580,470000000000,36%,739000000000,2146,688,normal,4923,8327
1647605955,20220318,7743986580,470000000000,36%,739000000000,2145,688,normal,4923,8327
1647608125,20220318,7743986580,470000000000,36%,739000000000,2145,688,normal,4924,8327
1647612802,20220318,7743986580,470000000000,36%,739000000000,2145,688,normal,4924,8328
1647616598,20220318,7743986580,470000000000,36%,739000000000,2145,688,normal,4924,8327
1647620241,20220318,7743986580,470000000000,36%,739000000000,2144,688,normal,4924,8326
1647622644,20220318,7743986580,470000000000,36%,739000000000,2145,688,normal,4924,8326
1647627230,20220318,7743986580,470000000000,36%,739000000000,2145,688,normal,4924,8325
1647632069,20220318,7743986580,470000000000,36%,739000000000,2145,688,normal,4924,8326
1647637863,20220318,7743986580,470000000000,36%,739000000000,2145,688,normal,4924,8325
1647650726,20220319,7743986580,470000000000,36%,739000000000,2145,688,normal,4924,8324
1647655637,20220319,7743986580,470000000000,36%,739000000000,2145,688,normal,4925,8324
1647658261,20220319,7743986580,470000000000,36%,739000000000,2145,688,normal,4926,8324
1647659492,20220319,7743986580,470000000000,36%,739000000000,2145,688,normal,4927,8324
1647661043,20220319,7743986580,470000000000,36%,739000000000,2144,688,normal,4927,8325
1647663252,20220319,7743986580,470000000000,36%,739000000000,2144,688,normal,4927,8324
1647670422,20220319,7743986580,470000000000,36%,739000000000,2144,688,normal,4927,8325
1647675232,20220319,7743986580,470000000000,36%,739000000000,2145,688,normal,4927,8325
1647679130,20220319,7743986580,470000000000,36%,739000000000,2145,688,normal,4928,8324
1647684743,20220319,7743986580,470000000000,36%,739000000000,2145,688,normal,4928,8325
1647686267,20220319,7743986580,470000000000,36%,739000000000,2145,688,normal,4929,8325
1647692324,20220319,7743986580,465000000000,37%,739000000000,30,688,normal,4929,8326
1647694408,20220319,7743986580,465000000000,37%,739000000000,28,688,normal,4930,8327
1647695743,20220319,7743986580,465000000000,37%,739000000000,28,688,normal,4930,8328
1647696970,20220319,7743986580,465000000000,37%,739000000000,28,688,normal,4931,8328
1647699100,20220319,7743986580,470000000000,36%,739000000000,2173,688,normal,4931,8330
1647702714,20220319,7743986580,470000000000,36%,739000000000,2173,688,normal,4932,8330
1647711341,20220319,7743986580,470000000000,36%,739000000000,2172,688,normal,4932,8331
1647715238,20220319,7743986580,470000000000,36%,739000000000,2172,688,normal,4933,8332
1647737334,20220320,7743986580,470000000000,36%,739000000000,2172,688,normal,4934,8332
1647742233,20220320,7743986580,470000000000,36%,739000000000,2172,688,normal,4935,8332
1647749697,20220320,7743986580,470000000000,36%,739000000000,2172,688,normal,4935,8334
1647756825,20220320,7743986580,470000000000,36%,739000000000,2172,688,normal,4936,8334
1647758547,20220320,7743986580,470000000000,36%,739000000000,2172,688,normal,4937,8334
1647760256,20220320,7743986580,470000000000,36%,739000000000,2171,688,normal,4937,8334
1647763994,20220320,7743986580,470000000000,36%,739000000000,2169,688,normal,4937,8335
1647765514,20220320,7743986580,470000000000,36%,739000000000,2169,688,normal,4938,8335
1647767514,20220320,7743986580,470000000000,36%,739000000000,2169,688,normal,4939,8335
1647778678,20220320,7743986580,470000000000,36%,739000000000,2169,688,normal,4941,8336
1647790741,20220320,7743986580,470000000000,36%,739000000000,2169,688,normal,4942,8336
1647792884,20220320,7743986580,470000000000,36%,739000000000,2168,688,normal,4942,8338
1647795021,20220320,7743986580,470000000000,36%,739000000000,2169,688,normal,4942,8338
1647796266,20220320,7743986580,470000000000,36%,739000000000,2168,688,normal,4942,8339
1647797756,20220320,7743986580,470000000000,36%,739000000000,2167,688,normal,4942,8339
1647807107,20220320,7743986580,470000000000,36%,739000000000,2166,688,normal,4942,8339
1647815799,20220320,7743986580,470000000000,36%,739000000000,2166,688,normal,4942,8340
1647823761,20220321,7743986580,470000000000,36%,739000000000,2166,688,normal,4942,8341
1647829462,20220321,7743986580,470000000000,36%,739000000000,2164,688,normal,4942,8342
1647831897,20220321,7743986580,470000000000,36%,739000000000,2164,688,normal,4943,8341
1647836095,20220321,7743986580,470000000000,36%,739000000000,2164,688,normal,4945,8341
1647837942,20220321,7743986580,470000000000,36%,739000000000,2165,688,normal,4945,8341
1647839473,20220321,7743986580,470000000000,36%,739000000000,2165,688,normal,4945,8342
1647840867,20220321,7743986580,470000000000,36%,739000000000,2166,688,normal,4945,8342
1647843315,20220321,7743986580,470000000000,36%,739000000000,2166,688,normal,4946,8343
1647850532,20220321,7743986580,470000000000,36%,739000000000,2166,688,normal,4947,8343
1647852116,20220321,7743986580,470000000000,36%,739000000000,2137,688,normal,4947,8343
1647853948,20220321,7743986580,470000000000,36%,739000000000,2138,688,normal,4949,8343
1647857862,20220321,7743986580,470000000000,36%,739000000000,2138,688,normal,4949,8344
1647859485,20220321,7743986580,470000000000,36%,739000000000,2138,688,normal,4949,8343
1647862630,20220321,7743986580,470000000000,36%,739000000000,2138,688,normal,4949,8344
1647867735,20220321,7743986580,470000000000,36%,739000000000,2138,688,normal,4949,8345
1647872132,20220321,7743986580,470000000000,36%,739000000000,2137,688,normal,4949,8345
1647875860,20220321,7743986580,470000000000,36%,739000000000,2137,688,normal,4949,8346
1647877539,20220321,7743986580,470000000000,36%,739000000000,2136,688,normal,4949,8346
1647884260,20220321,7743986580,470000000000,36%,739000000000,2135,688,normal,4949,8345
1647886822,20220321,7743986580,470000000000,36%,739000000000,2135,688,normal,4949,8346
1647888458,20220321,7743986580,470000000000,36%,739000000000,2135,688,normal,4950,8345
1647891419,20220321,7743986580,470000000000,36%,739000000000,2135,688,normal,4951,8345
1647910243,20220322,7743986580,470000000000,36%,739000000000,2134,688,normal,4951,8345
1647915846,20220322,7743986580,470000000000,36%,739000000000,2134,688,normal,4952,8346
1647918379,20220322,7743986580,470000000000,36%,739000000000,2134,688,normal,4954,8346
1647920684,20220322,7743986580,470000000000,36%,739000000000,2134,688,normal,4955,8346
1647929677,20220322,7743986580,470000000000,36%,739000000000,2134,688,normal,4955,8347
1647934504,20220322,7743986580,470000000000,36%,739000000000,2134,688,normal,4955,8348
1647940353,20220322,7743986580,470000000000,36%,739000000000,2134,688,normal,4955,8349
1647941826,20220322,7743986580,470000000000,36%,739000000000,2044,688,normal,4955,8349
1647943971,20220322,7743986580,459000000000,38%,739000000000,27,688,normal,4955,8349
1647945541,20220322,7743986580,459000000000,38%,739000000000,25,688,normal,4955,8349
1647947583,20220322,7743986580,459000000000,38%,739000000000,22,688,normal,4955,8349
1647949021,20220322,7743986580,459000000000,38%,739000000000,22,688,normal,4955,8350
1647951724,20220322,7743986580,470000000000,36%,739000000000,1974,688,normal,4955,8351
1647954218,20220322,7743986580,470000000000,36%,739000000000,1974,688,normal,4955,8352
1647956693,20220322,7743986580,470000000000,36%,739000000000,1974,688,normal,4955,8351
1647962073,20220322,7743986580,470000000000,36%,739000000000,1977,688,normal,4955,8351
1647966178,20220322,7743986580,470000000000,36%,739000000000,1977,688,normal,4955,8352
1647968427,20220322,7743986580,470000000000,36%,739000000000,1977,688,normal,4956,8352
1647977762,20220322,7743986580,470000000000,36%,739000000000,1977,688,normal,4957,8352
1647983422,20220322,7743986580,532000000000,28%,739000000000,90,688,normal,4957,8352
1647990736,20220322,7743986580,470000000000,36%,739000000000,2067,688,normal,4957,8352
1647996994,20220323,7743986580,470000000000,36%,739000000000,2067,688,normal,4957,8353
1648002513,20220323,7743986580,470000000000,36%,739000000000,2070,688,normal,4957,8353
1648005009,20220323,7743986580,470000000000,36%,739000000000,2070,688,normal,4958,8353
1648007253,20220323,7743986580,470000000000,36%,739000000000,2069,688,normal,4958,8353
1648010722,20220323,7743986580,470000000000,36%,739000000000,2069,688,normal,4959,8354
1648013683,20220323,7743986580,470000000000,36%,739000000000,2068,688,normal,4961,8354
1648016115,20220323,7743986580,470000000000,36%,739000000000,2068,688,normal,4962,8354
1648020966,20220323,7743986580,470000000000,36%,739000000000,2068,688,normal,4963,8354
1648023503,20220323,7743986580,470000000000,36%,739000000000,2008,688,normal,4963,8354
1648025232,20220323,7743986580,470000000000,36%,739000000000,2008,688,normal,4963,8355
1648032288,20220323,7743986580,470000000000,36%,739000000000,2007,688,normal,4963,8355
1648038378,20220323,7743986580,470000000000,36%,739000000000,2007,688,normal,4964,8355
1648040684,20220323,7743986580,532000000000,28%,739000000000,90,688,normal,4964,8356
1648048360,20220323,7743986580,470000000000,36%,739000000000,2097,688,normal,4965,8356
1648049994,20220323,7743986580,470000000000,36%,739000000000,2095,688,normal,4965,8356
1648054349,20220323,7743986580,470000000000,36%,739000000000,2095,688,normal,4965,8357
1648055619,20220323,7743986580,469000000000,37%,739000000000,60,688,normal,4965,8357
1648059515,20220323,7743986580,469000000000,37%,739000000000,60,688,normal,4966,8358
1648061107,20220323,7743986580,469000000000,37%,739000000000,60,688,normal,4966,8359
1648062879,20220323,7743986580,470000000000,36%,739000000000,2155,688,normal,4966,8359
1648066366,20220323,7743986580,470000000000,36%,739000000000,2157,688,normal,4966,8359
1648083096,20220324,7743986580,470000000000,36%,739000000000,2156,688,normal,4966,8359
1648088525,20220324,7743986580,470000000000,36%,739000000000,2155,688,normal,4966,8360
