data/history/7743986580.csv
time,date,itemid,price,discount,price_before_discount,stock,sold,item_status,cmt_count,liked_count
1648093357,20220324,7743986580,470000000000,36%,739000000000,2155,688,normal,4967,8361
1648097167,20220324,7743986580,470000000000,36%,739000000000,2155,688,normal,4968,8361
1648098656,20220324,7743986580,470000000000,36%,739000000000,2154,688,normal,4968,8361
1648100083,20220324,7743986580,470000000000,36%,739000000000,2124,688,normal,4968,8361
1648102504,20220324,7743986580,470000000000,36%,739000000000,1374,688,normal,4969,8361
1648109679,20220324,7743986580,470000000000,36%,739000000000,1173,688,normal,4969,8361
1648114899,20220324,7743986580,470000000000,36%,739000000000,1113,688,normal,4969,8361
1648128411,20220324,7743986580,470000000000,36%,739000000000,1113,688,normal,4970,8361
1648131401,20220324,7743986580,470000000000,36%,739000000000,1113,688,normal,4970,8362
1648135060,20220324,7743986580,470000000000,36%,739000000000,1112,688,normal,4970,8362
1648136410,20220324,7743986580,470000000000,36%,739000000000,1112,688,normal,4970,8363
1648138567,20220324,7743986580,470000000000,36%,739000000000,1112,688,normal,4970,8364
1648140804,20220324,7743986580,470000000000,36%,739000000000,1111,688,normal,4971,8366
1648142917,20220324,7743986580,459000000000,38%,739000000000,215,688,normal,4972,8367
1648144295,20220324,7743986580,459000000000,38%,739000000000,281,688,normal,4972,8367
1648145939,20220324,7743986580,459000000000,38%,739000000000,1602,688,normal,4972,8366
1648148958,20220324,7743986580,459000000000,38%,739000000000,1599,688,normal,4972,8366
1648150475,20220324,7743986580,459000000000,38%,739000000000,1604,688,normal,4972,8366
1648152798,20220324,7743986580,459000000000,38%,739000000000,1609,688,normal,4972,8366
1648157761,20220324,7743986580,459000000000,38%,739000000000,1608,688,normal,4972,8366
1648161460,20220324,7743986580,459000000000,38%,739000000000,1609,688,normal,4972,8366
1648163534,20220324,7743986580,459000000000,38%,739000000000,1607,688,normal,4973,8366
1648165023,20220324,7743986580,459000000000,38%,739000000000,1613,688,normal,4973,8366
1648169341,20220325,7743986580,459000000000,38%,739000000000,1595,688,normal,4973,8366
1648174652,20220325,7743986580,459000000000,38%,739000000000,185,688,normal,4973,8369
1648177190,20220325,7743986580,459000000000,38%,739000000000,168,688,normal,4973,8370
1648178784,20220325,7743986580,459000000000,38%,739000000000,1738,688,normal,4973,8370
1648179714,20220325,7743986580,459000000000,38%,739000000000,1758,688,normal,4973,8371
1648181738,20220325,7743986580,459000000000,38%,739000000000,1775,688,normal,4973,8371
1648183586,20220325,7743986580,459000000000,38%,739000000000,1775,688,normal,4974,8372
1648185079,20220325,7743986580,459000000000,38%,739000000000,146,688,normal,4974,8374
1648186497,20220325,7743986580,459000000000,38%,739000000000,1910,688,normal,4974,8374
1648188906,20220325,7743986580,459000000000,38%,739000000000,1906,688,normal,4974,8374
1648190672,20220325,7743986580,459000000000,38%,739000000000,1114,688,normal,4974,8374
1648192313,20220325,7743986580,459000000000,38%,739000000000,963,688,normal,4974,8374
1648193708,20220325,7743986580,459000000000,38%,739000000000,960,688,normal,4974,8374
1648196107,20220325,7743986580,459000000000,38%,739000000000,929,688,normal,4974,8374
1648197728,20220325,7743986580,459000000000,38%,739000000000,927,688,normal,4974,8374
1648199547,20220325,7743986580,459000000000,38%,739000000000,918,688,normal,4974,8374
1648201037,20220325,7743986580,459000000000,38%,739000000000,917,688,normal,4974,8374
1648203513,20220325,7743986580,459000000000,38%,739000000000,914,688,normal,4974,8373
1648204924,20220325,7743986580,459000000000,38%,739000000000,909,688,normal,4974,8373
1648206933,20220325,7743986580,459000000000,38%,739000000000,846,688,normal,4974,8373
1648208313,20220325,7743986580,459000000000,38%,739000000000,843,688,normal,4974,8373
1648212161,20220325,7743986580,459000000000,38%,739000000000,834,688,normal,4974,8374
1648215969,20220325,7743986580,459000000000,38%,739000000000,816,688,normal,4974,8373
1648217735,20220325,7743986580,459000000000,38%,739000000000,810,688,normal,4975,8373
1648219186,20220325,7743986580,459000000000,38%,739000000000,832,688,normal,4975,8373
1648221398,20220325,7743986580,459000000000,38%,739000000000,826,688,normal,4975,8373
1648223020,20220325,7743986580,459000000000,38%,739000000000,832,688,normal,4975,8374
1648225063,20220325,7743986580,459000000000,38%,739000000000,829,688,normal,4975,8375
1648227587,20220325,7743986580,459000000000,38%,739000000000,832,688,normal,4975,8375
1648228515,20220325,7743986580,469000000000,37%,739000000000,28,688,normal,4975,8376
1648229906,20220325,7743986580,459000000000,38%,739000000000,861,688,normal,4975,8377
1648232101,20220325,7743986580,459000000000,38%,739000000000,860,688,normal,4975,8377
1648233802,20220325,7743986580,459000000000,38%,739000000000,861,688,normal,4975,8377
1648236869,20220325,7743986580,459000000000,38%,739000000000,860,688,normal,4975,8377
1648239155,20220325,7743986580,459000000000,38%,739000000000,867,688,normal,4975,8377
1648246325,20220325,7743986580,459000000000,38%,739000000000,868,688,normal,4976,8378
1648247854,20220325,7743986580,459000000000,38%,739000000000,867,688,normal,4976,8378
1648249905,20220325,7743986580,459000000000,38%,739000000000,864,688,normal,4976,8378
1648255772,20220326,7743986580,459000000000,38%,739000000000,863,688,normal,4976,8378
1648261088,20220326,7743986580,459000000000,38%,739000000000,56,688,normal,4976,8377
1648263683,20220326,7743986580,459000000000,38%,739000000000,54,688,normal,4977,8379
1648280139,20220326,7743986580,459000000000,38%,739000000000,905,688,normal,4983,8379
1648282416,20220326,7743986580,459000000000,38%,739000000000,906,688,normal,4983,8379
1648283970,20220326,7743986580,459000000000,38%,739000000000,909,688,normal,4983,8380
1648285847,20220326,7743986580,459000000000,38%,739000000000,907,688,normal,4984,8380
1648287366,20220326,7743986580,459000000000,38%,739000000000,906,688,normal,4984,8380
1648289529,20220326,7743986580,459000000000,38%,739000000000,905,688,normal,4984,8380
1648291085,20220326,7743986580,459000000000,38%,739000000000,906,688,normal,4984,8380
1648292993,20220326,7743986580,459000000000,38%,739000000000,904,688,normal,4984,8380
1648297092,20220326,7743986580,459000000000,38%,739000000000,906,688,normal,4984,8382
1648299208,20220326,7743986580,459000000000,38%,739000000000,903,688,normal,4984,8382
1648300567,20220326,7743986580,459000000000,38%,739000000000,904,688,normal,4984,8383
1648301794,20220326,7743986580,459000000000,38%,739000000000,904,688,normal,4984,8382
1648307515,20220326,7743986580,459000000000,38%,739000000000,902,688,normal,4984,8381
1648311298,20220326,7743986580,459000000000,38%,739000000000,901,688,normal,4984,8383
1648318401,20220326,7743986580,459000000000,38%,739000000000,1493,688,normal,4985,8385
1648342474,20220327,7743986580,459000000000,38%,739000000000,1493,688,normal,4985,8385
1648347591,20220327,7743986580,459000000000,38%,739000000000,197,688,normal,4985,8388
1648350040,20220327,7743986580,459000000000,38%,739000000000,1686,688,normal,4985,8391
1648352446,20220327,7743986580,459000000000,38%,739000000000,1688,688,normal,4986,8391
1648354496,20220327,7743986580,459000000000,38%,739000000000,1687,688,normal,4988,8391
1648356331,20220327,7743986580,459000000000,38%,739000000000,1687,688,normal,4989,8391
1648357845,20220327,7743986580,459000000000,38%,739000000000,148,688,normal,4989,8391
1648359253,20220327,7743986580,459000000000,38%,739000000000,1835,688,normal,4989,8391
1648361645,20220327,7743986580,459000000000,38%,739000000000,1835,688,normal,4990,8391
1648363361,20220327,7743986580,459000000000,38%,739000000000,1834,688,normal,4990,8391
1648366455,20220327,7743986580,459000000000,38%,739000000000,1832,688,normal,4990,8391
1648368822,20220327,7743986580,459000000000,38%,739000000000,1831,688,normal,4990,8392
1648372260,20220327,7743986580,459000000000,38%,739000000000,1831,688,normal,4990,8391
1648375940,20220327,7743986580,459000000000,38%,739000000000,1829,688,normal,4990,8391
1648377480,20220327,7743986580,459000000000,38%,739000000000,1828,688,normal,4990,8390
1648379396,20220327,7743986580,459000000000,38%,739000000000,1827,688,normal,4990,8390
1648385644,20220327,7743986580,459000000000,38%,739000000000,1826,688,normal,4990,8390
1648388215,20220327,7743986580,459000000000,38%,739000000000,1825,688,normal,4990,8390
1648390219,20220327,7743986580,459000000000,38%,739000000000,1824,688,normal,4990,8390
1648393900,20220327,7743986580,459000000000,38%,739000000000,1822,688,normal,4990,8390
1648395520,20220327,7743986580,459000000000,38%,739000000000,1822,688,normal,4991,8390
1648397736,20220327,7743986580,459000000000,38%,739000000000,1821,688,normal,4992,8390
1648401114,20220327,7743986580,459000000000,38%,739000000000,1820,688,normal,4992,8390
1648404793,20220327,7743986580,459000000000,38%,739000000000,1820,688,normal,4992,8389
1648408156,20220327,7743986580,459000000000,38%,739000000000,1820,688,normal,4992,8390
1648415485,20220327,7743986580,459000000000,38%,739000000000,1820,891,normal,4992,8390
1648428917,20220328,7743986580,459000000000,38%,739000000000,1820,891,normal,4992,8391
1648434983,20220328,7743986580,459000000000,38%,739000000000,1818,891,normal,4992,8391
1648438080,20220328,7743986580,459000000000,38%,739000000000,1819,891,normal,4992,8391
1648439475,20220328,7743986580,459000000000,38%,739000000000,1819,891,normal,4992,8392
1648440891,20220328,7743986580,459000000000,38%,739000000000,1819,891,normal,4993,8392
1648444261,20220328,7743986580,469000000000,37%,739000000000,30,891,normal,4993,8392
1648445697,20220328,7743986580,469000000000,37%,739000000000,30,891,normal,4993,8393
1648448129,20220328,7743986580,459000000000,38%,739000000000,1759,891,normal,4995,8393
1648449881,20220328,7743986580,459000000000,38%,739000000000,1759,891,normal,4996,8393
1648451530,20220328,7743986580,459000000000,38%,739000000000,1758,891,normal,4996,8393
1648453061,20220328,7743986580,459000000000,38%,739000000000,1757,891,normal,4996,8393
1648455637,20220328,7743986580,459000000000,38%,739000000000,1762,891,normal,4997,8393
1648457319,20220328,7743986580,459000000000,38%,739000000000,1762,891,normal,4998,8393
1648458897,20220328,7743986580,459000000000,38%,739000000000,1761,891,normal,4998,8393
1648460560,20220328,7743986580,459000000000,38%,739000000000,1761,891,normal,4998,8395
1648466050,20220328,7743986580,459000000000,38%,739000000000,1761,891,normal,4999,8395
1648470349,20220328,7743986580,469000000000,37%,739000000000,30,891,normal,4999,8395
1648472675,20220328,7743986580,469000000000,37%,739000000000,28,891,normal,5002,8395
1648474484,20220328,7743986580,469000000000,37%,739000000000,27,891,normal,5002,8395
1648475252,20220328,7743986580,469000000000,37%,739000000000,28,891,normal,5002,8396
1648476746,20220328,7743986580,459000000000,38%,739000000000,1791,891,normal,5002,8396
1648480649,20220328,7743986580,469000000000,37%,739000000000,30,891,normal,5003,8399
1648484179,20220328,7743986580,469000000000,37%,739000000000,30,891,normal,5006,8399
1648486659,20220328,7743986580,469000000000,37%,739000000000,30,891,normal,5006,8400
1648487665,20220328,7743986580,469000000000,37%,739000000000,30,891,normal,5007,8400
1648489170,20220328,7743986580,459000000000,38%,739000000000,1851,891,normal,5007,8400
1648491363,20220328,7743986580,459000000000,38%,739000000000,1852,891,normal,5007,8401
1648498661,20220328,7743986580,459000000000,38%,739000000000,1852,919,normal,5007,8401
1648515332,20220329,7743986580,459000000000,38%,739000000000,1852,919,normal,5007,8402
1648521194,20220329,7743986580,459000000000,38%,739000000000,1851,919,normal,5008,8403
1648524437,20220329,7743986580,459000000000,38%,739000000000,1850,919,normal,5008,8403
1648527280,20220329,7743986580,459000000000,38%,739000000000,1851,919,normal,5008,8405
1648529158,20220329,7743986580,459000000000,38%,739000000000,1852,919,normal,5008,8405
1648530736,20220329,7743986580,469000000000,37%,739000000000,30,919,normal,5009,8406
1648534524,20220329,7743986580,459000000000,38%,739000000000,1880,919,normal,5009,8406
1648538204,20220329,7743986580,459000000000,38%,739000000000,1879,919,normal,5010,8407
1648539455,20220329,7743986580,459000000000,38%,739000000000,1878,919,normal,5010,8407
1648541977,20220329,7743986580,459000000000,38%,739000000000,1878,919,normal,5010,8409
1648545114,20220329,7743986580,459000000000,38%,739000000000,1878,919,normal,5011,8409
1648546652,20220329,7743986580,459000000000,38%,739000000000,1878,919,normal,5012,8409
1648549068,20220329,7743986580,459000000000,38%,739000000000,1878,919,normal,5012,8408
1648550735,20220329,7743986580,459000000000,38%,739000000000,1876,919,normal,5012,8408
1648553186,20220329,7743986580,459000000000,38%,739000000000,1876,919,normal,5012,8409
1648554591,20220329,7743986580,459000000000,38%,739000000000,1875,919,normal,5012,8409
1648556863,20220329,7743986580,459000000000,38%,739000000000,1877,919,normal,5013,8409
1648563343,20220329,7743986580,469000000000,37%,739000000000,29,919,normal,5013,8409
1648564840,20220329,7743986580,469000000000,37%,739000000000,29,919,normal,5013,8410
1648567075,20220329,7743986580,459000000000,38%,739000000000,1905,919,normal,5013,8410
1648568474,20220329,7743986580,459000000000,38%,739000000000,1904,919,normal,5014,8410
1648572955,20220329,7743986580,459000000000,38%,739000000000,1904,919,normal,5015,8410
1648574276,20220329,7743986580,459000000000,38%,739000000000,1904,919,normal,5015,8411
1648582474,20220329,7743986580,459000000000,38%,739000000000,1904,919,normal,5015,8412
1648584750,20220329,7743986580,459000000000,38%,739000000000,1904,910,normal,5015,8412
1648588265,20220329,7743986580,459000000000,38%,739000000000,1904,910,normal,5016,8413
1648601655,20220330,7743986580,459000000000,38%,739000000000,1904,910,normal,5016,8415
1648607634,20220330,7743986580,459000000000,38%,739000000000,1904,910,normal,5017,8415
1648610797,20220330,7743986580,459000000000,38%,739000000000,1903,910,normal,5019,8415
1648612190,20220330,7743986580,459000000000,38%,739000000000,1906,910,normal,5019,8415
1648613675,20220330,7743986580,459000000000,38%,739000000000,1907,910,normal,5020,8415
1648617064,20220330,7743986580,469000000000,37%,739000000000,1907,910,normal,5020,8415
1648620912,20220330,7743986580,469000000000,37%,739000000000,1907,910,normal,5021,8415
1648624355,20220330,7743986580,469000000000,37%,739000000000,1877,910,normal,5021,8415
1648626048,20220330,7743986580,469000000000,37%,739000000000,1877,910,normal,5022,8415
1648628435,20220330,7743986580,469000000000,37%,739000000000,1816,910,normal,5022,8415
1648633373,20220330,7743986580,469000000000,37%,739000000000,1816,910,normal,5022,8416
1648636788,20220330,7743986580,469000000000,37%,739000000000,1815,910,normal,5023,8415
1648643133,20220330,7743986580,469000000000,37%,739000000000,1814,910,normal,5024,8415
1648654954,20220330,7743986580,469000000000,37%,739000000000,1813,910,normal,5024,8416
1648659055,20220330,7743986580,469000000000,37%,739000000000,1813,910,normal,5024,8417
1648662094,20220330,7743986580,469000000000,37%,739000000000,1814,910,normal,5024,8417
1648664377,20220330,7743986580,469000000000,37%,739000000000,1814,910,normal,5024,8418
1648672635,20220330,7743986580,469000000000,37%,739000000000,1814,898,normal,5024,8418
1648687938,20220331,7743986580,469000000000,37%,739000000000,1814,898,normal,5024,8418
1648693651,20220331,7743986580,469000000000,37%,739000000000,1814,898,normal,5025,8418
1648698457,20220331,7743986580,469000000000,37%,739000000000,1815,898,normal,5026,8418
1648703470,20220331,7743986580,469000000000,37%,739000000000,30,898,normal,5026,8418
1648704908,20220331,7743986580,469000000000,37%,739000000000,29,898,normal,5026,8418
1648707300,20220331,7743986580,469000000000,37%,739000000000,1844,898,normal,5026,8418
1648709038,20220331,7743986580,469000000000,37%,739000000000,1824,898,normal,5026,8418
1648710740,20220331,7743986580,469000000000,37%,739000000000,1795,898,normal,5027,8418
1648712439,20220331,7743986580,469000000000,37%,739000000000,1775,898,normal,5027,8419
1648714782,20220331,7743986580,469000000000,37%,739000000000,1776,898,normal,5028,8419
1648716100,20220331,7743986580,469000000000,37%,739000000000,1756,898,normal,5028,8419
1648719792,20220331,7743986580,469000000000,37%,739000000000,1706,898,normal,5029,8419
1648721911,20220331,7743986580,469000000000,37%,739000000000,1705,898,normal,5029,8419
1648725291,20220331,7743986580,469000000000,37%,739000000000,1705,898,normal,5029,8418
1648726782,20220331,7743986580,469000000000,37%,739000000000,1705,898,normal,5029,8419
1648729603,20220331,7743986580,469000000000,37%,739000000000,30,898,normal,5030,8420
1648734528,20220331,7743986580,469000000000,37%,739000000000,29,898,normal,5030,8421
1648736194,20220331,7743986580,469000000000,37%,739000000000,1734,898,normal,5030,8421
1648739861,20220331,7743986580,469000000000,37%,739000000000,30,898,normal,5030,8422
1648743377,20220331,7743986580,469000000000,37%,739000000000,29,898,normal,5030,8423
1648745680,20220331,7743986580,469000000000,37%,739000000000,28,886,normal,5030,8423
1648746953,20220331,7743986580,469000000000,37%,739000000000,1735,886,normal,5030,8424
1648753801,20220331,7743986580,469000000000,37%,739000000000,1736,886,normal,5030,8424
1648757578,20220331,7743986580,469000000000,37%,739000000000,1763,886,normal,5030,8424
1648759045,20220331,7743986580,469000000000,37%,739000000000,1763,886,normal,5030,8425
1648774790,20220401,7743986580,469000000000,37%,739000000000,1761,886,normal,5030,8424
1648781893,20220401,7743986580,469000000000,37%,739000000000,17,886,normal,5030,8424
1648789869,20220401,7743986580,469000000000,37%,739000000000,30,886,normal,5030,8422
1648793723,20220401,7743986580,469000000000,37%,739000000000,1807,886,normal,5030,8421
