data/history/7743986580.csv
time,date,itemid,price,discount,price_before_discount,stock,sold,item_status,cmt_count,liked_count
1648797132,20220401,7743986580,469000000000,37%,739000000000,1157,886,normal,5031,8421
1648798566,20220401,7743986580,469000000000,37%,739000000000,656,886,normal,5031,8421
1648801028,20220401,7743986580,469000000000,37%,739000000000,410,886,normal,5033,8420
1648815922,20220401,7743986580,469000000000,37%,739000000000,20,886,normal,5035,8420
1648818652,20220401,7743986580,469000000000,37%,739000000000,20,886,normal,5035,8421
1648822605,20220401,7743986580,469000000000,37%,739000000000,430,886,normal,5035,8420
1648824112,20220401,7743986580,469000000000,37%,739000000000,430,886,normal,5036,8420
1648826267,20220401,7743986580,469000000000,37%,739000000000,430,886,normal,5037,8420
1648827708,20220401,7743986580,469000000000,37%,739000000000,430,886,normal,5039,8420
1648829860,20220401,7743986580,469000000000,37%,739000000000,430,886,normal,5039,8419
1648832200,20220401,7743986580,469000000000,37%,739000000000,427,873,normal,5039,8419
1648841673,20220401,7743986580,469000000000,37%,739000000000,426,873,normal,5039,8419
1648845453,20220401,7743986580,469000000000,37%,739000000000,426,873,normal,5040,8419
1648852669,20220401,7743986580,469000000000,37%,739000000000,426,873,normal,5040,8420
1648860652,20220402,7743986580,469000000000,37%,739000000000,425,873,normal,5040,8420
1648866350,20220402,7743986580,469000000000,37%,739000000000,18,873,normal,5040,8420
1648871225,20220402,7743986580,469000000000,37%,739000000000,18,873,normal,5040,8421
1648874738,20220402,7743986580,469000000000,37%,739000000000,18,873,normal,5041,8421
1648876248,20220402,7743986580,469000000000,37%,739000000000,30,873,normal,5041,8422
1648880067,20220402,7743986580,469000000000,37%,739000000000,478,873,normal,5041,8422
1648884887,20220402,7743986580,469000000000,37%,739000000000,479,873,normal,5041,8422
1648887269,20220402,7743986580,469000000000,37%,739000000000,479,873,normal,5042,8422
1648890672,20220402,7743986580,469000000000,37%,739000000000,478,873,normal,5043,8422
1648901894,20220402,7743986580,469000000000,37%,739000000000,20,873,normal,5043,8423
1648904052,20220402,7743986580,469000000000,37%,739000000000,19,873,normal,5043,8423
1648905438,20220402,7743986580,469000000000,37%,739000000000,19,873,normal,5043,8424
1648906662,20220402,7743986580,469000000000,37%,739000000000,18,873,normal,5043,8425
1648908654,20220402,7743986580,469000000000,37%,739000000000,496,873,normal,5043,8425
1648910119,20220402,7743986580,469000000000,37%,739000000000,496,873,normal,5044,8425
1648912294,20220402,7743986580,469000000000,37%,739000000000,496,873,normal,5045,8425
1648913928,20220402,7743986580,469000000000,37%,739000000000,495,873,normal,5045,8425
1648918276,20220402,7743986580,469000000000,37%,739000000000,495,867,normal,5045,8426
1648923195,20220402,7743986580,469000000000,37%,739000000000,495,867,normal,5045,8427
1648947374,20220403,7743986580,469000000000,37%,739000000000,495,867,normal,5045,8427
1648952846,20220403,7743986580,469000000000,37%,739000000000,495,867,normal,5046,8427
1648955311,20220403,7743986580,469000000000,37%,739000000000,496,867,normal,5046,8428
1648957558,20220403,7743986580,469000000000,37%,739000000000,496,867,normal,5047,8428
1648962648,20220403,7743986580,469000000000,37%,739000000000,496,867,normal,5047,8430
1648966453,20220403,7743986580,469000000000,37%,739000000000,496,867,normal,5047,8431
1648968193,20220403,7743986580,469000000000,37%,739000000000,496,867,normal,5048,8431
1648975183,20220403,7743986580,469000000000,37%,739000000000,496,867,normal,5048,8432
1648977104,20220403,7743986580,469000000000,37%,739000000000,495,867,normal,5048,8432
1648978610,20220403,7743986580,469000000000,37%,739000000000,495,867,normal,5049,8433
1648980770,20220403,7743986580,469000000000,37%,739000000000,495,867,normal,5049,8434
1648988336,20220403,7743986580,469000000000,37%,739000000000,495,867,normal,5049,8436
1648990486,20220403,7743986580,469000000000,37%,739000000000,494,867,normal,5050,8438
1648993077,20220403,7743986580,469000000000,37%,739000000000,494,867,normal,5051,8439
1648998719,20220403,7743986580,469000000000,37%,739000000000,494,867,normal,5051,8440
1649000357,20220403,7743986580,469000000000,37%,739000000000,494,867,normal,5051,8443
1649002518,20220403,7743986580,469000000000,37%,739000000000,494,867,normal,5051,8445
1649004685,20220403,7743986580,469000000000,37%,739000000000,494,905,normal,5051,8446
1649005947,20220403,7743986580,459000000000,38%,739000000000,341,905,normal,5051,8450
1649007424,20220403,7743986580,459000000000,38%,739000000000,245,905,normal,5051,8453
1649009604,20220403,7743986580,459000000000,38%,739000000000,1038,905,normal,5051,8457
1649011283,20220403,7743986580,459000000000,38%,739000000000,1035,905,normal,5051,8458
1649012987,20220403,7743986580,459000000000,38%,739000000000,1033,905,normal,5051,8459
1649020243,20220403,7743986580,459000000000,38%,739000000000,1032,905,normal,5051,8459
1649021743,20220403,7743986580,459000000000,38%,739000000000,1031,905,normal,5051,8459
1649027490,20220403,7743986580,459000000000,38%,739000000000,1031,13955,normal,5051,8459
1649028988,20220403,7743986580,459000000000,38%,739000000000,1030,905,normal,5051,8459
1649033703,20220404,7743986580,459000000000,38%,739000000000,1029,905,normal,5051,8461
1649040120,20220404,7743986580,459000000000,38%,739000000000,1264,905,normal,5052,8460
1649043167,20220404,7743986580,459000000000,38%,739000000000,1262,905,normal,5052,8460
1649045678,20220404,7743986580,459000000000,38%,739000000000,1260,905,normal,5052,8460
1649047569,20220404,7743986580,459000000000,38%,739000000000,1258,905,normal,5053,8461
1649049082,20220404,7743986580,459000000000,38%,739000000000,240,905,normal,5053,8461
1649050528,20220404,7743986580,459000000000,38%,739000000000,1497,905,normal,5053,8461
1649052914,20220404,7743986580,459000000000,38%,739000000000,1495,905,normal,5053,8462
1649054701,20220404,7743986580,459000000000,38%,739000000000,1493,905,normal,5053,8462
1649056341,20220404,7743986580,459000000000,38%,739000000000,1494,905,normal,5053,8461
1649057770,20220404,7743986580,459000000000,38%,739000000000,1494,905,normal,5053,8462
1649060384,20220404,7743986580,459000000000,38%,739000000000,1494,905,normal,5053,8463
1649063550,20220404,7743986580,459000000000,38%,739000000000,1492,905,normal,5053,8463
1649065104,20220404,7743986580,459000000000,38%,739000000000,1242,905,normal,5053,8463
1649067203,20220404,7743986580,459000000000,38%,739000000000,1242,905,normal,5054,8466
1649070866,20220404,7743986580,459000000000,38%,739000000000,247,905,normal,5055,8466
1649072375,20220404,7743986580,459000000000,38%,739000000000,244,905,normal,5055,8466
1649075076,20220404,7743986580,459000000000,38%,739000000000,241,905,normal,5057,8466
1649077486,20220404,7743986580,459000000000,38%,739000000000,240,905,normal,5057,8466
1649081618,20220404,7743986580,459000000000,38%,739000000000,250,905,normal,5057,8466
1649083023,20220404,7743986580,459000000000,38%,739000000000,1725,905,normal,5057,8467
1649085197,20220404,7743986580,459000000000,38%,739000000000,1724,905,normal,5058,8467
1649091425,20220404,7743986580,459000000000,38%,739000000000,1724,899,normal,5058,8467
1649092778,20220404,7743986580,459000000000,38%,739000000000,1726,899,normal,5058,8467
1649094011,20220404,7743986580,459000000000,38%,739000000000,1731,899,normal,5058,8467
1649096112,20220404,7743986580,459000000000,38%,739000000000,1733,899,normal,5058,8466
1649115482,20220404,7743986580,459000000000,38%,739000000000,1733,899,normal,5058,8467
1649119925,20220405,7743986580,459000000000,38%,739000000000,1731,899,normal,5059,8468
1649125528,20220405,7743986580,459000000000,38%,739000000000,1731,899,normal,5060,8467
1649130477,20220405,7743986580,459000000000,38%,739000000000,1732,899,normal,5060,8466
1649132091,20220405,7743986580,459000000000,38%,739000000000,1733,899,normal,5060,8466
1649135499,20220405,7743986580,459000000000,38%,739000000000,1734,899,normal,5061,8466
1649139331,20220405,7743986580,459000000000,38%,739000000000,1733,899,normal,5061,8466
1649141055,20220405,7743986580,459000000000,38%,739000000000,1734,899,normal,5061,8466
1649148347,20220405,7743986580,459000000000,38%,739000000000,1734,899,normal,5061,8467
1649149915,20220405,7743986580,459000000000,38%,739000000000,1734,899,normal,5061,8466
1649153560,20220405,7743986580,459000000000,38%,739000000000,1734,899,normal,5063,8467
1649157098,20220405,7743986580,459000000000,38%,739000000000,1733,899,normal,5064,8467
1649161364,20220405,7743986580,459000000000,38%,739000000000,1732,899,normal,5064,8467
1649163829,20220405,7743986580,459000000000,38%,739000000000,1732,899,normal,5065,8467
1649166258,20220405,7743986580,459000000000,38%,739000000000,1732,899,normal,5065,8468
1649168204,20220405,7743986580,459000000000,38%,739000000000,1730,899,normal,5065,8467
1649169502,20220405,7743986580,459000000000,38%,739000000000,1732,899,normal,5066,8467
1649173334,20220405,7743986580,459000000000,38%,739000000000,1730,899,normal,5066,8467
1649175426,20220405,7743986580,459000000000,38%,739000000000,1731,899,normal,5066,8467
1649177717,20220405,7743986580,459000000000,38%,739000000000,1730,906,normal,5067,8467
1649180360,20220405,7743986580,459000000000,38%,739000000000,1731,906,normal,5067,8467
1649182457,20220405,7743986580,459000000000,38%,739000000000,1730,906,normal,5067,8467
1649187391,20220405,7743986580,459000000000,38%,739000000000,1730,906,normal,5067,8468
1649206578,20220406,7743986580,459000000000,38%,739000000000,1730,906,normal,5067,8468
1649212110,20220406,7743986580,459000000000,38%,739000000000,1730,906,normal,5068,8468
1649214673,20220406,7743986580,459000000000,38%,739000000000,1728,906,normal,5070,8467
1649218481,20220406,7743986580,459000000000,38%,739000000000,1727,906,normal,5070,8467
1649221877,20220406,7743986580,459000000000,38%,739000000000,1724,906,normal,5070,8467
1649223331,20220406,7743986580,459000000000,38%,739000000000,1724,906,normal,5070,8468
1649225651,20220406,7743986580,459000000000,38%,739000000000,1723,906,normal,5071,8468
1649227443,20220406,7743986580,459000000000,38%,739000000000,1722,906,normal,5071,8469
1649229136,20220406,7743986580,459000000000,38%,739000000000,1719,906,normal,5071,8470
1649233191,20220406,7743986580,459000000000,38%,739000000000,1718,906,normal,5074,8470
1649234747,20220406,7743986580,459000000000,38%,739000000000,1702,906,normal,5075,8470
1649236067,20220406,7743986580,459000000000,38%,739000000000,1687,906,normal,5075,8470
1649237924,20220406,7743986580,459000000000,38%,739000000000,1687,906,normal,5077,8471
1649239690,20220406,7743986580,459000000000,38%,739000000000,1687,906,normal,5077,8470
1649249317,20220406,7743986580,459000000000,38%,739000000000,1687,906,normal,5078,8471
1649250884,20220406,7743986580,459000000000,38%,739000000000,1687,906,normal,5079,8471
1649252542,20220406,7743986580,459000000000,38%,739000000000,1686,906,normal,5081,8470
1649254039,20220406,7743986580,459000000000,38%,739000000000,1685,906,normal,5082,8470
1649255580,20220406,7743986580,459000000000,38%,739000000000,1685,906,normal,5082,8471
1649257661,20220406,7743986580,459000000000,38%,739000000000,1685,906,normal,5082,8472
1649259490,20220406,7743986580,459000000000,38%,739000000000,1685,906,normal,5082,8473
1649261272,20220406,7743986580,459000000000,38%,739000000000,1685,906,normal,5084,8473
1649263246,20220406,7743986580,459000000000,38%,739000000000,1685,904,normal,5084,8473
1649264832,20220406,7743986580,459000000000,38%,739000000000,1685,904,normal,5085,8474
1649266469,20220406,7743986580,459000000000,38%,739000000000,1684,904,normal,5085,8475
1649271765,20220406,7743986580,459000000000,38%,739000000000,1683,904,normal,5085,8475
1649273535,20220406,7743986580,459000000000,38%,739000000000,1683,14049,normal,5085,8475
1649275409,20220406,7743986580,459000000000,38%,739000000000,1682,904,normal,5085,8475
1649277178,20220406,7743986580,459000000000,38%,739000000000,1682,904,normal,5085,8476
1649290133,20220407,7743986580,459000000000,38%,739000000000,1682,904,normal,5085,8477
1649295019,20220407,7743986580,459000000000,38%,739000000000,1680,904,normal,5085,8478
1649297260,20220407,7743986580,459000000000,38%,739000000000,1679,904,normal,5085,8478
1649299666,20220407,7743986580,459000000000,38%,739000000000,1677,904,normal,5085,8478
1649301162,20220407,7743986580,459000000000,38%,739000000000,1675,904,normal,5085,8478
1649302774,20220407,7743986580,459000000000,38%,739000000000,1673,904,normal,5085,8478
1649304180,20220407,7743986580,459000000000,38%,739000000000,1671,904,normal,5086,8478
1649306318,20220407,7743986580,459000000000,38%,739000000000,1670,904,normal,5087,8479
1649307771,20220407,7743986580,459000000000,38%,739000000000,1676,904,normal,5087,8478
1649311384,20220407,7743986580,459000000000,38%,739000000000,1676,904,normal,5088,8478
1649313450,20220407,7743986580,459000000000,38%,739000000000,1676,904,normal,5088,8477
1649317009,20220407,7743986580,459000000000,38%,739000000000,1666,904,normal,5088,8477
1649318917,20220407,7743986580,459000000000,38%,739000000000,1662,904,normal,5088,8477
1649322492,20220407,7743986580,459000000000,38%,739000000000,1662,904,normal,5088,8476
1649324303,20220407,7743986580,459000000000,38%,739000000000,1660,904,normal,5088,8476
1649326072,20220407,7743986580,459000000000,38%,739000000000,1650,904,normal,5088,8476
1649329405,20220407,7743986580,459000000000,38%,739000000000,1649,904,normal,5088,8477
1649331449,20220407,7743986580,459000000000,38%,739000000000,1648,904,normal,5088,8477
1649333056,20220407,7743986580,459000000000,38%,739000000000,1648,904,normal,5089,8477
1649335659,20220407,7743986580,459000000000,38%,739000000000,1648,904,normal,5090,8477
1649337226,20220407,7743986580,459000000000,38%,739000000000,1648,904,normal,5090,8478
1649338959,20220407,7743986580,459000000000,38%,739000000000,1648,904,normal,5091,8478
1649342042,20220407,7743986580,459000000000,38%,739000000000,1647,904,normal,5091,8478
1649345836,20220407,7743986580,459000000000,38%,739000000000,1646,904,normal,5092,8478
1649347679,20220407,7743986580,469000000000,37%,739000000000,1646,904,normal,5092,8478
1649351362,20220407,7743986580,469000000000,37%,739000000000,15,909,normal,5093,8478
1649352893,20220407,7743986580,469000000000,37%,739000000000,14,909,normal,5093,8478
1649356617,20220407,7743986580,469000000000,37%,739000000000,14,909,normal,5094,8478
1649358164,20220407,7743986580,469000000000,37%,739000000000,1661,909,normal,5094,8478
1649359944,20220407,7743986580,469000000000,37%,739000000000,1661,909,normal,5094,8479
1649370861,20220407,7743986580,469000000000,37%,739000000000,1661,909,normal,5095,8479
1649376521,20220408,7743986580,469000000000,37%,739000000000,1661,909,normal,5095,8479
1649378811,20220408,7743986580,469000000000,37%,739000000000,1661,909,normal,5095,8480
1649383850,20220408,7743986580,469000000000,37%,739000000000,15,909,normal,5096,8480
1649386449,20220408,7743986580,469000000000,37%,739000000000,15,909,normal,5096,8481
1649390576,20220408,7743986580,469000000000,37%,739000000000,15,909,normal,5096,8482
1649394167,20220408,7743986580,469000000000,37%,739000000000,1677,909,normal,5096,8482
1649397782,20220408,7743986580,469000000000,37%,739000000000,1678,909,normal,5096,8482
1649399854,20220408,7743986580,469000000000,37%,739000000000,1678,909,normal,5096,8483
1649405004,20220408,7743986580,469000000000,37%,739000000000,1678,909,normal,5096,8484
1649410471,20220408,7743986580,469000000000,37%,739000000000,1677,909,normal,5096,8484
1649412468,20220408,7743986580,469000000000,37%,739000000000,1667,909,normal,5096,8484
1649417553,20220408,7743986580,469000000000,37%,739000000000,1666,909,normal,5096,8484
1649436180,20220408,7743986580,469000000000,37%,739000000000,1666,896,normal,5096,8484
1649446342,20220408,7743986580,469000000000,37%,739000000000,1666,896,normal,5097,8484
1649450051,20220408,7743986580,469000000000,37%,739000000000,1666,896,normal,5098,8484
1649462945,20220409,7743986580,469000000000,37%,739000000000,1666,896,normal,5098,8484
1649465200,20220409,7743986580,469000000000,37%,739000000000,1666,896,normal,5098,8485
1649470026,20220409,7743986580,469000000000,37%,739000000000,1666,896,normal,5098,8486
1649473790,20220409,7743986580,469000000000,37%,739000000000,1668,896,normal,5099,8486
1649475460,20220409,7743986580,469000000000,37%,739000000000,1668,896,normal,5099,8487
1649479104,20220409,7743986580,469000000000,37%,739000000000,1668,896,normal,5100,8487
1649480564,20220409,7743986580,459000000000,38%,739000000000,10,896,normal,5100,8487
1649484182,20220409,7743986580,459000000000,38%,739000000000,10,896,normal,5100,8488
1649486227,20220409,7743986580,459000000000,38%,739000000000,10,896,normal,5101,8488
1649487770,20220409,7743986580,459000000000,38%,739000000000,10,896,normal,5102,8488
1649491390,20220409,7743986580,469000000000,37%,739000000000,1677,896,normal,5103,8487
1649496802,20220409,7743986580,469000000000,37%,739000000000,1676,896,normal,5105,8486
1649498573,20220409,7743986580,469000000000,37%,739000000000,1676,896,normal,5105,8487
1649502171,20220409,7743986580,469000000000,37%,739000000000,1676,896,normal,5106,8487
1649503933,20220409,7743986580,469000000000,37%,739000000000,1676,896,normal,5106,8486
1649505800,20220409,7743986580,469000000000,37%,739000000000,1677,896,normal,5106,8486
1649516579,20220409,7743986580,469000000000,37%,739000000000,1677,896,normal,5107,8486
1649522399,20220409,7743986580,469000000000,37%,739000000000,1677,894,normal,5107,8486
1649525622,20220409,7743986580,469000000000,37%,739000000000,1677,894,normal,5108,8487
1649530954,20220409,7743986580,469000000000,37%,739000000000,1677,894,normal,5109,8487
1649549330,20220410,7743986580,469000000000,37%,739000000000,1677,894,normal,5109,8488
1649551613,20220410,7743986580,469000000000,37%,739000000000,1677,894,normal,5109,8489
