data/history/7743986580.csv
time,date,itemid,price,discount,price_before_discount,stock,sold,item_status,cmt_count,liked_count
1649560424,20220410,7743986580,469000000000,37%,739000000000,1677,894,normal,5109,8491
1649562003,20220410,7743986580,469000000000,37%,739000000000,1676,894,normal,5109,8491
1649565499,20220410,7743986580,469000000000,37%,739000000000,1675,894,normal,5109,8491
1649574168,20220410,7743986580,469000000000,37%,739000000000,1674,894,normal,5109,8491
1649577807,20220410,7743986580,459000000000,38%,739000000000,10,894,normal,5109,8491
1649579743,20220410,7743986580,459000000000,38%,739000000000,8,894,normal,5109,8490
1649581375,20220410,7743986580,459000000000,38%,739000000000,7,894,normal,5109,8490
1649584973,20220410,7743986580,469000000000,37%,739000000000,1679,894,normal,5109,8490
1649586899,20220410,7743986580,469000000000,37%,739000000000,1679,894,normal,5109,8491
1649588570,20220410,7743986580,469000000000,37%,739000000000,1679,894,normal,5109,8492
1649592185,20220410,7743986580,469000000000,37%,739000000000,1679,894,normal,5109,8493
1649597718,20220410,7743986580,469000000000,37%,739000000000,1679,894,normal,5109,8494
1649602966,20220410,7743986580,469000000000,37%,739000000000,1678,894,normal,5109,8494
1649604910,20220410,7743986580,469000000000,37%,739000000000,1679,894,normal,5109,8496
1649608802,20220410,7743986580,469000000000,37%,739000000000,1679,884,normal,5109,8496
1649610254,20220410,7743986580,469000000000,37%,739000000000,1680,884,normal,5109,8496
1649617357,20220410,7743986580,469000000000,37%,739000000000,1680,884,normal,5110,8497
1649622816,20220410,7743986580,469000000000,37%,739000000000,1680,884,normal,5110,8498
1649624583,20220410,7743986580,469000000000,37%,739000000000,1681,884,normal,5110,8498
1649635712,20220411,7743986580,469000000000,37%,739000000000,1681,884,normal,5110,8498
1649644437,20220411,7743986580,469000000000,37%,739000000000,1681,884,normal,5110,8499
1649648651,20220411,7743986580,469000000000,37%,739000000000,1681,884,normal,5110,8500
1649655161,20220411,7743986580,469000000000,37%,739000000000,1681,884,normal,5111,8500
1649657201,20220411,7743986580,469000000000,37%,739000000000,1681,884,normal,5112,8500
1649659076,20220411,7743986580,469000000000,37%,739000000000,1681,884,normal,5112,8501
1649660584,20220411,7743986580,469000000000,37%,739000000000,1680,884,normal,5112,8501
1649662602,20220411,7743986580,469000000000,37%,739000000000,1679,884,normal,5113,8502
1649671696,20220411,7743986580,469000000000,37%,739000000000,1674,884,normal,5113,8503
1649673467,20220411,7743986580,469000000000,37%,739000000000,1678,884,normal,5113,8503
1649676769,20220411,7743986580,469000000000,37%,739000000000,1678,884,normal,5113,8504
1649681261,20220411,7743986580,469000000000,37%,739000000000,1677,884,normal,5113,8505
1649682912,20220411,7743986580,469000000000,37%,739000000000,1678,884,normal,5113,8504
1649686094,20220411,7743986580,469000000000,37%,739000000000,1677,884,normal,5113,8504
1649687583,20220411,7743986580,469000000000,37%,739000000000,1677,884,normal,5114,8504
1649691535,20220411,7743986580,469000000000,37%,739000000000,1676,884,normal,5114,8504
1649695310,20220411,7743986580,469000000000,37%,739000000000,1676,883,normal,5114,8504
1649700221,20220411,7743986580,469000000000,37%,739000000000,1676,883,normal,5115,8504
1649705532,20220411,7743986580,469000000000,37%,739000000000,1676,883,normal,5115,8503
1649722119,20220412,7743986580,469000000000,37%,739000000000,1676,883,normal,5115,8503
1649733392,20220412,7743986580,469000000000,37%,739000000000,1675,883,normal,5115,8503
1649738307,20220412,7743986580,469000000000,37%,739000000000,1675,883,normal,5116,8502
1649739775,20220412,7743986580,459000000000,38%,739000000000,10,883,normal,5116,8502
1649743386,20220412,7743986580,459000000000,38%,739000000000,9,883,normal,5116,8502
1649745461,20220412,7743986580,459000000000,38%,739000000000,9,883,normal,5116,8501
1649748829,20220412,7743986580,459000000000,38%,739000000000,9,883,normal,5117,8501
1649750922,20220412,7743986580,469000000000,37%,739000000000,1686,883,normal,5117,8501
1649752642,20220412,7743986580,469000000000,37%,739000000000,1685,883,normal,5117,8502
1649754423,20220412,7743986580,469000000000,37%,739000000000,1685,883,normal,5117,8503
1649759857,20220412,7743986580,469000000000,37%,739000000000,1685,883,normal,5117,8502
1649763427,20220412,7743986580,469000000000,37%,739000000000,1685,883,normal,5117,8503
1649767449,20220412,7743986580,469000000000,37%,739000000000,1685,883,normal,5117,8504
1649769279,20220412,7743986580,469000000000,37%,739000000000,1685,883,normal,5117,8503
1649774252,20220412,7743986580,469000000000,37%,739000000000,1685,883,normal,5117,8504
1649779687,20220412,7743986580,469000000000,37%,739000000000,1684,883,normal,5117,8505
1649781727,20220412,7743986580,469000000000,37%,739000000000,1684,875,normal,5117,8505
1649788622,20220412,7743986580,469000000000,37%,739000000000,1684,875,normal,5117,8506
1649804574,20220412,7743986580,469000000000,37%,739000000000,1684,875,normal,5117,8507
1649808537,20220413,7743986580,469000000000,37%,739000000000,1684,875,normal,5117,8507
1649813450,20220413,7743986580,469000000000,37%,739000000000,1684,875,normal,5117,8508
1649817165,20220413,7743986580,469000000000,37%,739000000000,1683,875,normal,5117,8508
1649819888,20220413,7743986580,469000000000,37%,739000000000,1683,875,normal,5117,8509
1649826167,20220413,7743986580,469000000000,37%,739000000000,1682,875,normal,5117,8509
1649827975,20220413,7743986580,469000000000,37%,739000000000,1682,875,normal,5118,8509
1649831860,20220413,7743986580,469000000000,37%,739000000000,1682,875,normal,5118,8510
1649833376,20220413,7743986580,469000000000,37%,739000000000,1681,875,normal,5118,8510
1649837268,20220413,7743986580,469000000000,37%,739000000000,1671,875,normal,5118,8510
1649840858,20220413,7743986580,469000000000,37%,739000000000,1671,875,normal,5118,8511
1649842726,20220413,7743986580,469000000000,37%,739000000000,1670,875,normal,5118,8511
1649844204,20220413,7743986580,469000000000,37%,739000000000,1670,875,normal,5119,8511
1649847776,20220413,7743986580,469000000000,37%,739000000000,1670,875,normal,5119,8512
1649849551,20220413,7743986580,469000000000,37%,739000000000,1669,875,normal,5119,8512
1649851739,20220413,7743986580,469000000000,37%,739000000000,1669,875,normal,5119,8511
1649864173,20220413,7743986580,469000000000,37%,739000000000,1669,875,normal,5119,8512
1649868184,20220413,7743986580,469000000000,37%,739000000000,1669,877,normal,5121,8512
1649871478,20220413,7743986580,469000000000,37%,739000000000,1669,877,normal,5121,8513
1649890979,20220413,7743986580,469000000000,37%,739000000000,1669,877,normal,5122,8513
1649894999,20220414,7743986580,469000000000,37%,739000000000,1669,877,normal,5122,8513
1649906360,20220414,7743986580,469000000000,37%,739000000000,1669,877,normal,5123,8513
1649908976,20220414,7743986580,469000000000,37%,739000000000,1669,877,normal,5124,8513
1649912579,20220414,7743986580,469000000000,37%,739000000000,10,877,normal,5124,8513
1649914373,20220414,7743986580,469000000000,37%,739000000000,9,877,normal,5124,8514
1649921611,20220414,7743986580,469000000000,37%,739000000000,8,877,normal,5124,8514
1649923728,20220414,7743986580,469000000000,37%,739000000000,977,877,normal,5124,8514
1649927265,20220414,7743986580,469000000000,37%,739000000000,979,877,normal,5124,8514
1649930853,20220414,7743986580,469000000000,37%,739000000000,977,877,normal,5124,8516
1649932629,20220414,7743986580,469000000000,37%,739000000000,978,877,normal,5124,8518
1649935952,20220414,7743986580,469000000000,37%,739000000000,963,877,normal,5124,8519
1649937819,20220414,7743986580,469000000000,37%,739000000000,963,877,normal,5125,8520
1649940522,20220414,7743986580,469000000000,37%,739000000000,963,877,normal,5125,8521
1649942175,20220414,7743986580,469000000000,37%,739000000000,963,877,normal,5125,8522
1649945121,20220414,7743986580,469000000000,37%,739000000000,963,877,normal,5125,8524
1649947054,20220414,7743986580,469000000000,37%,739000000000,963,877,normal,5125,8525
1649948854,20220414,7743986580,469000000000,37%,739000000000,963,877,normal,5126,8525
1649954508,20220414,7743986580,469000000000,37%,739000000000,963,869,normal,5126,8526
1649955993,20220414,7743986580,459000000000,38%,739000000000,389,869,normal,5126,8526
1649957786,20220414,7743986580,459000000000,38%,739000000000,249,869,normal,5126,8527
1649959382,20220414,7743986580,459000000000,38%,739000000000,1580,869,normal,5127,8527
1649961639,20220414,7743986580,459000000000,38%,739000000000,1579,869,normal,5127,8528
1649962976,20220414,7743986580,459000000000,38%,739000000000,1578,869,normal,5127,8528
1649964742,20220414,7743986580,459000000000,38%,739000000000,1579,869,normal,5127,8528
1649973765,20220414,7743986580,459000000000,38%,739000000000,1578,869,normal,5127,8528
1649975718,20220414,7743986580,459000000000,38%,739000000000,1579,869,normal,5127,8528
1649979248,20220414,7743986580,459000000000,38%,739000000000,1577,869,normal,5127,8528
1649981311,20220415,7743986580,459000000000,38%,739000000000,1575,869,normal,5127,8528
1649983652,20220415,7743986580,459000000000,38%,739000000000,1573,869,normal,5127,8528
1649986299,20220415,7743986580,459000000000,38%,739000000000,1570,869,normal,5128,8528
1649990432,20220415,7743986580,459000000000,38%,739000000000,247,869,normal,5129,8529
1649993435,20220415,7743986580,459000000000,38%,739000000000,1814,869,normal,5129,8530
1649996108,20220415,7743986580,459000000000,38%,739000000000,1621,869,normal,5129,8530
1649997835,20220415,7743986580,439000000000,41%,739000000000,199,869,normal,5129,8530
1649999242,20220415,7743986580,439000000000,41%,739000000000,160,869,normal,5129,8531
1650000928,20220415,7743986580,439000000000,41%,739000000000,124,869,normal,5129,8531
1650002584,20220415,7743986580,439000000000,41%,739000000000,113,869,normal,5129,8532
1650004671,20220415,7743986580,439000000000,41%,739000000000,82,869,normal,5129,8532
1650006174,20220415,7743986580,439000000000,41%,739000000000,77,869,normal,5129,8532
1650007992,20220415,7743986580,439000000000,41%,739000000000,60,869,normal,5129,8532
1650009792,20220415,7743986580,439000000000,41%,739000000000,187,869,normal,5129,8534
1650011814,20220415,7743986580,439000000000,41%,739000000000,167,869,normal,5129,8534
1650013381,20220415,7743986580,439000000000,41%,739000000000,153,869,normal,5130,8534
1650015261,20220415,7743986580,439000000000,41%,739000000000,137,869,normal,5130,8534
1650016969,20220415,7743986580,439000000000,41%,739000000000,126,869,normal,5131,8534
1650018949,20220415,7743986580,439000000000,41%,739000000000,114,869,normal,5131,8534
1650020562,20220415,7743986580,439000000000,41%,739000000000,169,869,normal,5131,8534
1650022345,20220415,7743986580,439000000000,41%,739000000000,152,869,normal,5131,8534
1650024205,20220415,7743986580,439000000000,41%,739000000000,142,869,normal,5131,8534
1650026545,20220415,7743986580,439000000000,41%,739000000000,136,869,normal,5131,8534
1650028091,20220415,7743986580,439000000000,41%,739000000000,137,869,normal,5131,8534
1650029805,20220415,7743986580,439000000000,41%,739000000000,134,869,normal,5131,8534
1650031398,20220415,7743986580,439000000000,41%,739000000000,105,869,normal,5131,8534
1650033172,20220415,7743986580,439000000000,41%,739000000000,100,869,normal,5131,8534
1650034983,20220415,7743986580,439000000000,41%,739000000000,86,869,normal,5131,8534
1650036954,20220415,7743986580,439000000000,41%,739000000000,82,869,normal,5131,8534
1650038585,20220415,7743986580,439000000000,41%,739000000000,80,869,normal,5131,8534
1650040901,20220415,7743986580,439000000000,41%,739000000000,62,879,normal,5131,8534
1650042377,20220415,7743986580,439000000000,41%,739000000000,1512,879,normal,5131,8534
1650044165,20220415,7743986580,439000000000,41%,739000000000,1509,879,normal,5131,8534
1650045779,20220415,7743986580,439000000000,41%,739000000000,1507,879,normal,5131,8535
1650047837,20220415,7743986580,439000000000,41%,739000000000,1504,879,normal,5131,8535
1650051138,20220415,7743986580,439000000000,41%,739000000000,1505,879,normal,5131,8537
1650052981,20220415,7743986580,439000000000,41%,739000000000,1508,879,normal,5131,8537
1650054857,20220415,7743986580,439000000000,41%,739000000000,1533,879,normal,5131,8538
1650056565,20220415,7743986580,439000000000,41%,739000000000,1551,879,normal,5131,8538
1650058400,20220415,7743986580,439000000000,41%,739000000000,1556,879,normal,5131,8538
1650060189,20220415,7743986580,439000000000,41%,739000000000,1560,879,normal,5131,8539
1650062066,20220415,7743986580,439000000000,41%,739000000000,1561,879,normal,5131,8539
1650065653,20220415,7743986580,439000000000,41%,739000000000,1557,879,normal,5131,8540
1650067756,20220416,7743986580,439000000000,41%,739000000000,1555,879,normal,5131,8540
1650070001,20220416,7743986580,439000000000,41%,739000000000,1553,879,normal,5131,8540
1650072624,20220416,7743986580,439000000000,41%,739000000000,1548,879,normal,5131,8541
1650074873,20220416,7743986580,439000000000,41%,739000000000,1545,879,normal,5132,8542
1650077249,20220416,7743986580,439000000000,41%,739000000000,1541,879,normal,5132,8542
1650078698,20220416,7743986580,439000000000,41%,739000000000,1537,879,normal,5132,8542
1650080342,20220416,7743986580,439000000000,41%,739000000000,1526,879,normal,5132,8543
1650081782,20220416,7743986580,439000000000,41%,739000000000,1509,879,normal,5133,8543
1650083919,20220416,7743986580,439000000000,41%,739000000000,1508,879,normal,5133,8543
1650085362,20220416,7743986580,439000000000,41%,739000000000,1511,879,normal,5134,8543
1650087149,20220416,7743986580,439000000000,41%,739000000000,1509,879,normal,5134,8543
1650089118,20220416,7743986580,439000000000,41%,739000000000,1501,879,normal,5134,8544
1650091024,20220416,7743986580,439000000000,41%,739000000000,1505,879,normal,5134,8544
1650092564,20220416,7743986580,439000000000,41%,739000000000,1520,879,normal,5134,8545
1650094361,20220416,7743986580,439000000000,41%,739000000000,1517,879,normal,5134,8545
1650096176,20220416,7743986580,439000000000,41%,739000000000,1518,879,normal,5134,8545
1650098176,20220416,7743986580,439000000000,41%,739000000000,1517,879,normal,5134,8545
1650099779,20220416,7743986580,439000000000,41%,739000000000,1514,879,normal,5134,8545
1650101619,20220416,7743986580,439000000000,41%,739000000000,1509,879,normal,5134,8545
1650103417,20220416,7743986580,439000000000,41%,739000000000,1508,879,normal,5135,8545
1650105348,20220416,7743986580,439000000000,41%,739000000000,1513,879,normal,5135,8545
1650106965,20220416,7743986580,439000000000,41%,739000000000,1499,879,normal,5135,8545
1650108734,20220416,7743986580,439000000000,41%,739000000000,1476,879,normal,5136,8546
1650110610,20220416,7743986580,459000000000,38%,739000000000,15,879,normal,5136,8547
1650112902,20220416,7743986580,459000000000,38%,739000000000,15,879,normal,5136,8549
1650117788,20220416,7743986580,439000000000,41%,739000000000,1440,879,normal,5137,8549
1650119561,20220416,7743986580,439000000000,41%,739000000000,1459,879,normal,5137,8549
1650121377,20220416,7743986580,439000000000,41%,739000000000,1454,879,normal,5137,8550
1650123312,20220416,7743986580,439000000000,41%,739000000000,1451,879,normal,5138,8550
1650124989,20220416,7743986580,439000000000,41%,739000000000,1437,879,normal,5138,8550
1650127209,20220416,7743986580,439000000000,41%,739000000000,1429,851,normal,5138,8549
1650128680,20220416,7743986580,469000000000,37%,739000000000,15,851,normal,5138,8549
1650134204,20220416,7743986580,469000000000,37%,739000000000,15,851,normal,5138,8550
1650135759,20220416,7743986580,439000000000,41%,739000000000,1473,851,normal,5138,8550
1650137533,20220416,7743986580,439000000000,41%,739000000000,1473,851,normal,5138,8551
1650139377,20220416,7743986580,439000000000,41%,739000000000,1476,851,normal,5138,8550
1650141225,20220416,7743986580,439000000000,41%,739000000000,1471,851,normal,5138,8549
1650152017,20220416,7743986580,439000000000,41%,739000000000,1542,851,normal,5138,8549
1650154178,20220417,7743986580,439000000000,41%,739000000000,1539,851,normal,5138,8549
1650159052,20220417,7743986580,439000000000,41%,739000000000,1536,851,normal,5138,8549
1650162662,20220417,7743986580,439000000000,41%,739000000000,1533,851,normal,5138,8550
1650165240,20220417,7743986580,439000000000,41%,739000000000,1534,851,normal,5140,8550
1650166809,20220417,7743986580,439000000000,41%,739000000000,1531,851,normal,5140,8550
1650168166,20220417,7743986580,439000000000,41%,739000000000,1528,851,normal,5140,8550
1650170312,20220417,7743986580,439000000000,41%,739000000000,1528,851,normal,5140,8551
1650171761,20220417,7743986580,439000000000,41%,739000000000,1526,851,normal,5140,8551
1650173556,20220417,7743986580,439000000000,41%,739000000000,1525,851,normal,5140,8552
1650175584,20220417,7743986580,439000000000,41%,739000000000,1527,851,normal,5140,8553
1650177432,20220417,7743986580,439000000000,41%,739000000000,1522,851,normal,5140,8554
1650178975,20220417,7743986580,439000000000,41%,739000000000,1521,851,normal,5140,8554
1650180763,20220417,7743986580,439000000000,41%,739000000000,1513,851,normal,5141,8554
1650182578,20220417,7743986580,439000000000,41%,739000000000,1509,851,normal,5141,8554
1650184578,20220417,7743986580,439000000000,41%,739000000000,1498,851,normal,5141,8554
1650186178,20220417,7743986580,439000000000,41%,739000000000,1492,851,normal,5141,8554
1650188037,20220417,7743986580,439000000000,41%,739000000000,1469,851,normal,5142,8554
1650189779,20220417,7743986580,439000000000,41%,739000000000,1459,851,normal,5142,8554
1650191715,20220417,7743986580,439000000000,41%,739000000000,1419,851,normal,5142,8555
1650193363,20220417,7743986580,439000000000,41%,739000000000,1411,851,normal,5142,8555
1650195135,20220417,7743986580,439000000000,41%,739000000000,1407,851,normal,5143,8556
1650196988,20220417,7743986580,439000000000,41%,739000000000,1413,851,normal,5143,8556
