data/history/7743986580.csv
time,date,itemid,price,discount,price_before_discount,stock,sold,item_status,cmt_count,liked_count
1650199300,20220417,7743986580,439000000000,41%,739000000000,1386,851,normal,5144,8556
1650200838,20220417,7743986580,439000000000,41%,739000000000,1171,851,normal,5144,8557
1650202542,20220417,7743986580,439000000000,41%,739000000000,1133,851,normal,5144,8558
1650204162,20220417,7743986580,439000000000,41%,739000000000,1117,851,normal,5144,8558
1650205960,20220417,7743986580,439000000000,41%,739000000000,1110,851,normal,5144,8558
1650207779,20220417,7743986580,439000000000,41%,739000000000,1098,851,normal,5144,8560
1650209716,20220417,7743986580,439000000000,41%,739000000000,1080,851,normal,5145,8559
1650211379,20220417,7743986580,439000000000,41%,739000000000,1066,851,normal,5145,8560
1650213609,20220417,7743986580,439000000000,41%,739000000000,1049,829,normal,5145,8560
1650215060,20220417,7743986580,439000000000,41%,739000000000,1046,829,normal,5145,8562
1650216849,20220417,7743986580,439000000000,41%,739000000000,1043,829,normal,5145,8563
1650218581,20220417,7743986580,439000000000,41%,739000000000,1037,829,normal,5145,8563
1650220598,20220417,7743986580,439000000000,41%,739000000000,1036,829,normal,5145,8563
1650222162,20220417,7743986580,439000000000,41%,739000000000,1035,829,normal,5145,8563
1650231165,20220417,7743986580,439000000000,41%,739000000000,1036,829,normal,5145,8563
1650234846,20220417,7743986580,439000000000,41%,739000000000,1037,829,normal,5145,8562
1650238442,20220417,7743986580,439000000000,41%,739000000000,1038,829,normal,5145,8562
1650240559,20220418,7743986580,439000000000,41%,739000000000,1033,829,normal,5145,8562
1650242923,20220418,7743986580,439000000000,41%,739000000000,1032,829,normal,5145,8563
1650245532,20220418,7743986580,439000000000,41%,739000000000,1030,829,normal,5145,8562
1650249575,20220418,7743986580,439000000000,41%,739000000000,1034,829,normal,5145,8564
1650252202,20220418,7743986580,439000000000,41%,739000000000,1016,829,normal,5147,8564
1650253455,20220418,7743986580,439000000000,41%,739000000000,1007,829,normal,5147,8564
1650254771,20220418,7743986580,439000000000,41%,739000000000,1002,829,normal,5147,8564
1650256806,20220418,7743986580,439000000000,41%,739000000000,1001,829,normal,5147,8565
1650258221,20220418,7743986580,439000000000,41%,739000000000,1111,829,normal,5147,8566
1650259994,20220418,7743986580,439000000000,41%,739000000000,1156,829,normal,5147,8566
1650261788,20220418,7743986580,439000000000,41%,739000000000,1090,829,normal,5149,8566
1650263897,20220418,7743986580,439000000000,41%,739000000000,1070,829,normal,5150,8567
1650265386,20220418,7743986580,439000000000,41%,739000000000,1059,829,normal,5150,8567
1650267211,20220418,7743986580,439000000000,41%,739000000000,1046,829,normal,5150,8567
1650268979,20220418,7743986580,439000000000,41%,739000000000,1042,829,normal,5150,8567
1650271031,20220418,7743986580,439000000000,41%,739000000000,1162,829,normal,5150,8567
1650272578,20220418,7743986580,439000000000,41%,739000000000,1132,829,normal,5153,8567
1650274471,20220418,7743986580,439000000000,41%,739000000000,1108,829,normal,5153,8569
1650276180,20220418,7743986580,439000000000,41%,739000000000,1084,829,normal,5154,8570
1650278184,20220418,7743986580,439000000000,41%,739000000000,1093,829,normal,5154,8571
1650279766,20220418,7743986580,439000000000,41%,739000000000,1078,829,normal,5154,8571
1650281546,20220418,7743986580,439000000000,41%,739000000000,1065,829,normal,5155,8572
1650283434,20220418,7743986580,439000000000,41%,739000000000,698,829,normal,5155,8571
1650285790,20220418,7743986580,439000000000,41%,739000000000,688,829,normal,5155,8571
1650287382,20220418,7743986580,439000000000,41%,739000000000,682,829,normal,5155,8571
1650289111,20220418,7743986580,439000000000,41%,739000000000,670,829,normal,5156,8571
1650290570,20220418,7743986580,439000000000,41%,739000000000,663,829,normal,5156,8570
1650292354,20220418,7743986580,439000000000,41%,739000000000,658,829,normal,5157,8570
1650294183,20220418,7743986580,439000000000,41%,739000000000,650,829,normal,5158,8571
1650296206,20220418,7743986580,439000000000,41%,739000000000,643,829,normal,5159,8572
1650297773,20220418,7743986580,439000000000,41%,739000000000,635,829,normal,5159,8573
1650300138,20220418,7743986580,439000000000,41%,739000000000,632,842,normal,5160,8574
1650301604,20220418,7743986580,439000000000,41%,739000000000,629,842,normal,5160,8575
1650303414,20220418,7743986580,439000000000,41%,739000000000,621,842,normal,5161,8575
1650304986,20220418,7743986580,439000000000,41%,739000000000,618,842,normal,5161,8576
1650307106,20220418,7743986580,439000000000,41%,739000000000,616,842,normal,5161,8576
1650310339,20220418,7743986580,439000000000,41%,739000000000,621,842,normal,5161,8576
1650312180,20220418,7743986580,439000000000,41%,739000000000,620,842,normal,5161,8576
1650317564,20220418,7743986580,439000000000,41%,739000000000,623,842,normal,5161,8576
1650319385,20220418,7743986580,439000000000,41%,739000000000,622,842,normal,5161,8576
1650321313,20220418,7743986580,439000000000,41%,739000000000,622,842,normal,5161,8577
1650324735,20220418,7743986580,439000000000,41%,739000000000,621,842,normal,5161,8578
1650326908,20220419,7743986580,439000000000,41%,739000000000,622,842,normal,5161,8578
1650329342,20220419,7743986580,439000000000,41%,739000000000,620,842,normal,5161,8578
1650331900,20220419,7743986580,439000000000,41%,739000000000,618,842,normal,5161,8578
1650336076,20220419,7743986580,439000000000,41%,739000000000,617,842,normal,5163,8577
1650338977,20220419,7743986580,439000000000,41%,739000000000,614,842,normal,5163,8577
1650340338,20220419,7743986580,439000000000,41%,739000000000,617,842,normal,5163,8577
1650341498,20220419,7743986580,439000000000,41%,739000000000,616,842,normal,5165,8578
1650343443,20220419,7743986580,439000000000,41%,739000000000,615,842,normal,5165,8578
1650344890,20220419,7743986580,439000000000,41%,739000000000,615,842,normal,5166,8578
1650346620,20220419,7743986580,439000000000,41%,739000000000,613,842,normal,5166,8578
1650348185,20220419,7743986580,439000000000,41%,739000000000,610,842,normal,5166,8578
1650350275,20220419,7743986580,439000000000,41%,739000000000,634,842,normal,5166,8579
1650351769,20220419,7743986580,439000000000,41%,739000000000,631,842,normal,5166,8580
1650353640,20220419,7743986580,439000000000,41%,739000000000,624,842,normal,5166,8580
1650355741,20220419,7743986580,439000000000,41%,739000000000,625,842,normal,5167,8579
1650359264,20220419,7743986580,439000000000,41%,739000000000,622,842,normal,5167,8579
1650360886,20220419,7743986580,439000000000,41%,739000000000,619,842,normal,5167,8579
1650362870,20220419,7743986580,439000000000,41%,739000000000,617,842,normal,5167,8579
1650364843,20220419,7743986580,439000000000,41%,739000000000,614,842,normal,5167,8579
1650367976,20220419,7743986580,439000000000,41%,739000000000,613,842,normal,5167,8579
1650370143,20220419,7743986580,439000000000,41%,739000000000,612,842,normal,5168,8579
1650372521,20220419,7743986580,439000000000,41%,739000000000,610,842,normal,5169,8579
1650374401,20220419,7743986580,439000000000,41%,739000000000,609,842,normal,5169,8579
1650375797,20220419,7743986580,439000000000,41%,739000000000,608,842,normal,5169,8579
1650376977,20220419,7743986580,439000000000,41%,739000000000,607,842,normal,5169,8580
1650378865,20220419,7743986580,439000000000,41%,739000000000,604,842,normal,5170,8580
1650380829,20220419,7743986580,439000000000,41%,739000000000,592,842,normal,5170,8582
1650382701,20220419,7743986580,439000000000,41%,739000000000,585,842,normal,5170,8582
1650384180,20220419,7743986580,439000000000,41%,739000000000,583,842,normal,5170,8583
1650386547,20220419,7743986580,439000000000,41%,739000000000,579,849,normal,5170,8583
1650388117,20220419,7743986580,439000000000,41%,739000000000,580,849,normal,5170,8583
1650389870,20220419,7743986580,439000000000,41%,739000000000,578,849,normal,5170,8583
1650393483,20220419,7743986580,439000000000,41%,739000000000,577,849,normal,5170,8584
1650394959,20220419,7743986580,439000000000,41%,739000000000,576,849,normal,5170,8584
1650407743,20220419,7743986580,439000000000,41%,739000000000,575,849,normal,5170,8584
1650411157,20220419,7743986580,439000000000,41%,739000000000,572,849,normal,5170,8584
1650413362,20220420,7743986580,439000000000,41%,739000000000,572,849,normal,5170,8585
1650415796,20220420,7743986580,439000000000,41%,739000000000,569,849,normal,5170,8585
1650418426,20220420,7743986580,439000000000,41%,739000000000,568,849,normal,5170,8585
1650422773,20220420,7743986580,439000000000,41%,739000000000,570,849,normal,5171,8588
1650425531,20220420,7743986580,439000000000,41%,739000000000,568,849,normal,5171,8588
1650428304,20220420,7743986580,439000000000,41%,739000000000,604,849,normal,5172,8588
1650429945,20220420,7743986580,439000000000,41%,739000000000,606,849,normal,5172,8590
1650431729,20220420,7743986580,439000000000,41%,739000000000,600,849,normal,5172,8590
1650433351,20220420,7743986580,439000000000,41%,739000000000,596,849,normal,5172,8590
1650434595,20220420,7743986580,439000000000,41%,739000000000,594,849,normal,5174,8590
1650436735,20220420,7743986580,439000000000,41%,739000000000,594,849,normal,5174,8591
1650438176,20220420,7743986580,439000000000,41%,739000000000,598,849,normal,5174,8591
1650440166,20220420,7743986580,439000000000,41%,739000000000,592,849,normal,5174,8591
1650442087,20220420,7743986580,439000000000,41%,739000000000,587,849,normal,5174,8591
1650447588,20220420,7743986580,439000000000,41%,739000000000,585,849,normal,5174,8591
1650449278,20220420,7743986580,439000000000,41%,739000000000,581,849,normal,5175,8591
1650450972,20220420,7743986580,439000000000,41%,739000000000,578,849,normal,5175,8591
1650452568,20220420,7743986580,439000000000,41%,739000000000,579,849,normal,5175,8591
1650454639,20220420,7743986580,439000000000,41%,739000000000,577,849,normal,5177,8591
1650456539,20220420,7743986580,439000000000,41%,739000000000,585,849,normal,5178,8591
1650458654,20220420,7743986580,439000000000,41%,739000000000,582,849,normal,5178,8592
1650460679,20220420,7743986580,439000000000,41%,739000000000,581,849,normal,5178,8592
1650462114,20220420,7743986580,439000000000,41%,739000000000,575,849,normal,5179,8592
1650463386,20220420,7743986580,439000000000,41%,739000000000,568,849,normal,5180,8592
1650465213,20220420,7743986580,439000000000,41%,739000000000,555,849,normal,5180,8594
1650466981,20220420,7743986580,439000000000,41%,739000000000,548,849,normal,5181,8594
1650469105,20220420,7743986580,439000000000,41%,739000000000,547,849,normal,5182,8594
1650472957,20220420,7743986580,439000000000,41%,739000000000,546,864,normal,5182,8595
1650474833,20220420,7743986580,439000000000,41%,739000000000,545,864,normal,5182,8596
1650479834,20220420,7743986580,439000000000,41%,739000000000,545,864,normal,5183,8596
1650488570,20220420,7743986580,439000000000,41%,739000000000,545,864,normal,5183,8595
1650494178,20220420,7743986580,439000000000,41%,739000000000,546,864,normal,5183,8595
1650495795,20220420,7743986580,439000000000,41%,739000000000,552,864,normal,5184,8595
1650497674,20220420,7743986580,439000000000,41%,739000000000,552,864,normal,5184,8596
1650499827,20220421,7743986580,439000000000,41%,739000000000,552,864,normal,5184,8596
1650504762,20220421,7743986580,439000000000,41%,739000000000,550,864,normal,5185,8599
1650508878,20220421,7743986580,439000000000,41%,739000000000,546,864,normal,5185,8599
1650511811,20220421,7743986580,439000000000,41%,739000000000,583,864,normal,5186,8600
1650513260,20220421,7743986580,439000000000,41%,739000000000,581,864,normal,5186,8600
1650514597,20220421,7743986580,439000000000,41%,739000000000,574,864,normal,5186,8602
1650516308,20220421,7743986580,439000000000,41%,739000000000,572,864,normal,5188,8602
1650518150,20220421,7743986580,439000000000,41%,739000000000,571,864,normal,5189,8603
1650519778,20220421,7743986580,439000000000,41%,739000000000,569,864,normal,5189,8603
1650520982,20220421,7743986580,439000000000,41%,739000000000,569,864,normal,5189,8604
1650523160,20220421,7743986580,439000000000,41%,739000000000,569,864,normal,5190,8605
1650524568,20220421,7743986580,459000000000,38%,739000000000,1464,864,normal,5190,8604
1650528531,20220421,7743986580,439000000000,41%,739000000000,26,864,normal,5190,8605
1650530561,20220421,7743986580,439000000000,41%,739000000000,24,864,normal,5192,8606
1650532081,20220421,7743986580,439000000000,41%,739000000000,20,864,normal,5192,8606
1650533845,20220421,7743986580,439000000000,41%,739000000000,18,864,normal,5193,8606
1650535699,20220421,7743986580,459000000000,38%,739000000000,1487,864,normal,5195,8606
1650537701,20220421,7743986580,459000000000,38%,739000000000,1487,864,normal,5195,8607
1650545318,20220421,7743986580,459000000000,38%,739000000000,1487,864,normal,5195,8608
1650547031,20220421,7743986580,459000000000,38%,739000000000,1487,864,normal,5195,8609
1650551927,20220421,7743986580,459000000000,38%,739000000000,1487,864,normal,5195,8611
1650555422,20220421,7743986580,459000000000,38%,739000000000,1487,864,normal,5196,8611
1650557296,20220421,7743986580,459000000000,38%,739000000000,1487,864,normal,5197,8611
1650559360,20220421,7743986580,459000000000,38%,739000000000,1487,891,normal,5197,8613
1650562720,20220421,7743986580,459000000000,38%,739000000000,1487,891,normal,5197,8614
1650564208,20220421,7743986580,459000000000,38%,739000000000,1488,891,normal,5197,8615
1650583961,20220421,7743986580,459000000000,38%,739000000000,1487,891,normal,5197,8615
1650586200,20220422,7743986580,459000000000,38%,739000000000,1487,891,normal,5197,8615
1650591133,20220422,7743986580,459000000000,38%,739000000000,1488,891,normal,5197,8615
1650595633,20220422,7743986580,459000000000,38%,739000000000,1486,891,normal,5198,8614
1650598391,20220422,7743986580,459000000000,38%,739000000000,1486,891,normal,5198,8612
1650601123,20220422,7743986580,459000000000,38%,739000000000,1486,891,normal,5199,8612
1650602726,20220422,7743986580,459000000000,38%,739000000000,1486,891,normal,5201,8612
1650604477,20220422,7743986580,459000000000,38%,739000000000,1487,891,normal,5202,8612
1650606152,20220422,7743986580,459000000000,38%,739000000000,1486,891,normal,5202,8613
1650609499,20220422,7743986580,459000000000,38%,739000000000,885,891,normal,5205,8614
1650614654,20220422,7743986580,459000000000,38%,739000000000,888,891,normal,5206,8614
1650616657,20220422,7743986580,459000000000,38%,739000000000,858,891,normal,5206,8614
1650618190,20220422,7743986580,459000000000,38%,739000000000,839,891,normal,5207,8614
1650620291,20220422,7743986580,459000000000,38%,739000000000,839,891,normal,5209,8614
1650622070,20220422,7743986580,459000000000,38%,739000000000,339,891,normal,5210,8613
1650627187,20220422,7743986580,459000000000,38%,739000000000,339,891,normal,5210,8615
1650631781,20220422,7743986580,459000000000,38%,739000000000,339,891,normal,5210,8616
1650634966,20220422,7743986580,459000000000,38%,739000000000,339,891,normal,5211,8616
1650636471,20220422,7743986580,459000000000,38%,739000000000,338,891,normal,5211,8616
1650638004,20220422,7743986580,459000000000,38%,739000000000,338,891,normal,5212,8616
1650645716,20220422,7743986580,459000000000,38%,739000000000,338,905,normal,5212,8616
1650647285,20220422,7743986580,459000000000,38%,739000000000,338,905,normal,5212,8617
1650652653,20220422,7743986580,459000000000,38%,739000000000,339,905,normal,5212,8617
1650657786,20220422,7743986580,459000000000,38%,739000000000,339,905,normal,5212,8618
1650672490,20220423,7743986580,459000000000,38%,739000000000,339,905,normal,5213,8618
1650681095,20220423,7743986580,459000000000,38%,739000000000,337,905,normal,5213,8619
1650683790,20220423,7743986580,459000000000,38%,739000000000,337,905,normal,5214,8619
1650685247,20220423,7743986580,459000000000,38%,739000000000,337,905,normal,5215,8619
1650686572,20220423,7743986580,459000000000,38%,739000000000,338,905,normal,5215,8620
1650688711,20220423,7743986580,459000000000,38%,739000000000,357,905,normal,5216,8620
1650690162,20220423,7743986580,459000000000,38%,739000000000,357,905,normal,5216,8621
1650693971,20220423,7743986580,459000000000,38%,739000000000,357,905,normal,5216,8622
1650695837,20220423,7743986580,459000000000,38%,739000000000,357,905,normal,5216,8623
1650697368,20220423,7743986580,459000000000,38%,739000000000,357,905,normal,5216,8624
1650699178,20220423,7743986580,459000000000,38%,739000000000,357,905,normal,5217,8625
1650701101,20220423,7743986580,459000000000,38%,739000000000,356,905,normal,5218,8626
1650706430,20220423,7743986580,459000000000,38%,739000000000,355,905,normal,5218,8627
1650710149,20220423,7743986580,459000000000,38%,739000000000,355,905,normal,5220,8627
1650713540,20220423,7743986580,459000000000,38%,739000000000,355,905,normal,5220,8626
1650717720,20220423,7743986580,459000000000,38%,739000000000,355,905,normal,5222,8627
1650719255,20220423,7743986580,459000000000,38%,739000000000,355,905,normal,5222,8628
1650724365,20220423,7743986580,459000000000,38%,739000000000,356,905,normal,5222,8629
1650726168,20220423,7743986580,459000000000,38%,739000000000,356,905,normal,5222,8628
1650729775,20220423,7743986580,459000000000,38%,739000000000,356,905,normal,5222,8629
1650732023,20220423,7743986580,459000000000,38%,739000000000,356,919,normal,5222,8629
1650758982,20220424,7743986580,459000000000,38%,739000000000,356,919,normal,5222,8629
1650767431,20220424,7743986580,469000000000,37%,739000000000,30,919,normal,5222,8631
1650775120,20220424,7743986580,469000000000,37%,739000000000,29,919,normal,5224,8632
1650776569,20220424,7743986580,459000000000,38%,739000000000,385,919,normal,5224,8632
1650782251,20220424,7743986580,459000000000,38%,739000000000,383,919,normal,5224,8632
1650785574,20220424,7743986580,459000000000,38%,739000000000,383,919,normal,5224,8633
1650787398,20220424,7743986580,459000000000,38%,739000000000,383,919,normal,5225,8633
