data/history/7743986580.csv
time,date,itemid,price,discount,price_before_discount,stock,sold,item_status,cmt_count,liked_count
1650790973,20220424,7743986580,459000000000,38%,739000000000,383,919,normal,5228,8634
1650792853,20220424,7743986580,459000000000,38%,739000000000,382,919,normal,5228,8634
1650794567,20220424,7743986580,459000000000,38%,739000000000,382,919,normal,5228,8635
1650799934,20220424,7743986580,459000000000,38%,739000000000,82,919,normal,5228,8635
1650801808,20220424,7743986580,469000000000,37%,739000000000,20,919,normal,5228,8635
1650804117,20220424,7743986580,469000000000,37%,739000000000,19,919,normal,5228,8634
1650805679,20220424,7743986580,469000000000,37%,739000000000,19,919,normal,5229,8634
1650807395,20220424,7743986580,469000000000,37%,739000000000,19,919,normal,5229,8635
1650808979,20220424,7743986580,459000000000,38%,739000000000,99,919,normal,5229,8636
1650810764,20220424,7743986580,459000000000,38%,739000000000,100,919,normal,5229,8636
1650812569,20220424,7743986580,459000000000,38%,739000000000,100,919,normal,5229,8637
1650818416,20220424,7743986580,459000000000,38%,739000000000,100,887,normal,5229,8638
1650819887,20220424,7743986580,439000000000,41%,739000000000,275,887,normal,5231,8641
1650821682,20220424,7743986580,439000000000,41%,739000000000,390,887,normal,5231,8646
1650823376,20220424,7743986580,439000000000,41%,739000000000,297,887,normal,5232,8650
1650825403,20220424,7743986580,439000000000,41%,739000000000,296,887,normal,5232,8650
1650826984,20220424,7743986580,439000000000,41%,739000000000,291,887,normal,5232,8650
1650828730,20220424,7743986580,439000000000,41%,739000000000,286,887,normal,5232,8649
1650832474,20220424,7743986580,439000000000,41%,739000000000,285,887,normal,5232,8649
1650834185,20220424,7743986580,439000000000,41%,739000000000,284,887,normal,5232,8649
1650839663,20220424,7743986580,439000000000,41%,739000000000,289,887,normal,5232,8649
1650841386,20220424,7743986580,439000000000,41%,739000000000,287,887,normal,5232,8649
1650845323,20220425,7743986580,439000000000,41%,739000000000,282,887,normal,5232,8649
1650847598,20220425,7743986580,439000000000,41%,739000000000,281,887,normal,5233,8649
1650850260,20220425,7743986580,439000000000,41%,739000000000,278,887,normal,5234,8649
1650854277,20220425,7743986580,439000000000,41%,739000000000,166,887,normal,5235,8651
1650857010,20220425,7743986580,439000000000,41%,739000000000,263,887,normal,5235,8651
1650858306,20220425,7743986580,439000000000,41%,739000000000,269,887,normal,5235,8651
1650859600,20220425,7743986580,439000000000,41%,739000000000,272,887,normal,5235,8651
1650861620,20220425,7743986580,439000000000,41%,739000000000,275,887,normal,5237,8651
1650863034,20220425,7743986580,439000000000,41%,739000000000,31,887,normal,5237,8651
1650864817,20220425,7743986580,439000000000,41%,739000000000,272,887,normal,5237,8652
1650866598,20220425,7743986580,439000000000,41%,739000000000,269,887,normal,5237,8652
1650868731,20220425,7743986580,439000000000,41%,739000000000,268,887,normal,5238,8653
1650870174,20220425,7743986580,439000000000,41%,739000000000,273,887,normal,5239,8653
1650872034,20220425,7743986580,439000000000,41%,739000000000,273,887,normal,5240,8654
1650874079,20220425,7743986580,439000000000,41%,739000000000,270,887,normal,5241,8654
1650875895,20220425,7743986580,439000000000,41%,739000000000,268,887,normal,5241,8654
1650877677,20220425,7743986580,439000000000,41%,739000000000,266,887,normal,5241,8654
1650879291,20220425,7743986580,439000000000,41%,739000000000,265,887,normal,5241,8654
1650881333,20220425,7743986580,439000000000,41%,739000000000,264,887,normal,5241,8654
1650883011,20220425,7743986580,439000000000,41%,739000000000,261,887,normal,5241,8655
1650884881,20220425,7743986580,439000000000,41%,739000000000,30,887,normal,5241,8655
1650886628,20220425,7743986580,439000000000,41%,739000000000,27,887,normal,5241,8655
1650888529,20220425,7743986580,439000000000,41%,739000000000,22,887,normal,5241,8656
1650890916,20220425,7743986580,439000000000,41%,739000000000,15,887,normal,5241,8657
1650892689,20220425,7743986580,439000000000,41%,739000000000,11,887,normal,5241,8657
1650894294,20220425,7743986580,439000000000,41%,739000000000,10,887,normal,5241,8657
1650895693,20220425,7743986580,439000000000,41%,739000000000,264,887,normal,5241,8656
1650897459,20220425,7743986580,439000000000,41%,739000000000,262,887,normal,5241,8656
1650899498,20220425,7743986580,439000000000,41%,739000000000,258,887,normal,5241,8656
1650901013,20220425,7743986580,439000000000,41%,739000000000,259,887,normal,5241,8656
1650902883,20220425,7743986580,439000000000,41%,739000000000,257,887,normal,5242,8656
1650904921,20220425,7743986580,439000000000,41%,739000000000,252,913,normal,5242,8657
1650906455,20220425,7743986580,459000000000,38%,739000000000,1404,913,normal,5242,8657
1650908265,20220425,7743986580,459000000000,38%,739000000000,1407,913,normal,5242,8657
1650910068,20220425,7743986580,459000000000,38%,739000000000,1408,913,normal,5242,8658
1650912219,20220425,7743986580,459000000000,38%,739000000000,1409,913,normal,5242,8658
1650915417,20220425,7743986580,459000000000,38%,739000000000,1413,913,normal,5242,8658
1650920576,20220425,7743986580,459000000000,38%,739000000000,1416,913,normal,5242,8658
1650924173,20220425,7743986580,459000000000,38%,739000000000,1417,913,normal,5242,8658
1650931780,20220426,7743986580,459000000000,38%,739000000000,1417,913,normal,5242,8658
1650936698,20220426,7743986580,459000000000,38%,739000000000,1417,913,normal,5243,8658
1650940969,20220426,7743986580,459000000000,38%,739000000000,1418,913,normal,5243,8656
1650943686,20220426,7743986580,459000000000,38%,739000000000,1436,913,normal,5243,8657
1650944939,20220426,7743986580,459000000000,38%,739000000000,1443,913,normal,5243,8657
1650946179,20220426,7743986580,459000000000,38%,739000000000,1493,913,normal,5243,8657
1650948097,20220426,7743986580,439000000000,41%,739000000000,1492,913,normal,5244,8657
1650949506,20220426,7743986580,439000000000,41%,739000000000,1491,913,normal,5244,8658
1650951271,20220426,7743986580,439000000000,41%,739000000000,1506,913,normal,5244,8658
1650955086,20220426,7743986580,439000000000,41%,739000000000,1503,913,normal,5244,8658
1650958716,20220426,7743986580,439000000000,41%,739000000000,1500,913,normal,5244,8658
1650960501,20220426,7743986580,439000000000,41%,739000000000,1498,913,normal,5245,8658
1650962578,20220426,7743986580,439000000000,41%,739000000000,1495,913,normal,5245,8657
1650963791,20220426,7743986580,439000000000,41%,739000000000,1491,913,normal,5245,8657
1650965702,20220426,7743986580,439000000000,41%,739000000000,1486,913,normal,5245,8657
1650967657,20220426,7743986580,439000000000,41%,739000000000,1483,913,normal,5245,8658
1650969549,20220426,7743986580,439000000000,41%,739000000000,1482,913,normal,5246,8658
1650971265,20220426,7743986580,439000000000,41%,739000000000,1479,913,normal,5246,8659
1650973058,20220426,7743986580,439000000000,41%,739000000000,1477,913,normal,5246,8659
1650974959,20220426,7743986580,439000000000,41%,739000000000,1473,913,normal,5248,8658
1650977377,20220426,7743986580,439000000000,41%,739000000000,1470,913,normal,5248,8658
1650979083,20220426,7743986580,439000000000,41%,739000000000,1470,913,normal,5248,8659
1650980662,20220426,7743986580,439000000000,41%,739000000000,1469,913,normal,5248,8659
1650981979,20220426,7743986580,439000000000,41%,739000000000,1465,913,normal,5248,8659
1650983608,20220426,7743986580,439000000000,41%,739000000000,1461,913,normal,5248,8659
1650985395,20220426,7743986580,439000000000,41%,739000000000,1456,913,normal,5248,8659
1650987389,20220426,7743986580,439000000000,41%,739000000000,1449,913,normal,5249,8659
1650989282,20220426,7743986580,439000000000,41%,739000000000,1440,913,normal,5249,8659
1650991301,20220426,7743986580,439000000000,41%,739000000000,1438,945,normal,5249,8659
1650993132,20220426,7743986580,439000000000,41%,739000000000,1435,945,normal,5250,8658
1650994754,20220426,7743986580,439000000000,41%,739000000000,1436,945,normal,5250,8657
1650996484,20220426,7743986580,439000000000,41%,739000000000,1435,945,normal,5250,8657
1650998348,20220426,7743986580,439000000000,41%,739000000000,1436,945,normal,5250,8657
1651000060,20220426,7743986580,439000000000,41%,739000000000,1435,945,normal,5250,8657
1651010584,20220426,7743986580,439000000000,41%,739000000000,1434,945,normal,5250,8657
1651012496,20220426,7743986580,439000000000,41%,739000000000,1445,945,normal,5250,8657
1651014176,20220426,7743986580,439000000000,41%,739000000000,1444,945,normal,5250,8657
1651016080,20220426,7743986580,439000000000,41%,739000000000,1443,945,normal,5250,8657
1651018199,20220427,7743986580,439000000000,41%,739000000000,1442,945,normal,5250,8656
1651020544,20220427,7743986580,439000000000,41%,739000000000,1441,945,normal,5250,8656
1651023105,20220427,7743986580,439000000000,41%,739000000000,1440,945,normal,5251,8656
1651027597,20220427,7743986580,439000000000,41%,739000000000,1486,945,normal,5252,8656
1651030363,20220427,7743986580,439000000000,41%,739000000000,1482,945,normal,5255,8656
1651033025,20220427,7743986580,439000000000,41%,739000000000,1482,945,normal,5255,8657
1651034711,20220427,7743986580,439000000000,41%,739000000000,1481,945,normal,5255,8656
1651036319,20220427,7743986580,439000000000,41%,739000000000,1482,945,normal,5255,8656
1651037916,20220427,7743986580,439000000000,41%,739000000000,1481,945,normal,5255,8657
1651039382,20220427,7743986580,439000000000,41%,739000000000,1480,945,normal,5255,8657
1651041514,20220427,7743986580,439000000000,41%,739000000000,1479,945,normal,5256,8657
1651046922,20220427,7743986580,439000000000,41%,739000000000,1478,945,normal,5257,8657
1651048896,20220427,7743986580,439000000000,41%,739000000000,1478,945,normal,5257,8656
1651050474,20220427,7743986580,439000000000,41%,739000000000,1468,945,normal,5257,8656
1651052381,20220427,7743986580,439000000000,41%,739000000000,1468,945,normal,5257,8657
1651054092,20220427,7743986580,439000000000,41%,739000000000,1470,945,normal,5257,8656
1651055801,20220427,7743986580,439000000000,41%,739000000000,1469,945,normal,5257,8656
1651057669,20220427,7743986580,439000000000,41%,739000000000,1468,945,normal,5257,8656
1651061336,20220427,7743986580,439000000000,41%,739000000000,1468,945,normal,5257,8657
1651065487,20220427,7743986580,439000000000,41%,739000000000,1468,945,normal,5258,8657
1651066951,20220427,7743986580,439000000000,41%,739000000000,1467,945,normal,5258,8657
1651068525,20220427,7743986580,439000000000,41%,739000000000,1466,945,normal,5258,8658
1651070005,20220427,7743986580,439000000000,41%,739000000000,1466,945,normal,5259,8658
1651072106,20220427,7743986580,439000000000,41%,739000000000,1464,945,normal,5260,8658
1651074108,20220427,7743986580,439000000000,41%,739000000000,1463,945,normal,5260,8658
1651077734,20220427,7743986580,439000000000,41%,739000000000,1462,940,normal,5261,8658
1651079466,20220427,7743986580,439000000000,41%,739000000000,1459,940,normal,5261,8658
1651081105,20220427,7743986580,439000000000,41%,739000000000,1459,940,normal,5261,8657
1651082882,20220427,7743986580,439000000000,41%,739000000000,1458,940,normal,5261,8658
1651087970,20220427,7743986580,439000000000,41%,739000000000,1459,940,normal,5261,8658
1651098906,20220427,7743986580,439000000000,41%,739000000000,1458,940,normal,5261,8659
1651104713,20220428,7743986580,439000000000,41%,739000000000,1456,940,normal,5262,8659
1651109610,20220428,7743986580,439000000000,41%,739000000000,1456,940,normal,5263,8659
1651114629,20220428,7743986580,439000000000,41%,739000000000,1457,940,normal,5263,8660
1651117973,20220428,7743986580,439000000000,41%,739000000000,1456,940,normal,5263,8660
1651120219,20220428,7743986580,439000000000,41%,739000000000,1513,940,normal,5263,8659
1651121718,20220428,7743986580,439000000000,41%,739000000000,1513,940,normal,5263,8658
1651123169,20220428,7743986580,439000000000,41%,739000000000,1519,940,normal,5263,8658
1651124641,20220428,7743986580,439000000000,41%,739000000000,1518,940,normal,5264,8658
1651129365,20220428,7743986580,439000000000,41%,739000000000,1518,940,normal,5266,8658
1651133301,20220428,7743986580,439000000000,41%,739000000000,1517,940,normal,5266,8659
1651135437,20220428,7743986580,439000000000,41%,739000000000,1518,940,normal,5268,8660
1651138841,20220428,7743986580,439000000000,41%,739000000000,1518,940,normal,5269,8660
1651140509,20220428,7743986580,439000000000,41%,739000000000,1517,940,normal,5270,8660
1651142184,20220428,7743986580,439000000000,41%,739000000000,1513,940,normal,5270,8660
1651144089,20220428,7743986580,439000000000,41%,739000000000,1510,940,normal,5270,8660
1651147723,20220428,7743986580,439000000000,41%,739000000000,1509,940,normal,5270,8660
1651150175,20220428,7743986580,439000000000,41%,739000000000,1508,940,normal,5270,8660
1651154884,20220428,7743986580,439000000000,41%,739000000000,1498,940,normal,5270,8660
1651156377,20220428,7743986580,439000000000,41%,739000000000,1498,940,normal,5270,8661
1651158202,20220428,7743986580,439000000000,41%,739000000000,1496,940,normal,5270,8661
1651160219,20220428,7743986580,439000000000,41%,739000000000,1499,940,normal,5270,8660
1651164124,20220428,7743986580,439000000000,41%,739000000000,1498,1015,normal,5270,8660
1651165586,20220428,7743986580,739000000000,,0,1497,1015,normal,5270,8660
1651167411,20220428,7743986580,739000000000,,0,1497,1015,normal,5270,8661
1651169265,20220428,7743986580,739000000000,,0,1497,1015,normal,5270,8661
1651171422,20220428,7743986580,739000000000,,0,1497,1015,normal,5270,8659
1651172578,20220428,7743986580,739000000000,,0,1497,1015,normal,5270,8659
1651174341,20220428,7743986580,739000000000,,0,1497,1015,normal,5270,8659
1651176462,20220428,7743986580,739000000000,,0,1497,1015,normal,5270,8659
1651178098,20220428,7743986580,739000000000,,0,1497,1015,normal,5270,8659
1651179806,20220428,7743986580,739000000000,,0,1497,1015,normal,5270,8659
1651181602,20220428,7743986580,739000000000,,0,1497,1015,normal,5270,8659
1651183369,20220428,7743986580,739000000000,,0,1497,1015,normal,5270,8659
1651185305,20220428,7743986580,739000000000,,0,1497,1015,normal,5270,8659
1651186975,20220428,7743986580,739000000000,,0,1497,1015,normal,5270,8659
1651188886,20220428,7743986580,739000000000,,0,1497,1015,normal,5270,8659
1651190953,20220429,7743986580,739000000000,,0,1497,1015,normal,5271,8659
1651193214,20220429,7743986580,739000000000,,0,1498,1015,normal,5271,8659
1651195975,20220429,7743986580,739000000000,,0,1498,1015,normal,5271,8659
1651200284,20220429,7743986580,739000000000,,0,1498,1015,normal,5272,8659
1651202987,20220429,7743986580,739000000000,,0,1558,1015,normal,5272,8659
1651204276,20220429,7743986580,739000000000,,0,1638,1015,normal,5272,8659
1651205414,20220429,7743986580,739000000000,,0,1700,1015,normal,5273,8659
1651207315,20220429,7743986580,739000000000,,0,1823,1015,normal,5273,8659
1651208729,20220429,7743986580,739000000000,,0,1823,1015,normal,5273,8659
1651210487,20220429,7743986580,739000000000,,0,1823,1015,normal,5273,8659
1651212187,20220429,7743986580,739000000000,,0,1983,1015,normal,5273,8659
1651214302,20220429,7743986580,739000000000,,0,2134,1015,normal,5273,8658
1651215775,20220429,7743986580,739000000000,,0,2134,1015,normal,5275,8658
1651217665,20220429,7743986580,739000000000,,0,2134,1015,normal,5275,8658
1651219727,20220429,7743986580,739000000000,,0,2134,1015,normal,5276,8658
1651221822,20220429,7743986580,739000000000,,0,2134,1015,normal,5276,8658
1651223276,20220429,7743986580,739000000000,,0,2134,1015,normal,5276,8657
1651225193,20220429,7743986580,739000000000,,0,2135,1015,normal,5276,8657
1651226857,20220429,7743986580,739000000000,,0,2135,1015,normal,5277,8657
1651228802,20220429,7743986580,739000000000,,0,2125,1015,normal,5277,8657
1651230477,20220429,7743986580,739000000000,,0,2115,1015,normal,5277,8657
1651232012,20220429,7743986580,739000000000,,0,2115,1015,normal,5278,8657
1651234137,20220429,7743986580,739000000000,,0,2115,1015,normal,5278,8657
1651236587,20220429,7743986580,739000000000,,0,2115,1015,normal,5278,8656
1651238414,20220429,7743986580,739000000000,,0,2115,1015,normal,5278,8656
1651240124,20220429,7743986580,739000000000,,0,2115,1015,normal,5278,8656
1651241259,20220429,7743986580,739000000000,,0,2115,1015,normal,5278,8657
1651242806,20220429,7743986580,739000000000,,0,2115,1015,normal,5278,8657
1651244828,20220429,7743986580,439000000000,41%,739000000000,7,1015,normal,5278,8657
1651246645,20220429,7743986580,439000000000,41%,739000000000,7,1015,normal,5278,8658
1651248193,20220429,7743986580,439000000000,41%,739000000000,6,1015,normal,5278,8658
1651250492,20220429,7743986580,439000000000,41%,739000000000,4,1080,normal,5279,8658
1651251998,20220429,7743986580,739000000000,,0,2115,1080,normal,5279,8659
1651253806,20220429,7743986580,739000000000,,0,2115,1080,normal,5279,8659
1651255401,20220429,7743986580,739000000000,,0,2117,1080,normal,5279,8659
1651257529,20220429,7743986580,739000000000,,0,2117,1080,normal,5279,8659
1651258966,20220429,7743986580,739000000000,,0,2117,1080,normal,5279,8659
1651260735,20220429,7743986580,739000000000,,0,2117,1080,normal,5279,8659
1651262590,20220429,7743986580,739000000000,,0,2117,1080,normal,5279,8658
1651264488,20220429,7743986580,739000000000,,0,2117,1080,normal,5279,8658
1651266171,20220429,7743986580,739000000000,,0,2117,1080,normal,5279,8658
1651268056,20220429,7743986580,739000000000,,0,2117,1080,normal,5279,8658
1651269785,20220429,7743986580,739000000000,,0,2117,1080,normal,5279,8658
1651271736,20220429,7743986580,739000000000,,0,2117,1080,normal,5279,8658
1651273375,20220429,7743986580,739000000000,,0,2117,1080,normal,5279,8658
1651275276,20220429,7743986580,739000000000,,0,2117,1080,normal,5279,8658
1651277390,20220430,7743986580,739000000000,,0,2117,1080,normal,5279,8659
1651279628,20220430,7743986580,739000000000,,0,2117,1080,normal,5279,8659
1651282356,20220430,7743986580,739000000000,,0,2117,1080,normal,5279,8658
