data/history/7743986580.csv
time,date,itemid,price,discount,price_before_discount,stock,sold,item_status,cmt_count,liked_count
1651286409,20220430,7743986580,739000000000,,0,2117,1080,normal,5279,8657
1651289042,20220430,7743986580,739000000000,,0,2117,1080,normal,5279,8657
1651290247,20220430,7743986580,739000000000,,0,2117,1080,normal,5279,8657
1651291531,20220430,7743986580,739000000000,,0,2117,1080,normal,5279,8656
1651293587,20220430,7743986580,739000000000,,0,2118,1080,normal,5279,8655
1651294989,20220430,7743986580,739000000000,,0,2118,1080,normal,5279,8654
1651296778,20220430,7743986580,739000000000,,0,2118,1080,normal,5279,8654
1651298826,20220430,7743986580,739000000000,,0,2118,1080,normal,5281,8654
1651300652,20220430,7743986580,739000000000,,0,2118,1080,normal,5281,8654
1651302170,20220430,7743986580,739000000000,,0,2118,1080,normal,5281,8654
1651303982,20220430,7743986580,739000000000,,0,2118,1080,normal,5281,8654
1651305779,20220430,7743986580,739000000000,,0,2118,1080,normal,5281,8654
1651307798,20220430,7743986580,739000000000,,0,2118,1080,normal,5281,8654
1651309367,20220430,7743986580,739000000000,,0,2118,1080,normal,5282,8654
1651311244,20220430,7743986580,739000000000,,0,2118,1080,normal,5282,8655
1651312973,20220430,7743986580,739000000000,,0,2118,1080,normal,5282,8655
1651314938,20220430,7743986580,739000000000,,0,2118,1080,normal,5282,8655
1651316570,20220430,7743986580,739000000000,,0,2118,1080,normal,5282,8655
1651318340,20220430,7743986580,739000000000,,0,2118,1080,normal,5282,8655
1651320192,20220430,7743986580,739000000000,,0,2118,1080,normal,5282,8655
1651322529,20220430,7743986580,739000000000,,0,2118,1080,normal,5283,8655
1651324063,20220430,7743986580,739000000000,,0,2118,1080,normal,5283,8655
1651325792,20220430,7743986580,739000000000,,0,2118,1080,normal,5283,8655
1651327373,20220430,7743986580,739000000000,,0,2118,1080,normal,5283,8655
1651329178,20220430,7743986580,739000000000,,0,2118,1080,normal,5283,8655
1651330976,20220430,7743986580,739000000000,,0,2118,1080,normal,5283,8655
1651332938,20220430,7743986580,739000000000,,0,2118,1080,normal,5283,8655
1651334572,20220430,7743986580,739000000000,,0,2118,1080,normal,5283,8655
1651336818,20220430,7743986580,739000000000,,0,2118,1101,normal,5283,8655
1651338285,20220430,7743986580,739000000000,,0,2118,1101,normal,5283,8655
1651340087,20220430,7743986580,739000000000,,0,2118,1101,normal,5284,8654
1651341796,20220430,7743986580,739000000000,,0,2118,1101,normal,5284,8654
1651343826,20220430,7743986580,739000000000,,0,2118,1101,normal,5285,8654
1651345364,20220430,7743986580,739000000000,,0,2118,1101,normal,5285,8654
1651347127,20220430,7743986580,739000000000,,0,2118,1101,normal,5285,8655
1651348981,20220430,7743986580,739000000000,,0,2118,1101,normal,5285,8655
1651350860,20220430,7743986580,739000000000,,0,2118,1101,normal,5285,8655
1651352572,20220430,7743986580,739000000000,,0,2118,1101,normal,5285,8655
1651354417,20220430,7743986580,739000000000,,0,2118,1101,normal,5285,8655
1651356196,20220430,7743986580,739000000000,,0,2118,1101,normal,5285,8655
1651358082,20220430,7743986580,739000000000,,0,2118,1101,normal,5285,8655
1651359766,20220430,7743986580,739000000000,,0,2118,1101,normal,5285,8655
1651361632,20220430,7743986580,739000000000,,0,2118,1101,normal,5285,8655
1651363926,20220501,7743986580,739000000000,,0,2118,1101,normal,5285,8655
1651366031,20220501,7743986580,739000000000,,0,2118,1101,normal,5285,8655
1651368938,20220501,7743986580,739000000000,,0,2118,1101,normal,5285,8655
1651373378,20220501,7743986580,739000000000,,0,2118,1101,normal,5288,8655
1651375944,20220501,7743986580,739000000000,,0,2118,1101,normal,5288,8655
1651378518,20220501,7743986580,739000000000,,0,2118,1101,normal,5288,8655
1651380203,20220501,7743986580,739000000000,,0,2118,1101,normal,5288,8655
1651381677,20220501,7743986580,739000000000,,0,2118,1101,normal,5288,8655
1651383368,20220501,7743986580,739000000000,,0,2118,1101,normal,5288,8655
1651385238,20220501,7743986580,739000000000,,0,2118,1101,normal,5288,8655
1651387065,20220501,7743986580,739000000000,,0,2118,1101,normal,5288,8655
1651388574,20220501,7743986580,739000000000,,0,2118,1101,normal,5290,8655
1651390400,20220501,7743986580,739000000000,,0,2118,1101,normal,5290,8655
1651392274,20220501,7743986580,739000000000,,0,2118,1101,normal,5290,8654
1651394202,20220501,7743986580,739000000000,,0,2118,1101,normal,5290,8654
1651395849,20220501,7743986580,739000000000,,0,2118,1101,normal,5290,8655
1651397672,20220501,7743986580,739000000000,,0,2118,1101,normal,5290,8655
1651399400,20220501,7743986580,739000000000,,0,2118,1101,normal,5290,8655
1651401362,20220501,7743986580,739000000000,,0,2118,1101,normal,5290,8656
1651403216,20220501,7743986580,739000000000,,0,2118,1101,normal,5290,8656
1651404741,20220501,7743986580,739000000000,,0,2118,1101,normal,5290,8656
1651406803,20220501,7743986580,739000000000,,0,2118,1101,normal,5291,8656
1651408955,20220501,7743986580,739000000000,,0,2118,1101,normal,5292,8655
1651410515,20220501,7743986580,739000000000,,0,2118,1101,normal,5292,8655
1651412226,20220501,7743986580,739000000000,,0,2118,1101,normal,5292,8655
1651413765,20220501,7743986580,739000000000,,0,2118,1101,normal,5292,8655
1651415580,20220501,7743986580,739000000000,,0,2118,1101,normal,5292,8655
1651417583,20220501,7743986580,739000000000,,0,2118,1101,normal,5292,8655
1651419361,20220501,7743986580,739000000000,,0,2118,1101,normal,5293,8656
1651420980,20220501,7743986580,739000000000,,0,2118,1101,normal,5293,8656
1651423242,20220501,7743986580,739000000000,,0,2118,1108,normal,5293,8656
1651424715,20220501,7743986580,469000000000,37%,739000000000,2118,1108,normal,5293,8656
1651430217,20220501,7743986580,469000000000,37%,739000000000,2117,1108,normal,5293,8656
1651450148,20220502,7743986580,469000000000,37%,739000000000,2117,1108,normal,5293,8656
1651455127,20220502,7743986580,469000000000,37%,739000000000,2117,1108,normal,5293,8655
1651459702,20220502,7743986580,469000000000,37%,739000000000,2115,1108,normal,5293,8655
1651462957,20220502,7743986580,469000000000,37%,739000000000,2115,1108,normal,5293,8656
1651465336,20220502,7743986580,469000000000,37%,739000000000,2114,1108,normal,5293,8656
1651473503,20220502,7743986580,469000000000,37%,739000000000,2114,1108,normal,5293,8659
1651476833,20220502,7743986580,469000000000,37%,739000000000,2113,1108,normal,5293,8659
1651480702,20220502,7743986580,469000000000,37%,739000000000,2113,1108,normal,5294,8659
1651486089,20220502,7743986580,469000000000,37%,739000000000,2113,1108,normal,5295,8659
1651489368,20220502,7743986580,469000000000,37%,739000000000,2113,1108,normal,5297,8659
1651491167,20220502,7743986580,469000000000,37%,739000000000,2113,1108,normal,5298,8659
1651493334,20220502,7743986580,439000000000,41%,739000000000,9,1108,normal,5298,8658
1651495481,20220502,7743986580,439000000000,41%,739000000000,5,1108,normal,5298,8658
1651500480,20220502,7743986580,469000000000,37%,739000000000,2118,1108,normal,5298,8658
1651502277,20220502,7743986580,469000000000,37%,739000000000,2118,1108,normal,5298,8657
1651509994,20220502,7743986580,469000000000,37%,739000000000,2117,1111,normal,5298,8657
1651511497,20220502,7743986580,739000000000,,0,2117,1111,normal,5299,8657
1651513048,20220502,7743986580,739000000000,,0,2117,1111,normal,5299,8657
1651514895,20220502,7743986580,739000000000,,0,2117,1111,normal,5299,8657
1651516972,20220502,7743986580,739000000000,,0,2117,1111,normal,5299,8657
1651518494,20220502,7743986580,739000000000,,0,2117,1111,normal,5299,8657
1651520230,20220502,7743986580,739000000000,,0,2117,1111,normal,5299,8657
1651522054,20220502,7743986580,739000000000,,0,2117,1111,normal,5299,8657
1651523796,20220502,7743986580,739000000000,,0,2117,1111,normal,5299,8657
1651525660,20220502,7743986580,739000000000,,0,2117,1111,normal,5299,8657
1651527293,20220502,7743986580,739000000000,,0,2117,1111,normal,5299,8657
1651528982,20220502,7743986580,739000000000,,0,2117,1111,normal,5299,8657
1651530918,20220502,7743986580,739000000000,,0,2117,1111,normal,5299,8657
1651532575,20220502,7743986580,739000000000,,0,2117,1111,normal,5299,8657
1651534498,20220502,7743986580,739000000000,,0,2117,1111,normal,5299,8657
1651536562,20220503,7743986580,739000000000,,0,2117,1111,normal,5299,8657
1651538919,20220503,7743986580,739000000000,,0,2117,1111,normal,5299,8657
1651541479,20220503,7743986580,739000000000,,0,2117,1111,normal,5299,8658
1651545820,20220503,7743986580,739000000000,,0,2117,1111,normal,5299,8658
1651548569,20220503,7743986580,739000000000,,0,2119,1111,normal,5299,8658
1651549880,20220503,7743986580,739000000000,,0,2119,1111,normal,5299,8659
1651551025,20220503,7743986580,739000000000,,0,2120,1111,normal,5299,8659
1651552926,20220503,7743986580,739000000000,,0,2120,1111,normal,5299,8660
1651554341,20220503,7743986580,739000000000,,0,2120,1111,normal,5299,8660
1651556109,20220503,7743986580,739000000000,,0,2120,1111,normal,5300,8660
1651557795,20220503,7743986580,739000000000,,0,2120,1111,normal,5300,8660
1651559892,20220503,7743986580,739000000000,,0,2120,1111,normal,5300,8660
1651561370,20220503,7743986580,739000000000,,0,2120,1111,normal,5300,8660
1651563242,20220503,7743986580,739000000000,,0,2120,1111,normal,5302,8659
1651565332,20220503,7743986580,739000000000,,0,2120,1111,normal,5302,8659
1651567055,20220503,7743986580,739000000000,,0,2120,1111,normal,5303,8659
1651568819,20220503,7743986580,739000000000,,0,2120,1111,normal,5303,8659
1651570656,20220503,7743986580,739000000000,,0,2120,1111,normal,5304,8660
1651572197,20220503,7743986580,739000000000,,0,2120,1111,normal,5304,8660
1651574266,20220503,7743986580,739000000000,,0,2120,1111,normal,5304,8660
1651575810,20220503,7743986580,739000000000,,0,2120,1111,normal,5304,8660
1651577815,20220503,7743986580,739000000000,,0,2120,1111,normal,5304,8660
1651579417,20220503,7743986580,439000000000,41%,739000000000,10,1111,normal,5304,8660
1651581917,20220503,7743986580,439000000000,41%,739000000000,8,1111,normal,5304,8660
1651585585,20220503,7743986580,439000000000,41%,739000000000,5,1111,normal,5304,8660
1651586869,20220503,7743986580,459000000000,38%,739000000000,2123,1111,normal,5304,8660
1651590174,20220503,7743986580,439000000000,41%,739000000000,10,1111,normal,5304,8660
1651592206,20220503,7743986580,439000000000,41%,739000000000,9,1111,normal,5304,8661
1651594027,20220503,7743986580,439000000000,41%,739000000000,8,1083,normal,5306,8661
1651596176,20220503,7743986580,439000000000,41%,739000000000,6,1083,normal,5306,8661
1651597948,20220503,7743986580,459000000000,38%,739000000000,2129,1083,normal,5306,8661
1651601268,20220503,7743986580,459000000000,38%,739000000000,2129,1083,normal,5306,8663
1651603358,20220503,7743986580,459000000000,38%,739000000000,2129,1083,normal,5307,8663
1651604857,20220503,7743986580,459000000000,38%,739000000000,2129,1083,normal,5308,8663
1651622929,20220504,7743986580,459000000000,38%,739000000000,2128,1083,normal,5308,8663
1651627913,20220504,7743986580,459000000000,38%,739000000000,2128,1083,normal,5309,8663
1651632182,20220504,7743986580,459000000000,38%,739000000000,2127,1083,normal,5310,8663
1651634979,20220504,7743986580,459000000000,38%,739000000000,2128,1083,normal,5310,8663
1651637411,20220504,7743986580,459000000000,38%,739000000000,2129,1083,normal,5311,8663
1651639309,20220504,7743986580,459000000000,38%,739000000000,2132,1083,normal,5311,8663
1651642512,20220504,7743986580,459000000000,38%,739000000000,2132,1083,normal,5311,8662
1651647772,20220504,7743986580,459000000000,38%,739000000000,2132,1083,normal,5311,8661
1651651380,20220504,7743986580,459000000000,38%,739000000000,1819,1083,normal,5311,8662
1651653454,20220504,7743986580,459000000000,38%,739000000000,1619,1083,normal,5313,8662
1651655273,20220504,7743986580,459000000000,38%,739000000000,1419,1083,normal,5313,8663
1651656940,20220504,7743986580,459000000000,38%,739000000000,1119,1083,normal,5313,8664
1651660594,20220504,7743986580,459000000000,38%,739000000000,1119,1083,normal,5313,8665
1651662170,20220504,7743986580,459000000000,38%,739000000000,819,1083,normal,5313,8665
1651668443,20220504,7743986580,459000000000,38%,739000000000,819,1083,normal,5313,8666
1651672972,20220504,7743986580,459000000000,38%,739000000000,819,1083,normal,5314,8666
1651675101,20220504,7743986580,459000000000,38%,739000000000,819,1083,normal,5314,8667
1651676616,20220504,7743986580,459000000000,38%,739000000000,819,1083,normal,5314,8666
1651678616,20220504,7743986580,459000000000,38%,739000000000,819,1083,normal,5314,8667
1651680212,20220504,7743986580,459000000000,38%,739000000000,819,1083,normal,5314,8666
1651682687,20220504,7743986580,459000000000,38%,739000000000,818,1074,normal,5314,8668
1651685929,20220504,7743986580,429000000000,42%,739000000000,167,1074,normal,5316,8669
1651687403,20220504,7743986580,429000000000,42%,739000000000,274,1074,normal,5316,8670
1651689542,20220504,7743986580,429000000000,42%,739000000000,261,1074,normal,5316,8669
1651690965,20220504,7743986580,429000000000,42%,739000000000,258,1074,normal,5316,8671
1651692736,20220504,7743986580,429000000000,42%,739000000000,257,1074,normal,5316,8671
1651694573,20220504,7743986580,429000000000,42%,739000000000,255,1074,normal,5317,8671
1651696504,20220504,7743986580,429000000000,42%,739000000000,253,1074,normal,5317,8671
1651698202,20220504,7743986580,429000000000,42%,739000000000,251,1074,normal,5317,8671
1651701771,20220504,7743986580,429000000000,42%,739000000000,250,1074,normal,5317,8671
1651703736,20220504,7743986580,429000000000,42%,739000000000,252,1074,normal,5317,8671
1651705378,20220504,7743986580,429000000000,42%,739000000000,253,1074,normal,5317,8671
1651707291,20220504,7743986580,429000000000,42%,739000000000,248,1074,normal,5317,8672
1651709358,20220505,7743986580,429000000000,42%,739000000000,240,1074,normal,5317,8672
1651711834,20220505,7743986580,429000000000,42%,739000000000,234,1074,normal,5317,8672
1651714360,20220505,7743986580,429000000000,42%,739000000000,230,1074,normal,5317,8673
1651718116,20220505,7743986580,429000000000,42%,739000000000,224,1074,normal,5317,8675
1651721388,20220505,7743986580,429000000000,42%,739000000000,220,1074,normal,5317,8678
1651722797,20220505,7743986580,429000000000,42%,739000000000,214,1074,normal,5317,8678
1651723939,20220505,7743986580,429000000000,42%,739000000000,210,1074,normal,5317,8678
1651725777,20220505,7743986580,429000000000,42%,739000000000,207,1074,normal,5319,8677
1651727240,20220505,7743986580,429000000000,42%,739000000000,194,1074,normal,5319,8677
1651728973,20220505,7743986580,429000000000,42%,739000000000,203,1074,normal,5319,8677
1651730583,20220505,7743986580,429000000000,42%,739000000000,194,1074,normal,5319,8678
1651732716,20220505,7743986580,429000000000,42%,739000000000,183,1074,normal,5320,8679
1651734169,20220505,7743986580,429000000000,42%,739000000000,59,1074,normal,5320,8679
1651736042,20220505,7743986580,429000000000,42%,739000000000,38,1074,normal,5320,8679
1651738142,20220505,7743986580,429000000000,42%,739000000000,245,1074,normal,5320,8679
1651739891,20220505,7743986580,429000000000,42%,739000000000,224,1074,normal,5320,8680
1651741730,20220505,7743986580,429000000000,42%,739000000000,218,1074,normal,5321,8680
1651743317,20220505,7743986580,429000000000,42%,739000000000,216,1074,normal,5322,8680
1651745000,20220505,7743986580,429000000000,42%,739000000000,211,1074,normal,5322,8680
1651747058,20220505,7743986580,429000000000,42%,739000000000,203,1074,normal,5322,8680
1651748783,20220505,7743986580,429000000000,42%,739000000000,243,1074,normal,5323,8680
1651750402,20220505,7743986580,429000000000,42%,739000000000,242,1074,normal,5323,8680
1651752520,20220505,7743986580,429000000000,42%,739000000000,236,1074,normal,5323,8680
1651754854,20220505,7743986580,429000000000,42%,739000000000,228,1074,normal,5323,8683
1651756651,20220505,7743986580,429000000000,42%,739000000000,226,1074,normal,5323,8683
1651758136,20220505,7743986580,429000000000,42%,739000000000,221,1074,normal,5323,8682
1651759484,20220505,7743986580,429000000000,42%,739000000000,297,1074,normal,5324,8683
1651761223,20220505,7743986580,429000000000,42%,739000000000,191,1074,normal,5324,8682
1651763274,20220505,7743986580,429000000000,42%,739000000000,188,1074,normal,5324,8682
1651765209,20220505,7743986580,429000000000,42%,739000000000,184,1074,normal,5324,8682
1651766903,20220505,7743986580,429000000000,42%,739000000000,184,1057,normal,5324,8681
1651768947,20220505,7743986580,429000000000,42%,739000000000,179,1057,normal,5324,8681
1651770527,20220505,7743986580,459000000000,38%,739000000000,1528,1057,normal,5325,8683
1651772264,20220505,7743986580,459000000000,38%,739000000000,1713,1057,normal,5325,8683
1651773780,20220505,7743986580,459000000000,38%,739000000000,1714,1057,normal,5325,8683
1651775880,20220505,7743986580,459000000000,38%,739000000000,1714,1057,normal,5325,8684
1651783054,20220505,7743986580,459000000000,38%,739000000000,1715,1057,normal,5325,8684
1651788180,20220505,7743986580,459000000000,38%,739000000000,1716,1057,normal,5325,8684
1651790141,20220505,7743986580,459000000000,38%,739000000000,1716,1057,normal,5325,8683
1651793689,20220505,7743986580,459000000000,38%,739000000000,1717,1057,normal,5326,8683
1651795812,20220506,7743986580,459000000000,38%,739000000000,1718,1057,normal,5326,8684
1651800623,20220506,7743986580,459000000000,38%,739000000000,1719,1057,normal,5326,8685
1651803203,20220506,7743986580,459000000000,38%,739000000000,1720,1057,normal,5326,8685
1651805871,20220506,7743986580,459000000000,38%,739000000000,1723,1057,normal,5327,8686
1651807358,20220506,7743986580,459000000000,38%,739000000000,1726,1057,normal,5327,8686
1651809788,20220506,7743986580,459000000000,38%,739000000000,1732,1057,normal,5327,8686
1651811966,20220506,7743986580,459000000000,38%,739000000000,1733,1057,normal,5329,8687
1651813399,20220506,7743986580,459000000000,38%,739000000000,1734,1057,normal,5329,8688
