data/history/7743986580.csv
time,date,itemid,price,discount,price_before_discount,stock,sold,item_status,cmt_count,liked_count
1651817023,20220506,7743986580,459000000000,38%,739000000000,1735,1057,normal,5329,8688
1651819149,20220506,7743986580,459000000000,38%,739000000000,1733,1057,normal,5329,8688
1651820567,20220506,7743986580,459000000000,38%,739000000000,1731,1057,normal,5329,8688
1651822420,20220506,7743986580,459000000000,38%,739000000000,1730,1057,normal,5329,8689
1651824201,20220506,7743986580,459000000000,38%,739000000000,1731,1057,normal,5329,8690
1651826257,20220506,7743986580,459000000000,38%,739000000000,1730,1057,normal,5329,8690
1651827784,20220506,7743986580,459000000000,38%,739000000000,1715,1057,normal,5329,8690
1651829985,20220506,7743986580,469000000000,37%,739000000000,1715,1057,normal,5329,8690
1651831367,20220506,7743986580,469000000000,37%,739000000000,1716,1057,normal,5329,8689
1651833386,20220506,7743986580,469000000000,37%,739000000000,1717,1057,normal,5329,8689
1651834961,20220506,7743986580,469000000000,37%,739000000000,1717,1057,normal,5329,8688
1651838650,20220506,7743986580,469000000000,37%,739000000000,1718,1057,normal,5329,8689
1651841052,20220506,7743986580,469000000000,37%,739000000000,1704,1057,normal,5329,8689
1651842813,20220506,7743986580,469000000000,37%,739000000000,1703,1057,normal,5329,8690
1651844455,20220506,7743986580,469000000000,37%,739000000000,1703,1057,normal,5329,8691
1651845790,20220506,7743986580,469000000000,37%,739000000000,15,1057,normal,5329,8691
1651847625,20220506,7743986580,469000000000,37%,739000000000,13,1057,normal,5329,8691
1651849381,20220506,7743986580,469000000000,37%,739000000000,14,1057,normal,5329,8691
1651851420,20220506,7743986580,469000000000,37%,739000000000,13,1057,normal,5329,8691
1651852973,20220506,7743986580,469000000000,37%,739000000000,12,1057,normal,5330,8691
1651855330,20220506,7743986580,469000000000,37%,739000000000,12,1059,normal,5330,8690
1651856858,20220506,7743986580,469000000000,37%,739000000000,1705,1059,normal,5331,8691
1651858656,20220506,7743986580,469000000000,37%,739000000000,1718,1059,normal,5331,8691
1651865532,20220506,7743986580,469000000000,37%,739000000000,1719,1059,normal,5331,8691
1651876497,20220506,7743986580,469000000000,37%,739000000000,1719,1059,normal,5332,8691
1651882109,20220507,7743986580,469000000000,37%,739000000000,1719,1059,normal,5332,8691
1651887047,20220507,7743986580,469000000000,37%,739000000000,1719,1059,normal,5332,8692
1651890678,20220507,7743986580,469000000000,37%,739000000000,1719,1059,normal,5333,8692
1651893418,20220507,7743986580,469000000000,37%,739000000000,1719,1059,normal,5335,8693
1651894851,20220507,7743986580,469000000000,37%,739000000000,1725,1059,normal,5335,8693
1651898333,20220507,7743986580,469000000000,37%,739000000000,1725,1059,normal,5336,8694
1651899771,20220507,7743986580,469000000000,37%,739000000000,1725,1059,normal,5338,8694
1651903632,20220507,7743986580,469000000000,37%,739000000000,1725,1059,normal,5340,8694
1651908791,20220507,7743986580,469000000000,37%,739000000000,1725,1059,normal,5340,8695
1651912636,20220507,7743986580,469000000000,37%,739000000000,1727,1059,normal,5340,8695
1651914179,20220507,7743986580,469000000000,37%,739000000000,1727,1059,normal,5341,8695
1651916054,20220507,7743986580,469000000000,37%,739000000000,1727,1059,normal,5343,8695
1651917761,20220507,7743986580,469000000000,37%,739000000000,1727,1059,normal,5344,8695
1651919762,20220507,7743986580,469000000000,37%,739000000000,1727,1059,normal,5346,8695
1651921362,20220507,7743986580,469000000000,37%,739000000000,1727,1059,normal,5347,8695
1651927341,20220507,7743986580,469000000000,37%,739000000000,1727,1059,normal,5347,8697
1651928901,20220507,7743986580,469000000000,37%,739000000000,1727,1059,normal,5348,8698
1651930615,20220507,7743986580,469000000000,37%,739000000000,1727,1059,normal,5348,8699
1651932163,20220507,7743986580,469000000000,37%,739000000000,14,1059,normal,5348,8700
1651939380,20220507,7743986580,469000000000,37%,739000000000,14,1059,normal,5348,8701
1651941622,20220507,7743986580,469000000000,37%,739000000000,14,1071,normal,5349,8702
1651943091,20220507,7743986580,469000000000,37%,739000000000,1727,1071,normal,5349,8702
1651944899,20220507,7743986580,469000000000,37%,739000000000,1726,1071,normal,5349,8704
1651946570,20220507,7743986580,469000000000,37%,739000000000,1740,1071,normal,5349,8705
1651948615,20220507,7743986580,469000000000,37%,739000000000,1740,1071,normal,5349,8706
1651960964,20220507,7743986580,469000000000,37%,739000000000,1740,1071,normal,5350,8706
1651968562,20220508,7743986580,469000000000,37%,739000000000,1740,1071,normal,5350,8706
1651970872,20220508,7743986580,469000000000,37%,739000000000,1740,1071,normal,5350,8707
1651973465,20220508,7743986580,469000000000,37%,739000000000,1740,1071,normal,5351,8708
1651977466,20220508,7743986580,469000000000,37%,739000000000,1740,1071,normal,5352,8712
1651980120,20220508,7743986580,469000000000,37%,739000000000,1739,1071,normal,5353,8712
1651981442,20220508,7743986580,469000000000,37%,739000000000,1739,1071,normal,5353,8715
1651984777,20220508,7743986580,469000000000,37%,739000000000,1739,1071,normal,5353,8716
1651986183,20220508,7743986580,469000000000,37%,739000000000,14,1071,normal,5353,8717
1651988033,20220508,7743986580,469000000000,37%,739000000000,14,1071,normal,5353,8719
1651989817,20220508,7743986580,469000000000,37%,739000000000,14,1071,normal,5353,8720
1651993368,20220508,7743986580,469000000000,37%,739000000000,13,1071,normal,5353,8720
1651995188,20220508,7743986580,469000000000,37%,739000000000,13,1071,normal,5353,8722
1651997008,20220508,7743986580,469000000000,37%,739000000000,1752,1071,normal,5353,8722
1652000568,20220508,7743986580,469000000000,37%,739000000000,1752,1071,normal,5353,8723
1652002475,20220508,7743986580,469000000000,37%,739000000000,1752,1071,normal,5353,8722
1652006162,20220508,7743986580,469000000000,37%,739000000000,1751,1071,normal,5353,8723
1652009540,20220508,7743986580,469000000000,37%,739000000000,1751,1071,normal,5353,8724
1652011645,20220508,7743986580,469000000000,37%,739000000000,1751,1071,normal,5353,8725
1652015305,20220508,7743986580,469000000000,37%,739000000000,1751,1071,normal,5354,8725
1652017022,20220508,7743986580,469000000000,37%,739000000000,1751,1071,normal,5354,8726
1652018579,20220508,7743986580,469000000000,37%,739000000000,1751,1071,normal,5354,8728
1652020381,20220508,7743986580,469000000000,37%,739000000000,1751,1071,normal,5355,8728
1652025767,20220508,7743986580,469000000000,37%,739000000000,1750,1071,normal,5355,8727
1652028029,20220508,7743986580,469000000000,37%,739000000000,1750,1074,normal,5355,8728
1652029499,20220508,7743986580,469000000000,37%,739000000000,1749,1074,normal,5355,8729
1652035013,20220508,7743986580,469000000000,37%,739000000000,1749,1074,normal,5356,8729
1652054958,20220509,7743986580,469000000000,37%,739000000000,1749,1074,normal,5356,8730
1652057308,20220509,7743986580,469000000000,37%,739000000000,1749,1074,normal,5356,8731
1652064027,20220509,7743986580,469000000000,37%,739000000000,1750,1074,normal,5357,8730
1652066868,20220509,7743986580,469000000000,37%,739000000000,1751,1074,normal,5357,8730
1652068127,20220509,7743986580,469000000000,37%,739000000000,1751,1074,normal,5358,8730
1652069405,20220509,7743986580,469000000000,37%,739000000000,1751,1074,normal,5358,8729
1652071314,20220509,7743986580,469000000000,37%,739000000000,1751,1074,normal,5359,8730
1652072754,20220509,7743986580,469000000000,37%,739000000000,1753,1074,normal,5359,8729
1652074545,20220509,7743986580,469000000000,37%,739000000000,1753,1074,normal,5360,8730
1652076206,20220509,7743986580,469000000000,37%,739000000000,1753,1074,normal,5361,8731
1652078331,20220509,7743986580,469000000000,37%,739000000000,1752,1074,normal,5363,8731
1652081651,20220509,7743986580,469000000000,37%,739000000000,1752,1074,normal,5364,8732
1652085822,20220509,7743986580,469000000000,37%,739000000000,1736,1074,normal,5367,8733
1652088927,20220509,7743986580,469000000000,37%,739000000000,1736,1074,normal,5368,8733
1652090583,20220509,7743986580,469000000000,37%,739000000000,1736,1074,normal,5368,8734
1652092631,20220509,7743986580,469000000000,37%,739000000000,1736,1074,normal,5368,8735
1652094179,20220509,7743986580,469000000000,37%,739000000000,1736,1074,normal,5368,8736
1652095994,20220509,7743986580,469000000000,37%,739000000000,1736,1074,normal,5369,8736
1652097839,20220509,7743986580,469000000000,37%,739000000000,15,1074,normal,5369,8736
1652100252,20220509,7743986580,469000000000,37%,739000000000,15,1074,normal,5369,8737
1652102066,20220509,7743986580,469000000000,37%,739000000000,14,1074,normal,5370,8737
1652103878,20220509,7743986580,469000000000,37%,739000000000,14,1074,normal,5370,8738
1652104972,20220509,7743986580,469000000000,37%,739000000000,1749,1074,normal,5370,8739
1652106811,20220509,7743986580,469000000000,37%,739000000000,1748,1074,normal,5370,8740
1652108596,20220509,7743986580,469000000000,37%,739000000000,1748,1074,normal,5371,8741
1652112535,20220509,7743986580,469000000000,37%,739000000000,1747,1074,normal,5371,8741
1652114541,20220509,7743986580,469000000000,37%,739000000000,1746,1113,normal,5373,8741
1652116299,20220509,7743986580,469000000000,37%,739000000000,1747,1113,normal,5373,8742
1652121716,20220509,7743986580,469000000000,37%,739000000000,1747,15218,normal,5373,8742
1652123272,20220509,7743986580,469000000000,37%,739000000000,1747,1113,normal,5373,8742
1652139283,20220509,7743986580,469000000000,37%,739000000000,1748,1113,normal,5373,8742
1652141318,20220510,7743986580,469000000000,37%,739000000000,1748,1113,normal,5373,8742
1652146193,20220510,7743986580,469000000000,37%,739000000000,1748,1113,normal,5374,8743
1652148334,20220510,7743986580,469000000000,37%,739000000000,1747,1113,normal,5374,8743
1652150764,20220510,7743986580,469000000000,37%,739000000000,1748,1113,normal,5374,8743
1652153944,20220510,7743986580,469000000000,37%,739000000000,1747,1113,normal,5374,8743
1652155377,20220510,7743986580,469000000000,37%,739000000000,1747,1113,normal,5375,8743
1652157556,20220510,7743986580,469000000000,37%,739000000000,1747,1113,normal,5375,8744
1652158993,20220510,7743986580,469000000000,37%,739000000000,1747,1113,normal,5376,8744
1652162592,20220510,7743986580,469000000000,37%,739000000000,1747,1113,normal,5376,8745
1652168318,20220510,7743986580,469000000000,37%,739000000000,1748,1113,normal,5376,8746
1652170148,20220510,7743986580,469000000000,37%,739000000000,1748,1113,normal,5377,8746
1652176980,20220510,7743986580,469000000000,37%,739000000000,15,1113,normal,5377,8746
1652178996,20220510,7743986580,469000000000,37%,739000000000,15,1113,normal,5379,8746
1652184547,20220510,7743986580,469000000000,37%,739000000000,1763,1113,normal,5379,8746
1652186821,20220510,7743986580,469000000000,37%,739000000000,1761,1113,normal,5380,8746
1652190360,20220510,7743986580,469000000000,37%,739000000000,1761,1113,normal,5380,8747
1652193393,20220510,7743986580,469000000000,37%,739000000000,1761,1113,normal,5380,8748
1652195322,20220510,7743986580,469000000000,37%,739000000000,1760,1113,normal,5380,8748
1652200984,20220510,7743986580,469000000000,37%,739000000000,1760,1141,normal,5380,8747
1652202616,20220510,7743986580,469000000000,37%,739000000000,1761,1141,normal,5380,8747
1652205809,20220510,7743986580,469000000000,37%,739000000000,1762,1141,normal,5380,8747
1652208161,20220510,7743986580,469000000000,37%,739000000000,1761,1141,normal,5380,8746
1652215178,20220510,7743986580,469000000000,37%,739000000000,1761,1141,normal,5381,8746
1652225739,20220510,7743986580,469000000000,37%,739000000000,1761,1141,normal,5382,8747
1652227739,20220511,7743986580,469000000000,37%,739000000000,1760,1141,normal,5383,8747
1652230051,20220511,7743986580,469000000000,37%,739000000000,1760,1141,normal,5384,8747
1652232839,20220511,7743986580,469000000000,37%,739000000000,1760,1141,normal,5385,8748
1652236770,20220511,7743986580,469000000000,37%,739000000000,1760,1141,normal,5387,8749
1652239682,20220511,7743986580,469000000000,37%,739000000000,1760,1141,normal,5388,8749
1652242378,20220511,7743986580,469000000000,37%,739000000000,1764,1141,normal,5388,8750
1652244258,20220511,7743986580,469000000000,37%,739000000000,1764,1141,normal,5389,8753
1652251214,20220511,7743986580,469000000000,37%,739000000000,1762,1141,normal,5389,8753
1652256525,20220511,7743986580,469000000000,37%,739000000000,1761,1141,normal,5389,8754
1652260073,20220511,7743986580,469000000000,37%,739000000000,1761,1141,normal,5389,8755
1652261987,20220511,7743986580,469000000000,37%,739000000000,1760,1141,normal,5391,8755
1652263689,20220511,7743986580,469000000000,37%,739000000000,1760,1141,normal,5392,8755
1652265555,20220511,7743986580,469000000000,37%,739000000000,1760,1141,normal,5392,8756
1652267002,20220511,7743986580,469000000000,37%,739000000000,1760,1141,normal,5392,8757
1652269087,20220511,7743986580,469000000000,37%,739000000000,1760,1141,normal,5393,8757
1652274947,20220511,7743986580,469000000000,37%,739000000000,1760,1141,normal,5394,8757
1652276663,20220511,7743986580,469000000000,37%,739000000000,1760,1141,normal,5394,8758
1652279580,20220511,7743986580,469000000000,37%,739000000000,1760,1141,normal,5397,8757
1652281485,20220511,7743986580,469000000000,37%,739000000000,1760,1141,normal,5398,8757
1652287375,20220511,7743986580,469000000000,37%,739000000000,1760,1163,normal,5399,8757
1652299685,20220511,7743986580,469000000000,37%,739000000000,1760,1163,normal,5399,8758
1652314231,20220512,7743986580,469000000000,37%,739000000000,1760,1163,normal,5399,8759
1652316480,20220512,7743986580,469000000000,37%,739000000000,1760,1163,normal,5399,8758
1652323105,20220512,7743986580,469000000000,37%,739000000000,1760,1163,normal,5400,8758
1652325785,20220512,7743986580,469000000000,37%,739000000000,1760,1163,normal,5401,8758
1652327074,20220512,7743986580,469000000000,37%,739000000000,1759,1163,normal,5401,8758
1652330571,20220512,7743986580,469000000000,37%,739000000000,1758,1163,normal,5401,8758
1652332041,20220512,7743986580,469000000000,37%,739000000000,1758,1163,normal,5401,8759
1652335398,20220512,7743986580,469000000000,37%,739000000000,1758,1163,normal,5401,8760
1652339057,20220512,7743986580,469000000000,37%,739000000000,1758,1163,normal,5402,8760
1652342892,20220512,7743986580,469000000000,37%,739000000000,1756,1163,normal,5403,8761
1652344740,20220512,7743986580,469000000000,37%,739000000000,1755,1163,normal,5403,8761
1652346497,20220512,7743986580,469000000000,37%,739000000000,1740,1163,normal,5403,8761
1652348398,20220512,7743986580,469000000000,37%,739000000000,1740,1163,normal,5404,8762
1652350073,20220512,7743986580,469000000000,37%,739000000000,1740,1163,normal,5404,8764
1652351863,20220512,7743986580,469000000000,37%,739000000000,1740,1163,normal,5404,8765
1652353664,20220512,7743986580,469000000000,37%,739000000000,1740,1163,normal,5405,8765
1652361435,20220512,7743986580,469000000000,37%,739000000000,1740,1163,normal,5406,8766
1652363104,20220512,7743986580,469000000000,37%,739000000000,1740,1163,normal,5406,8768
1652364337,20220512,7743986580,469000000000,37%,739000000000,1740,1163,normal,5406,8770
1652366112,20220512,7743986580,469000000000,37%,739000000000,1740,1163,normal,5406,8771
1652367877,20220512,7743986580,469000000000,37%,739000000000,1740,1163,normal,5407,8771
1652371677,20220512,7743986580,469000000000,37%,739000000000,1740,1163,normal,5407,8772
1652373796,20220512,7743986580,469000000000,37%,739000000000,1740,1170,normal,5407,8773
1652400726,20220513,7743986580,469000000000,37%,739000000000,1740,1170,normal,5407,8774
1652405482,20220513,7743986580,469000000000,37%,739000000000,1740,1170,normal,5408,8775
1652415773,20220513,7743986580,469000000000,37%,739000000000,1740,1170,normal,5410,8776
1652419070,20220513,7743986580,469000000000,37%,739000000000,1740,1170,normal,5410,8778
1652420685,20220513,7743986580,469000000000,37%,739000000000,1590,1170,normal,5410,8778
1652424042,20220513,7743986580,469000000000,37%,739000000000,1290,1170,normal,5410,8779
1652425415,20220513,7743986580,469000000000,37%,739000000000,990,1170,normal,5410,8779
1652429345,20220513,7743986580,469000000000,37%,739000000000,15,1170,normal,5410,8779
1652431362,20220513,7743986580,469000000000,37%,739000000000,14,1170,normal,5410,8780
1652434784,20220513,7743986580,469000000000,37%,739000000000,14,1170,normal,5410,8781
1652436468,20220513,7743986580,469000000000,37%,739000000000,1004,1170,normal,5410,8781
1652438561,20220513,7743986580,469000000000,37%,739000000000,1004,1170,normal,5410,8782
1652445961,20220513,7743986580,469000000000,37%,739000000000,1004,1170,normal,5410,8784
1652448170,20220513,7743986580,469000000000,37%,739000000000,1004,1170,normal,5410,8783
1652449850,20220513,7743986580,469000000000,37%,739000000000,1004,1170,normal,5411,8783
1652452835,20220513,7743986580,469000000000,37%,739000000000,1004,1170,normal,5411,8784
1652456212,20220513,7743986580,469000000000,37%,739000000000,704,1170,normal,5412,8784
1652458088,20220513,7743986580,469000000000,37%,739000000000,704,1170,normal,5412,8785
1652460163,20220513,7743986580,469000000000,37%,739000000000,704,1154,normal,5412,8784
1652461732,20220513,7743986580,469000000000,37%,739000000000,704,1154,normal,5412,8785
1652463537,20220513,7743986580,469000000000,37%,739000000000,704,1154,normal,5412,8784
1652467137,20220513,7743986580,469000000000,37%,739000000000,704,1154,normal,5412,8783
1652468576,20220513,7743986580,469000000000,37%,739000000000,704,1154,normal,5412,8784
1652470348,20220513,7743986580,469000000000,37%,739000000000,704,1154,normal,5412,8785
1652487082,20220514,7743986580,469000000000,37%,739000000000,704,1154,normal,5412,8785
1652499971,20220514,7743986580,469000000000,37%,739000000000,704,1154,normal,5413,8786
1652502789,20220514,7743986580,469000000000,37%,739000000000,1194,1154,normal,5413,8786
