data/history/7743986580.csv
time,date,itemid,price,discount,price_before_discount,stock,sold,item_status,cmt_count,liked_count
1652506153,20220514,7743986580,469000000000,37%,739000000000,1194,1154,normal,5413,8788
1652507585,20220514,7743986580,469000000000,37%,739000000000,1194,1154,normal,5413,8787
1652517440,20220514,7743986580,469000000000,37%,739000000000,1195,1154,normal,5413,8788
1652520874,20220514,7743986580,469000000000,37%,739000000000,1195,1154,normal,5413,8789
1652529812,20220514,7743986580,469000000000,37%,739000000000,1195,1154,normal,5413,8790
1652532264,20220514,7743986580,469000000000,37%,739000000000,1195,1154,normal,5413,8789
1652536965,20220514,7743986580,469000000000,37%,739000000000,1195,1154,normal,5413,8790
1652538809,20220514,7743986580,469000000000,37%,739000000000,1194,1154,normal,5413,8790
1652542562,20220514,7743986580,469000000000,37%,739000000000,1194,1154,normal,5413,8791
1652546481,20220514,7743986580,469000000000,37%,739000000000,1194,1171,normal,5413,8793
1652547974,20220514,7743986580,449000000000,39%,739000000000,287,1171,normal,5414,8793
1652549779,20220514,7743986580,449000000000,39%,739000000000,149,1171,normal,5414,8793
1652551380,20220514,7743986580,449000000000,39%,739000000000,298,1171,normal,5414,8795
1652553456,20220514,7743986580,449000000000,39%,739000000000,297,1171,normal,5415,8795
1652554968,20220514,7743986580,449000000000,39%,739000000000,297,1171,normal,5415,8796
1652558585,20220514,7743986580,449000000000,39%,739000000000,297,1171,normal,5415,8797
1652567716,20220514,7743986580,449000000000,39%,739000000000,297,1171,normal,5415,8798
1652571281,20220514,7743986580,449000000000,39%,739000000000,296,1171,normal,5415,8798
1652573527,20220515,7743986580,449000000000,39%,739000000000,295,1171,normal,5415,8798
1652575645,20220515,7743986580,449000000000,39%,739000000000,292,1171,normal,5415,8798
1652578332,20220515,7743986580,449000000000,39%,739000000000,290,1171,normal,5416,8798
1652582352,20220515,7743986580,449000000000,39%,739000000000,131,1171,normal,5417,8801
1652584993,20220515,7743986580,449000000000,39%,739000000000,287,1171,normal,5417,8802
1652586244,20220515,7743986580,449000000000,39%,739000000000,287,1171,normal,5417,8804
1652587538,20220515,7743986580,449000000000,39%,739000000000,285,1171,normal,5417,8805
1652589690,20220515,7743986580,449000000000,39%,739000000000,285,1171,normal,5417,8807
1652591123,20220515,7743986580,449000000000,39%,739000000000,146,1171,normal,5417,8808
1652592901,20220515,7743986580,449000000000,39%,739000000000,286,1171,normal,5418,8808
1652594569,20220515,7743986580,449000000000,39%,739000000000,282,1171,normal,5418,8808
1652596690,20220515,7743986580,449000000000,39%,739000000000,281,1171,normal,5419,8808
1652598165,20220515,7743986580,449000000000,39%,739000000000,280,1171,normal,5419,8809
1652600003,20220515,7743986580,449000000000,39%,739000000000,280,1171,normal,5420,8810
1652601786,20220515,7743986580,449000000000,39%,739000000000,17,1171,normal,5420,8809
1652603819,20220515,7743986580,449000000000,39%,739000000000,15,1171,normal,5420,8809
1652605368,20220515,7743986580,449000000000,39%,739000000000,15,1171,normal,5420,8810
1652607296,20220515,7743986580,449000000000,39%,739000000000,13,1171,normal,5420,8809
1652608976,20220515,7743986580,449000000000,39%,739000000000,10,1171,normal,5420,8809
1652610991,20220515,7743986580,449000000000,39%,739000000000,9,1171,normal,5420,8809
1652612562,20220515,7743986580,449000000000,39%,739000000000,30,1171,normal,5420,8810
1652614375,20220515,7743986580,449000000000,39%,739000000000,28,1171,normal,5421,8810
1652616212,20220515,7743986580,449000000000,39%,739000000000,27,1171,normal,5421,8810
1652618651,20220515,7743986580,449000000000,39%,739000000000,25,1171,normal,5421,8811
1652620381,20220515,7743986580,449000000000,39%,739000000000,23,1171,normal,5421,8811
1652623363,20220515,7743986580,449000000000,39%,739000000000,281,1171,normal,5421,8811
1652625191,20220515,7743986580,449000000000,39%,739000000000,281,1171,normal,5422,8811
1652626978,20220515,7743986580,449000000000,39%,739000000000,279,1171,normal,5422,8811
1652628959,20220515,7743986580,449000000000,39%,739000000000,279,1171,normal,5422,8810
1652632923,20220515,7743986580,449000000000,39%,739000000000,279,1209,normal,5422,8810
1652634410,20220515,7743986580,469000000000,37%,739000000000,1871,1209,normal,5423,8811
1652636217,20220515,7743986580,469000000000,37%,739000000000,1873,1209,normal,5423,8811
1652637798,20220515,7743986580,469000000000,37%,739000000000,1873,1209,normal,5423,8812
1652639845,20220515,7743986580,469000000000,37%,739000000000,2151,1209,normal,5423,8812
1652657694,20220515,7743986580,469000000000,37%,739000000000,2151,1209,normal,5423,8813
1652659871,20220516,7743986580,469000000000,37%,739000000000,2151,1209,normal,5423,8813
1652664676,20220516,7743986580,469000000000,37%,739000000000,2151,1209,normal,5424,8813
1652668308,20220516,7743986580,469000000000,37%,739000000000,2151,1209,normal,5425,8812
1652671071,20220516,7743986580,469000000000,37%,739000000000,2152,1209,normal,5425,8812
1652672526,20220516,7743986580,469000000000,37%,739000000000,2154,1209,normal,5425,8812
1652673836,20220516,7743986580,469000000000,37%,739000000000,2154,1209,normal,5426,8812
1652676152,20220516,7743986580,469000000000,37%,739000000000,2154,1209,normal,5426,8813
1652679389,20220516,7743986580,469000000000,37%,739000000000,2153,1209,normal,5426,8812
1652683244,20220516,7743986580,469000000000,37%,739000000000,2153,1209,normal,5426,8813
1652684700,20220516,7743986580,469000000000,37%,739000000000,2154,1209,normal,5427,8813
1652690621,20220516,7743986580,469000000000,37%,739000000000,2153,1209,normal,5428,8813
1652693711,20220516,7743986580,469000000000,37%,739000000000,2152,1209,normal,5429,8813
1652700799,20220516,7743986580,469000000000,37%,739000000000,2152,1209,normal,5429,8814
1652702622,20220516,7743986580,469000000000,37%,739000000000,2153,1209,normal,5429,8815
1652705086,20220516,7743986580,469000000000,37%,739000000000,2153,1209,normal,5429,8816
1652709858,20220516,7743986580,469000000000,37%,739000000000,2153,1209,normal,5429,8817
1652715435,20220516,7743986580,469000000000,37%,739000000000,2153,1209,normal,5429,8818
1652716979,20220516,7743986580,469000000000,37%,739000000000,2153,1209,normal,5429,8819
1652719357,20220516,7743986580,469000000000,37%,739000000000,2153,1227,normal,5429,8819
1652722658,20220516,7743986580,469000000000,37%,739000000000,2153,1227,normal,5430,8819
1652730196,20220516,7743986580,469000000000,37%,739000000000,2153,1227,normal,5430,8820
1652746221,20220517,7743986580,469000000000,37%,739000000000,2153,1227,normal,5430,8820
1652748423,20220517,7743986580,469000000000,37%,739000000000,2153,1227,normal,5430,8821
1652755313,20220517,7743986580,469000000000,37%,739000000000,2154,1227,normal,5431,8821
1652760717,20220517,7743986580,469000000000,37%,739000000000,2154,1227,normal,5432,8821
1652762564,20220517,7743986580,469000000000,37%,739000000000,2154,1227,normal,5433,8821
1652763993,20220517,7743986580,469000000000,37%,739000000000,2153,1227,normal,5433,8821
1652765784,20220517,7743986580,469000000000,37%,739000000000,2154,1227,normal,5433,8821
1652772838,20220517,7743986580,469000000000,37%,739000000000,2154,1227,normal,5433,8820
1652787184,20220517,7743986580,469000000000,37%,739000000000,2153,1227,normal,5433,8820
1652789024,20220517,7743986580,469000000000,37%,739000000000,2153,1227,normal,5434,8819
1652791480,20220517,7743986580,469000000000,37%,739000000000,2153,1227,normal,5435,8818
1652796459,20220517,7743986580,469000000000,37%,739000000000,2152,1227,normal,5435,8818
1652800059,20220517,7743986580,469000000000,37%,739000000000,2152,1227,normal,5436,8818
1652801803,20220517,7743986580,469000000000,37%,739000000000,2152,1227,normal,5436,8819
1652805781,20220517,7743986580,469000000000,37%,739000000000,2152,1242,normal,5436,8818
1652809063,20220517,7743986580,469000000000,37%,739000000000,2152,1242,normal,5437,8819
1652812649,20220517,7743986580,469000000000,37%,739000000000,2152,1242,normal,5437,8818
1652828578,20220517,7743986580,469000000000,37%,739000000000,2152,1242,normal,5438,8818
1652832601,20220518,7743986580,469000000000,37%,739000000000,2152,1242,normal,5438,8818
1652841505,20220518,7743986580,469000000000,37%,739000000000,2151,1242,normal,5439,8818
1652844427,20220518,7743986580,469000000000,37%,739000000000,2152,1242,normal,5440,8818
1652845748,20220518,7743986580,469000000000,37%,739000000000,2151,1242,normal,5440,8819
1652853789,20220518,7743986580,469000000000,37%,739000000000,2151,1242,normal,5441,8821
1652863076,20220518,7743986580,469000000000,37%,739000000000,2141,1242,normal,5442,8821
1652864573,20220518,7743986580,469000000000,37%,739000000000,2140,1242,normal,5442,8821
1652868178,20220518,7743986580,469000000000,37%,739000000000,2140,1242,normal,5442,8822
1652873583,20220518,7743986580,469000000000,37%,739000000000,2140,1242,normal,5443,8822
1652877875,20220518,7743986580,469000000000,37%,739000000000,2140,1242,normal,5443,8823
1652879772,20220518,7743986580,469000000000,37%,739000000000,2139,1242,normal,5443,8823
1652881480,20220518,7743986580,469000000000,37%,739000000000,2139,1242,normal,5444,8824
1652884525,20220518,7743986580,469000000000,37%,739000000000,2139,1242,normal,5444,8823
1652886181,20220518,7743986580,469000000000,37%,739000000000,2139,1242,normal,5444,8825
1652892147,20220518,7743986580,469000000000,37%,739000000000,2139,1223,normal,5444,8827
1652895460,20220518,7743986580,469000000000,37%,739000000000,2139,1223,normal,5444,8828
1652900573,20220518,7743986580,469000000000,37%,739000000000,2139,1223,normal,5444,8829
1652918948,20220519,7743986580,469000000000,37%,739000000000,2139,1223,normal,5444,8829
1652923857,20220519,7743986580,469000000000,37%,739000000000,2137,1223,normal,5444,8830
1652928252,20220519,7743986580,469000000000,37%,739000000000,2136,1223,normal,5444,8829
1652931002,20220519,7743986580,469000000000,37%,739000000000,2137,1223,normal,5444,8829
1652936799,20220519,7743986580,469000000000,37%,739000000000,9,1223,normal,5444,8829
1652938591,20220519,7743986580,469000000000,37%,739000000000,6,1223,normal,5444,8830
1652940185,20220519,7743986580,469000000000,37%,739000000000,6,1223,normal,5445,8830
1652942368,20220519,7743986580,469000000000,37%,739000000000,5,1223,normal,5445,8831
1652947391,20220519,7743986580,469000000000,37%,739000000000,2142,1223,normal,5445,8831
1652950977,20220519,7743986580,469000000000,37%,739000000000,2142,1223,normal,5446,8831
1652952928,20220519,7743986580,469000000000,37%,739000000000,2132,1223,normal,5446,8831
1652954603,20220519,7743986580,469000000000,37%,739000000000,2131,1223,normal,5446,8831
1652956638,20220519,7743986580,469000000000,37%,739000000000,2131,1223,normal,5446,8830
1652958167,20220519,7743986580,469000000000,37%,739000000000,2130,1223,normal,5446,8830
1652964300,20220519,7743986580,469000000000,37%,739000000000,2131,1223,normal,5446,8831
1652966148,20220519,7743986580,469000000000,37%,739000000000,2131,1223,normal,5446,8830
1652969047,20220519,7743986580,469000000000,37%,739000000000,2131,1223,normal,5446,8831
1652970851,20220519,7743986580,469000000000,37%,739000000000,2131,1223,normal,5446,8832
1652974919,20220519,7743986580,469000000000,37%,739000000000,2130,1223,normal,5446,8832
1652976606,20220519,7743986580,469000000000,37%,739000000000,2129,1197,normal,5447,8833
1652978724,20220519,7743986580,469000000000,37%,739000000000,2129,1197,normal,5447,8832
1652982328,20220519,7743986580,469000000000,37%,739000000000,2129,1197,normal,5447,8833
1652990585,20220519,7743986580,469000000000,37%,739000000000,2129,1197,normal,5447,8834
1652996066,20220519,7743986580,469000000000,37%,739000000000,2128,1197,normal,5447,8834
1653005365,20220520,7743986580,469000000000,37%,739000000000,2128,1197,normal,5448,8835
1653010290,20220520,7743986580,469000000000,37%,739000000000,2130,1197,normal,5448,8835
1653014280,20220520,7743986580,469000000000,37%,739000000000,2128,1197,normal,5448,8835
1653017117,20220520,7743986580,469000000000,37%,739000000000,2129,1197,normal,5448,8836
1653023091,20220520,7743986580,469000000000,37%,739000000000,10,1197,normal,5448,8836
1653024898,20220520,7743986580,469000000000,37%,739000000000,9,1197,normal,5448,8837
1653028720,20220520,7743986580,469000000000,37%,739000000000,9,1197,normal,5448,8838
1653030175,20220520,7743986580,469000000000,37%,739000000000,8,1197,normal,5448,8838
1653033778,20220520,7743986580,469000000000,37%,739000000000,2137,1197,normal,5448,8838
1653037374,20220520,7743986580,469000000000,37%,739000000000,2135,1197,normal,5448,8838
1653039332,20220520,7743986580,469000000000,37%,739000000000,2120,1197,normal,5448,8838
1653043015,20220520,7743986580,469000000000,37%,739000000000,2120,1197,normal,5448,8839
1653044580,20220520,7743986580,469000000000,37%,739000000000,2121,1197,normal,5448,8839
1653046396,20220520,7743986580,469000000000,37%,739000000000,2120,1197,normal,5448,8839
1653050654,20220520,7743986580,469000000000,37%,739000000000,2100,1197,normal,5448,8839
1653052463,20220520,7743986580,469000000000,37%,739000000000,2100,1197,normal,5448,8840
1653064911,20220520,7743986580,469000000000,37%,739000000000,2100,1161,normal,5448,8840
1653069773,20220520,7743986580,469000000000,37%,739000000000,2099,1161,normal,5448,8840
1653091740,20220521,7743986580,469000000000,37%,739000000000,2099,1161,normal,5448,8840
1653094004,20220521,7743986580,469000000000,37%,739000000000,2099,1161,normal,5448,8841
1653096567,20220521,7743986580,469000000000,37%,739000000000,2098,1161,normal,5448,8841
1653102666,20220521,7743986580,469000000000,37%,739000000000,2097,1161,normal,5448,8842
1653104374,20220521,7743986580,469000000000,37%,739000000000,2096,1161,normal,5448,8842
1653105772,20220521,7743986580,469000000000,37%,739000000000,2096,1161,normal,5448,8843
1653113038,20220521,7743986580,469000000000,37%,739000000000,2096,1161,normal,5448,8844
1653122260,20220521,7743986580,469000000000,37%,739000000000,2095,1161,normal,5448,8844
1653123765,20220521,7743986580,469000000000,37%,739000000000,2096,1161,normal,5448,8844
1653141764,20220521,7743986580,469000000000,37%,739000000000,2095,1161,normal,5449,8844
1653143585,20220521,7743986580,469000000000,37%,739000000000,2095,1161,normal,5450,8846
1653147365,20220521,7743986580,469000000000,37%,739000000000,2095,1161,normal,5450,8845
1653148980,20220521,7743986580,469000000000,37%,739000000000,2095,1161,normal,5450,8846
1653151229,20220521,7743986580,469000000000,37%,739000000000,2095,1096,normal,5450,8844
1653152715,20220521,7743986580,469000000000,37%,739000000000,2095,1096,normal,5450,8845
1653156170,20220521,7743986580,469000000000,37%,739000000000,2095,1096,normal,5450,8846
1653168827,20220521,7743986580,469000000000,37%,739000000000,2095,1096,normal,5450,8847
1653178269,20220522,7743986580,469000000000,37%,739000000000,2095,1096,normal,5450,8847
1653180413,20220522,7743986580,469000000000,37%,739000000000,2095,1096,normal,5450,8846
1653185773,20220522,7743986580,469000000000,37%,739000000000,2095,1096,normal,5450,8847
1653192211,20220522,7743986580,469000000000,37%,739000000000,2095,1096,normal,5451,8846
1653194370,20220522,7743986580,469000000000,37%,739000000000,2094,1096,normal,5451,8846
1653202974,20220522,7743986580,469000000000,37%,739000000000,2094,1096,normal,5451,8845
1653204813,20220522,7743986580,469000000000,37%,739000000000,2094,1096,normal,5452,8845
1653206589,20220522,7743986580,469000000000,37%,739000000000,15,1096,normal,5452,8847
1653208613,20220522,7743986580,469000000000,37%,739000000000,13,1096,normal,5452,8849
1653212079,20220522,7743986580,469000000000,37%,739000000000,13,1096,normal,5452,8850
1653213784,20220522,7743986580,469000000000,37%,739000000000,2107,1096,normal,5452,8850
1653223376,20220522,7743986580,469000000000,37%,739000000000,2105,1096,normal,5452,8851
1653226662,20220522,7743986580,469000000000,37%,739000000000,2105,1096,normal,5452,8852
1653235370,20220522,7743986580,469000000000,37%,739000000000,2105,1096,normal,5452,8853
1653237636,20220522,7743986580,469000000000,37%,739000000000,2105,1067,normal,5452,8853
1653239125,20220522,7743986580,469000000000,37%,739000000000,2104,1067,normal,5454,8853
1653242579,20220522,7743986580,469000000000,37%,739000000000,2104,1067,normal,5454,8854
1653253371,20220522,7743986580,469000000000,37%,739000000000,2103,1067,normal,5454,8854
1653260586,20220522,7743986580,469000000000,37%,739000000000,2102,1067,normal,5454,8854
1653264582,20220523,7743986580,469000000000,37%,739000000000,2102,1067,normal,5454,8854
1653269494,20220523,7743986580,469000000000,37%,739000000000,2102,1067,normal,5455,8855
1653273454,20220523,7743986580,469000000000,37%,739000000000,2101,1067,normal,5455,8855
1653276547,20220523,7743986580,469000000000,37%,739000000000,2101,1067,normal,5456,8855
1653279098,20220523,7743986580,469000000000,37%,739000000000,2101,1067,normal,5456,8856
1653282441,20220523,7743986580,469000000000,37%,739000000000,2101,1067,normal,5457,8856
1653284200,20220523,7743986580,469000000000,37%,739000000000,2101,1067,normal,5457,8857
1653288013,20220523,7743986580,469000000000,37%,739000000000,2101,1067,normal,5457,8858
1653289450,20220523,7743986580,469000000000,37%,739000000000,2100,1067,normal,5457,8858
1653293036,20220523,7743986580,469000000000,37%,739000000000,2101,1067,normal,5457,8859
1653295112,20220523,7743986580,469000000000,37%,739000000000,2101,1067,normal,5458,8859
1653296573,20220523,7743986580,469000000000,37%,739000000000,2100,1067,normal,5458,8859
1653298602,20220523,7743986580,469000000000,37%,739000000000,2101,1067,normal,5459,8860
1653302232,20220523,7743986580,469000000000,37%,739000000000,2102,1067,normal,5459,8862
1653305615,20220523,7743986580,469000000000,37%,739000000000,2101,1067,normal,5459,8862
1653307437,20220523,7743986580,469000000000,37%,739000000000,10,1067,normal,5459,8862
1653309849,20220523,7743986580,469000000000,37%,739000000000,9,1067,normal,5459,8863
