data/history/7743986580.csv
time,date,itemid,price,discount,price_before_discount,stock,sold,item_status,cmt_count,liked_count
1654790584,20220609,7743986580,459000000000,38%,739000000000,47,774,normal,5581,9047
1654792922,20220609,7743986580,459000000000,38%,739000000000,47,798,normal,5582,9048
1654796149,20220609,7743986580,459000000000,38%,739000000000,47,798,normal,5582,9049
1654798057,20220609,7743986580,459000000000,38%,739000000000,47,798,normal,5582,9048
1654808569,20220609,7743986580,459000000000,38%,739000000000,47,798,normal,5582,9049
1654814106,20220609,7743986580,459000000000,38%,739000000000,46,798,normal,5582,9049
1654819774,20220610,7743986580,459000000000,38%,739000000000,46,798,normal,5582,9049
1654822074,20220610,7743986580,459000000000,38%,739000000000,45,798,normal,5582,9049
1654828850,20220610,7743986580,459000000000,38%,739000000000,25,798,normal,5583,9050
1654834043,20220610,7743986580,459000000000,38%,739000000000,23,798,normal,5583,9050
1654837367,20220610,7743986580,459000000000,38%,739000000000,45,798,normal,5583,9050
1654839159,20220610,7743986580,459000000000,38%,739000000000,44,798,normal,5584,9051
1654840977,20220610,7743986580,459000000000,38%,739000000000,43,798,normal,5584,9051
1654846415,20220610,7743986580,459000000000,38%,739000000000,43,798,normal,5585,9049
1654848185,20220610,7743986580,459000000000,38%,739000000000,25,798,normal,5585,9049
1654850454,20220610,7743986580,459000000000,38%,739000000000,25,798,normal,5585,9050
1654851797,20220610,7743986580,459000000000,38%,739000000000,24,798,normal,5586,9050
1654855377,20220610,7743986580,459000000000,38%,739000000000,43,798,normal,5587,9050
1654857352,20220610,7743986580,459000000000,38%,739000000000,43,798,normal,5587,9049
1654860749,20220610,7743986580,459000000000,38%,739000000000,43,798,normal,5588,9049
1654862642,20220610,7743986580,459000000000,38%,739000000000,43,798,normal,5588,9050
1654865058,20220610,7743986580,459000000000,38%,739000000000,43,798,normal,5589,9050
1654866834,20220610,7743986580,459000000000,38%,739000000000,42,798,normal,5589,9050
1654868513,20220610,7743986580,459000000000,38%,739000000000,42,798,normal,5590,9050
1654869772,20220610,7743986580,459000000000,38%,739000000000,42,798,normal,5591,9050
1654873405,20220610,7743986580,459000000000,38%,739000000000,42,798,normal,5592,9050
1654875401,20220610,7743986580,459000000000,38%,739000000000,42,798,normal,5593,9050
1654879345,20220610,7743986580,459000000000,38%,739000000000,41,821,normal,5593,9050
1654880748,20220610,7743986580,459000000000,38%,739000000000,42,821,normal,5593,9050
1654887768,20220610,7743986580,459000000000,38%,739000000000,42,821,normal,5593,9051
1654889545,20220610,7743986580,459000000000,38%,739000000000,42,821,normal,5594,9051
1654893207,20220610,7743986580,459000000000,38%,739000000000,42,821,normal,5594,9052
1654898560,20220610,7743986580,459000000000,38%,739000000000,41,821,normal,5594,9052
1654906136,20220611,7743986580,459000000000,38%,739000000000,41,821,normal,5594,9052
1654908436,20220611,7743986580,459000000000,38%,739000000000,42,821,normal,5594,9052
1654915085,20220611,7743986580,459000000000,38%,739000000000,25,821,normal,5594,9052
1654917913,20220611,7743986580,459000000000,38%,739000000000,25,821,normal,5595,9053
1654919084,20220611,7743986580,459000000000,38%,739000000000,25,821,normal,5595,9054
1654920314,20220611,7743986580,459000000000,38%,739000000000,25,821,normal,5596,9054
1654923758,20220611,7743986580,459000000000,38%,739000000000,42,821,normal,5596,9055
1654929394,20220611,7743986580,459000000000,38%,739000000000,39,821,normal,5596,9055
1654941771,20220611,7743986580,459000000000,38%,739000000000,25,821,normal,5597,9055
1654945365,20220611,7743986580,459000000000,38%,739000000000,25,821,normal,5598,9055
1654947128,20220611,7743986580,459000000000,38%,739000000000,25,821,normal,5599,9055
1654949061,20220611,7743986580,459000000000,38%,739000000000,39,821,normal,5599,9055
1654952836,20220611,7743986580,459000000000,38%,739000000000,39,821,normal,5599,9056
1654954551,20220611,7743986580,459000000000,38%,739000000000,39,821,normal,5599,9057
1654956166,20220611,7743986580,459000000000,38%,739000000000,39,821,normal,5599,9058
1654959772,20220611,7743986580,459000000000,38%,739000000000,39,821,normal,5599,9059
1654961661,20220611,7743986580,459000000000,38%,739000000000,39,821,normal,5601,9059
1654963375,20220611,7743986580,459000000000,38%,739000000000,39,821,normal,5601,9061
1654965563,20220611,7743986580,459000000000,38%,739000000000,39,831,normal,5601,9061
1654966964,20220611,7743986580,459000000000,38%,739000000000,38,831,normal,5601,9061
1654972544,20220611,7743986580,459000000000,38%,739000000000,38,831,normal,5601,9062
1654983145,20220611,7743986580,459000000000,38%,739000000000,38,831,normal,5601,9063
1654992561,20220612,7743986580,459000000000,38%,739000000000,38,831,normal,5601,9064
1654994816,20220612,7743986580,459000000000,38%,739000000000,38,831,normal,5601,9065
1654997547,20220612,7743986580,459000000000,38%,739000000000,38,831,normal,5602,9065
1655005679,20220612,7743986580,459000000000,38%,739000000000,27,831,normal,5604,9067
1655010166,20220612,7743986580,459000000000,38%,739000000000,38,831,normal,5604,9067
1655011952,20220612,7743986580,459000000000,38%,739000000000,38,831,normal,5605,9067
1655013829,20220612,7743986580,459000000000,38%,739000000000,38,831,normal,5606,9067
1655017367,20220612,7743986580,459000000000,38%,739000000000,38,831,normal,5606,9068
1655022924,20220612,7743986580,459000000000,38%,739000000000,36,831,normal,5606,9068
1655026413,20220612,7743986580,459000000000,38%,739000000000,36,831,normal,5607,9068
1655035391,20220612,7743986580,459000000000,38%,739000000000,36,831,normal,5610,9068
1655037690,20220612,7743986580,459000000000,38%,739000000000,36,831,normal,5611,9068
1655039227,20220612,7743986580,459000000000,38%,739000000000,36,831,normal,5611,9067
1655044332,20220612,7743986580,459000000000,38%,739000000000,35,831,normal,5611,9067
1655046184,20220612,7743986580,459000000000,38%,739000000000,35,831,normal,5611,9068
1655051971,20220612,7743986580,459000000000,38%,739000000000,35,842,normal,5611,9069
1655053369,20220612,7743986580,459000000000,38%,739000000000,33,842,normal,5611,9072
1655055169,20220612,7743986580,459000000000,38%,739000000000,33,842,normal,5611,9073
1655056986,20220612,7743986580,459000000000,38%,739000000000,33,842,normal,5611,9074
1655062342,20220612,7743986580,459000000000,38%,739000000000,33,842,normal,5611,9075
1655066034,20220612,7743986580,459000000000,38%,739000000000,34,842,normal,5611,9075
1655074975,20220612,7743986580,459000000000,38%,739000000000,34,842,normal,5611,9076
1655079015,20220613,7743986580,459000000000,38%,739000000000,34,842,normal,5611,9076
1655084099,20220613,7743986580,459000000000,38%,739000000000,34,842,normal,5612,9076
1655091058,20220613,7743986580,459000000000,38%,739000000000,34,842,normal,5613,9076
1655093718,20220613,7743986580,459000000000,38%,739000000000,33,842,normal,5613,9076
1655096883,20220613,7743986580,459000000000,38%,739000000000,33,842,normal,5614,9076
1655100195,20220613,7743986580,459000000000,38%,739000000000,33,842,normal,5615,9076
1655102306,20220613,7743986580,459000000000,38%,739000000000,33,842,normal,5615,9077
1655105603,20220613,7743986580,459000000000,38%,739000000000,33,842,normal,5616,9078
1655114594,20220613,7743986580,459000000000,38%,739000000000,30,842,normal,5617,9079
1655116565,20220613,7743986580,459000000000,38%,739000000000,28,842,normal,5618,9080
1655118175,20220613,7743986580,459000000000,38%,739000000000,28,842,normal,5618,9081
1655119952,20220613,7743986580,459000000000,38%,739000000000,28,842,normal,5619,9081
1655121827,20220613,7743986580,459000000000,38%,739000000000,34,842,normal,5620,9081
1655124291,20220613,7743986580,459000000000,38%,739000000000,34,842,normal,5620,9080
1655127774,20220613,7743986580,459000000000,38%,739000000000,32,842,normal,5622,9080
1655132630,20220613,7743986580,459000000000,38%,739000000000,33,842,normal,5622,9080
1655140009,20220613,7743986580,459000000000,38%,739000000000,32,822,normal,5623,9080
1655143386,20220613,7743986580,459000000000,38%,739000000000,32,822,normal,5623,9079
1655165477,20220614,7743986580,459000000000,38%,739000000000,32,822,normal,5623,9079
1655167658,20220614,7743986580,459000000000,38%,739000000000,32,822,normal,5625,9079
1655174813,20220614,7743986580,459000000000,38%,739000000000,32,822,normal,5626,9080
1655177851,20220614,7743986580,459000000000,38%,739000000000,32,822,normal,5627,9080
1655181977,20220614,7743986580,459000000000,38%,739000000000,32,822,normal,5628,9080
1655183533,20220614,7743986580,459000000000,38%,739000000000,32,822,normal,5628,9081
1655185209,20220614,7743986580,459000000000,38%,739000000000,31,822,normal,5628,9081
1655188689,20220614,7743986580,459000000000,38%,739000000000,32,822,normal,5628,9082
1655200991,20220614,7743986580,459000000000,38%,739000000000,32,822,normal,5628,9084
1655212406,20220614,7743986580,459000000000,38%,739000000000,32,822,normal,5629,9084
1655214092,20220614,7743986580,459000000000,38%,739000000000,32,822,normal,5629,9085
1655220996,20220614,7743986580,459000000000,38%,739000000000,31,822,normal,5629,9085
1655222570,20220614,7743986580,459000000000,38%,739000000000,31,822,normal,5629,9086
1655224907,20220614,7743986580,459000000000,38%,739000000000,30,790,normal,5629,9090
1655231869,20220614,7743986580,439000000000,41%,739000000000,298,790,normal,5631,9093
1655240561,20220614,7743986580,439000000000,41%,739000000000,294,790,normal,5631,9094
1655244182,20220614,7743986580,439000000000,41%,739000000000,293,790,normal,5631,9095
1655247781,20220614,7743986580,439000000000,41%,739000000000,292,790,normal,5631,9095
1655251840,20220615,7743986580,439000000000,41%,739000000000,286,790,normal,5631,9095
1655254045,20220615,7743986580,439000000000,41%,739000000000,284,790,normal,5631,9095
1655256706,20220615,7743986580,439000000000,41%,739000000000,283,790,normal,5631,9095
1655261211,20220615,7743986580,439000000000,41%,739000000000,133,790,normal,5631,9097
1655263873,20220615,7743986580,439000000000,41%,739000000000,280,790,normal,5631,9097
1655266471,20220615,7743986580,439000000000,41%,739000000000,276,790,normal,5631,9098
1655269565,20220615,7743986580,439000000000,41%,739000000000,149,790,normal,5631,9099
1655271313,20220615,7743986580,439000000000,41%,739000000000,276,790,normal,5632,9098
1655272988,20220615,7743986580,439000000000,41%,739000000000,276,790,normal,5632,9099
1655275037,20220615,7743986580,439000000000,41%,739000000000,278,790,normal,5632,9100
1655278445,20220615,7743986580,439000000000,41%,739000000000,277,790,normal,5632,9100
1655280188,20220615,7743986580,439000000000,41%,739000000000,149,790,normal,5632,9100
1655319777,20220615,7743986580,469000000000,37%,739000000000,611,793,normal,5636,9103
1655334192,20220615,7743986580,469000000000,37%,739000000000,611,793,normal,5637,9103
1655372118,20220616,7743986580,469000000000,37%,739000000000,784,793,normal,5647,9107
1655373776,20220616,7743986580,469000000000,37%,739000000000,785,793,normal,5647,9107
1655377368,20220616,7743986580,469000000000,37%,739000000000,734,793,normal,5647,9109
1655379145,20220616,7743986580,469000000000,37%,739000000000,735,793,normal,5647,9109
1655381024,20220616,7743986580,469000000000,37%,739000000000,50,793,normal,5648,9109
1655388177,20220616,7743986580,469000000000,37%,739000000000,685,793,normal,5649,9109
1655391785,20220616,7743986580,469000000000,37%,739000000000,686,793,normal,5649,9110
1655393805,20220616,7743986580,469000000000,37%,739000000000,687,793,normal,5649,9110
1655395383,20220616,7743986580,469000000000,37%,739000000000,688,793,normal,5649,9110
1655397746,20220616,7743986580,469000000000,37%,739000000000,687,792,normal,5649,9111
1655399164,20220616,7743986580,469000000000,37%,739000000000,688,792,normal,5649,9111
1655401296,20220616,7743986580,469000000000,37%,739000000000,688,792,normal,5650,9111
1655402574,20220616,7743986580,469000000000,37%,739000000000,688,792,normal,5650,9112
1655404714,20220616,7743986580,469000000000,37%,739000000000,687,792,normal,5650,9113
1655406163,20220616,7743986580,469000000000,37%,739000000000,687,792,normal,5650,9114
1655413366,20220616,7743986580,469000000000,37%,739000000000,687,792,normal,5651,9114
1655424571,20220617,7743986580,469000000000,37%,739000000000,687,792,normal,5651,9115
1655433884,20220617,7743986580,469000000000,37%,739000000000,949,792,normal,5652,9115
1655436557,20220617,7743986580,469000000000,37%,739000000000,949,792,normal,5652,9116
1655437866,20220617,7743986580,469000000000,37%,739000000000,948,792,normal,5653,9116
1655440940,20220617,7743986580,469000000000,37%,739000000000,948,792,normal,5654,9116
1655442302,20220617,7743986580,469000000000,37%,739000000000,49,792,normal,5655,9117
1655444287,20220617,7743986580,469000000000,37%,739000000000,49,792,normal,5657,9117
1655447869,20220617,7743986580,469000000000,37%,739000000000,49,792,normal,5657,9118
1655449392,20220617,7743986580,469000000000,37%,739000000000,48,792,normal,5657,9118
1655453305,20220617,7743986580,469000000000,37%,739000000000,948,792,normal,5657,9119
1655456568,20220617,7743986580,469000000000,37%,739000000000,996,792,normal,5658,9119
1655458480,20220617,7743986580,469000000000,37%,739000000000,946,792,normal,5658,9118
1655460186,20220617,7743986580,469000000000,37%,739000000000,946,792,normal,5659,9118
1655462141,20220617,7743986580,469000000000,37%,739000000000,946,792,normal,5660,9118
1655464014,20220617,7743986580,469000000000,37%,739000000000,995,792,normal,5660,9117
1655465549,20220617,7743986580,469000000000,37%,739000000000,945,792,normal,5660,9117
1655467417,20220617,7743986580,469000000000,37%,739000000000,50,792,normal,5661,9118
1655469854,20220617,7743986580,469000000000,37%,739000000000,50,792,normal,5662,9118
1655471555,20220617,7743986580,469000000000,37%,739000000000,49,792,normal,5663,9118
1655474582,20220617,7743986580,469000000000,37%,739000000000,1041,792,normal,5663,9119
1655480167,20220617,7743986580,469000000000,37%,739000000000,1040,792,normal,5663,9119
1655484057,20220617,7743986580,469000000000,37%,739000000000,1041,835,normal,5663,9119
1655485483,20220617,7743986580,469000000000,37%,739000000000,1041,835,normal,5663,9120
1655491070,20220617,7743986580,469000000000,37%,739000000000,1042,835,normal,5663,9120
1655510987,20220618,7743986580,469000000000,37%,739000000000,1042,835,normal,5663,9120
1655513277,20220618,7743986580,469000000000,37%,739000000000,1042,835,normal,5663,9122
1655520134,20220618,7743986580,469000000000,37%,739000000000,1042,835,normal,5663,9123
1655522837,20220618,7743986580,469000000000,37%,739000000000,1042,835,normal,5664,9123
1655525205,20220618,7743986580,469000000000,37%,739000000000,1042,835,normal,5665,9123
1655528560,20220618,7743986580,469000000000,37%,739000000000,50,835,normal,5665,9123
1655535767,20220618,7743986580,469000000000,37%,739000000000,50,835,normal,5665,9125
1655537545,20220618,7743986580,469000000000,37%,739000000000,50,835,normal,5666,9125
1655539383,20220618,7743986580,469000000000,37%,739000000000,1093,835,normal,5666,9125
1655541389,20220618,7743986580,469000000000,37%,739000000000,1093,835,normal,5666,9128
1655544787,20220618,7743986580,469000000000,37%,739000000000,1093,835,normal,5666,9129
1655550167,20220618,7743986580,469000000000,37%,739000000000,1093,835,normal,5667,9129
1655551944,20220618,7743986580,469000000000,37%,739000000000,1093,835,normal,5668,9129
1655553849,20220618,7743986580,469000000000,37%,739000000000,50,835,normal,5668,9129
1655556109,20220618,7743986580,469000000000,37%,739000000000,50,835,normal,5669,9130
1655557658,20220618,7743986580,469000000000,37%,739000000000,50,835,normal,5669,9129
1655559407,20220618,7743986580,469000000000,37%,739000000000,50,835,normal,5671,9129
1655560979,20220618,7743986580,469000000000,37%,739000000000,1143,835,normal,5671,9130
1655562755,20220618,7743986580,469000000000,37%,739000000000,1142,835,normal,5671,9130
1655564571,20220618,7743986580,469000000000,37%,739000000000,1142,835,normal,5671,9131
1655568181,20220618,7743986580,469000000000,37%,739000000000,1143,835,normal,5671,9130
1655570379,20220618,7743986580,469000000000,37%,739000000000,1143,862,normal,5671,9130
1655571789,20220618,7743986580,469000000000,37%,739000000000,1143,862,normal,5671,9131
1655575450,20220618,7743986580,469000000000,37%,739000000000,1142,862,normal,5671,9130
1655577381,20220618,7743986580,469000000000,37%,739000000000,1143,862,normal,5671,9130
1655578961,20220618,7743986580,469000000000,37%,739000000000,1143,862,normal,5671,9129
1655587962,20220618,7743986580,469000000000,37%,739000000000,1143,862,normal,5672,9129
1655593367,20220618,7743986580,469000000000,37%,739000000000,1142,862,normal,5672,9130
1655597397,20220619,7743986580,469000000000,37%,739000000000,1142,862,normal,5672,9130
1655606825,20220619,7743986580,469000000000,37%,739000000000,1141,862,normal,5674,9130
1655609505,20220619,7743986580,469000000000,37%,739000000000,1141,862,normal,5674,9131
1655611951,20220619,7743986580,469000000000,37%,739000000000,1141,862,normal,5675,9131
1655616807,20220619,7743986580,469000000000,37%,739000000000,1141,862,normal,5675,9132
1655620604,20220619,7743986580,469000000000,37%,739000000000,1140,862,normal,5675,9132
1655629373,20220619,7743986580,469000000000,37%,739000000000,1140,862,normal,5676,9132
1655632975,20220619,7743986580,469000000000,37%,739000000000,50,862,normal,5676,9132
1655634880,20220619,7743986580,469000000000,37%,739000000000,50,862,normal,5676,9133
1655638356,20220619,7743986580,469000000000,37%,739000000000,50,862,normal,5677,9133
1655640208,20220619,7743986580,469000000000,37%,739000000000,1189,862,normal,5677,9133
1655642535,20220619,7743986580,469000000000,37%,739000000000,1189,862,normal,5679,9132
1655645769,20220619,7743986580,469000000000,37%,739000000000,1189,862,normal,5679,9133
