data/history/7743986580.csv
time,date,itemid,price,discount,price_before_discount,stock,sold,item_status,cmt_count,liked_count
1655654573,20220619,7743986580,469000000000,37%,739000000000,1189,862,normal,5679,9134
1655656773,20220619,7743986580,469000000000,37%,739000000000,1189,864,normal,5679,9135
1655659989,20220619,7743986580,469000000000,37%,739000000000,1189,864,normal,5679,9134
1655665366,20220619,7743986580,469000000000,37%,739000000000,1189,864,normal,5679,9135
1655683768,20220620,7743986580,469000000000,37%,739000000000,1188,864,normal,5679,9137
1655686097,20220620,7743986580,469000000000,37%,739000000000,1188,864,normal,5679,9138
1655688645,20220620,7743986580,469000000000,37%,739000000000,1188,864,normal,5679,9137
1655692782,20220620,7743986580,469000000000,37%,739000000000,1189,864,normal,5680,9137
1655695457,20220620,7743986580,469000000000,37%,739000000000,1189,864,normal,5680,9138
1655700016,20220620,7743986580,469000000000,37%,739000000000,1189,864,normal,5681,9138
1655701381,20220620,7743986580,469000000000,37%,739000000000,1189,864,normal,5682,9138
1655703185,20220620,7743986580,469000000000,37%,739000000000,1189,864,normal,5683,9139
1655712197,20220620,7743986580,469000000000,37%,739000000000,1189,864,normal,5684,9139
1655714366,20220620,7743986580,469000000000,37%,739000000000,1189,864,normal,5684,9138
1655719385,20220620,7743986580,469000000000,37%,739000000000,50,864,normal,5684,9138
1655726612,20220620,7743986580,469000000000,37%,739000000000,1237,864,normal,5684,9138
1655729082,20220620,7743986580,469000000000,37%,739000000000,1237,864,normal,5685,9138
1655730994,20220620,7743986580,469000000000,37%,739000000000,1236,864,normal,5685,9138
1655732654,20220620,7743986580,469000000000,37%,739000000000,1235,864,normal,5686,9138
1655737653,20220620,7743986580,469000000000,37%,739000000000,1234,864,normal,5686,9138
1655740984,20220620,7743986580,469000000000,37%,739000000000,1235,864,normal,5686,9137
1655743326,20220620,7743986580,469000000000,37%,739000000000,1235,872,normal,5686,9138
1655744803,20220620,7743986580,469000000000,37%,739000000000,1235,872,normal,5686,9139
1655751765,20220620,7743986580,469000000000,37%,739000000000,1235,872,normal,5686,9140
1655753534,20220620,7743986580,469000000000,37%,739000000000,1235,872,normal,5686,9141
1655755382,20220620,7743986580,469000000000,37%,739000000000,1235,872,normal,5686,9142
1655770152,20220621,7743986580,469000000000,37%,739000000000,1235,872,normal,5686,9142
1655772426,20220621,7743986580,469000000000,37%,739000000000,1235,872,normal,5686,9144
1655775098,20220621,7743986580,469000000000,37%,739000000000,1235,872,normal,5688,9144
1655779382,20220621,7743986580,469000000000,37%,739000000000,1235,872,normal,5689,9144
1655784841,20220621,7743986580,469000000000,37%,739000000000,1236,872,normal,5689,9145
1655786624,20220621,7743986580,469000000000,37%,739000000000,1235,872,normal,5689,9145
1655788020,20220621,7743986580,469000000000,37%,739000000000,1234,872,normal,5689,9145
1655793529,20220621,7743986580,469000000000,37%,739000000000,1234,872,normal,5690,9145
1655794973,20220621,7743986580,469000000000,37%,739000000000,1235,872,normal,5690,9146
1655798822,20220621,7743986580,469000000000,37%,739000000000,1234,872,normal,5690,9146
1655806539,20220621,7743986580,469000000000,37%,739000000000,1234,872,normal,5690,9147
1655808374,20220621,7743986580,469000000000,37%,739000000000,1233,872,normal,5690,9147
1655809696,20220621,7743986580,469000000000,37%,739000000000,1233,872,normal,5691,9147
1655813193,20220621,7743986580,469000000000,37%,739000000000,1233,872,normal,5691,9148
1655829799,20220621,7743986580,469000000000,37%,739000000000,1233,872,normal,5692,9149
1655845366,20220621,7743986580,469000000000,37%,739000000000,1233,872,normal,5692,9150
1655856704,20220622,7743986580,469000000000,37%,739000000000,1232,872,normal,5692,9151
1655858857,20220622,7743986580,469000000000,37%,739000000000,1232,872,normal,5692,9152
1655865913,20220622,7743986580,469000000000,37%,739000000000,1233,872,normal,5692,9152
1655868641,20220622,7743986580,469000000000,37%,739000000000,1232,872,normal,5692,9152
1655874381,20220622,7743986580,469000000000,37%,739000000000,1233,872,normal,5693,9153
1655876109,20220622,7743986580,469000000000,37%,739000000000,1231,872,normal,5693,9154
1655879877,20220622,7743986580,469000000000,37%,739000000000,1232,872,normal,5693,9154
1655883197,20220622,7743986580,469000000000,37%,739000000000,1383,872,normal,5693,9154
1655885142,20220622,7743986580,469000000000,37%,739000000000,1573,872,normal,5693,9154
1655887184,20220622,7743986580,469000000000,37%,739000000000,1630,872,normal,5693,9155
1655888571,20220622,7743986580,469000000000,37%,739000000000,1631,872,normal,5693,9155
1655890465,20220622,7743986580,469000000000,37%,739000000000,1630,872,normal,5693,9156
1655913787,20220622,7743986580,469000000000,37%,739000000000,1630,872,normal,5694,9156
1655916117,20220622,7743986580,469000000000,37%,739000000000,1630,875,normal,5694,9156
1655917656,20220622,7743986580,469000000000,37%,739000000000,1630,875,normal,5695,9156
1655924561,20220622,7743986580,469000000000,37%,739000000000,1630,875,normal,5695,9155
1655942955,20220623,7743986580,469000000000,37%,739000000000,1630,875,normal,5696,9155
1655952418,20220623,7743986580,469000000000,37%,739000000000,1630,875,normal,5696,9157
1655955073,20220623,7743986580,469000000000,37%,739000000000,1740,875,normal,5696,9157
1655957574,20220623,7743986580,469000000000,37%,739000000000,1739,875,normal,5697,9157
1655960841,20220623,7743986580,469000000000,37%,739000000000,1739,875,normal,5697,9158
1655962549,20220623,7743986580,469000000000,37%,739000000000,1738,875,normal,5697,9157
1655964196,20220623,7743986580,469000000000,37%,739000000000,1739,875,normal,5697,9157
1655966316,20220623,7743986580,469000000000,37%,739000000000,1139,875,normal,5697,9157
1655969613,20220623,7743986580,469000000000,37%,739000000000,988,875,normal,5698,9157
1655971389,20220623,7743986580,469000000000,37%,739000000000,988,875,normal,5699,9157
1655973554,20220623,7743986580,469000000000,37%,739000000000,989,875,normal,5699,9157
1655976876,20220623,7743986580,469000000000,37%,739000000000,989,875,normal,5699,9158
1655978567,20220623,7743986580,469000000000,37%,739000000000,989,875,normal,5700,9158
1655985823,20220623,7743986580,469000000000,37%,739000000000,989,875,normal,5700,9159
1655990106,20220623,7743986580,469000000000,37%,739000000000,989,875,normal,5700,9158
1655994818,20220623,7743986580,469000000000,37%,739000000000,988,875,normal,5701,9159
1655998624,20220623,7743986580,469000000000,37%,739000000000,987,875,normal,5701,9158
1656002465,20220623,7743986580,469000000000,37%,739000000000,987,861,normal,5701,9158
1656010959,20220623,7743986580,469000000000,37%,739000000000,986,861,normal,5701,9159
1656029353,20220624,7743986580,469000000000,37%,739000000000,987,861,normal,5702,9159
1656031636,20220624,7743986580,469000000000,37%,739000000000,987,861,normal,5702,9160
1656034385,20220624,7743986580,469000000000,37%,739000000000,987,861,normal,5702,9161
1656044092,20220624,7743986580,469000000000,37%,739000000000,986,861,normal,5702,9161
1656045853,20220624,7743986580,469000000000,37%,739000000000,986,861,normal,5702,9162
1656050588,20220624,7743986580,469000000000,37%,739000000000,987,861,normal,5702,9163
1656054168,20220624,7743986580,469000000000,37%,739000000000,988,861,normal,5703,9163
1656061367,20220624,7743986580,469000000000,37%,739000000000,988,861,normal,5703,9164
1656092140,20220624,7743986580,439000000000,41%,739000000000,147,865,normal,5704,9173
1656095888,20220624,7743986580,439000000000,41%,739000000000,294,865,normal,5704,9178
1656099134,20220624,7743986580,439000000000,41%,739000000000,290,865,normal,5704,9178
1656100975,20220624,7743986580,439000000000,41%,739000000000,292,865,normal,5704,9178
1656106387,20220624,7743986580,439000000000,41%,739000000000,292,865,normal,5704,9179
1656108176,20220624,7743986580,439000000000,41%,739000000000,292,865,normal,5704,9180
1656120788,20220625,7743986580,439000000000,41%,739000000000,286,865,normal,5704,9182
1656125139,20220625,7743986580,439000000000,41%,739000000000,139,865,normal,5704,9183
1656127836,20220625,7743986580,439000000000,41%,739000000000,284,865,normal,5704,9182
1656130166,20220625,7743986580,439000000000,41%,739000000000,281,865,normal,5704,9182
1656132008,20220625,7743986580,439000000000,41%,739000000000,278,865,normal,5704,9183
1656133373,20220625,7743986580,439000000000,41%,739000000000,149,865,normal,5704,9184
1656135157,20220625,7743986580,439000000000,41%,739000000000,276,865,normal,5704,9186
1656136982,20220625,7743986580,439000000000,41%,739000000000,274,865,normal,5704,9186
1656139011,20220625,7743986580,439000000000,41%,739000000000,271,865,normal,5704,9185
1656140562,20220625,7743986580,439000000000,41%,739000000000,270,865,normal,5704,9185
1656142349,20220625,7743986580,439000000000,41%,739000000000,265,865,normal,5704,9186
1656144182,20220625,7743986580,439000000000,41%,739000000000,262,865,normal,5704,9187
1656147768,20220625,7743986580,439000000000,41%,739000000000,260,865,normal,5705,9187
1656151363,20220625,7743986580,439000000000,41%,739000000000,257,865,normal,5705,9188
1656154982,20220625,7743986580,439000000000,41%,739000000000,150,865,normal,5706,9188
1656158591,20220625,7743986580,439000000000,41%,739000000000,142,865,normal,5706,9188
1656160912,20220625,7743986580,439000000000,41%,739000000000,140,865,normal,5706,9188
1656162456,20220625,7743986580,439000000000,41%,739000000000,138,865,normal,5706,9188
1656164168,20220625,7743986580,439000000000,41%,739000000000,137,865,normal,5706,9188
1656167548,20220625,7743986580,439000000000,41%,739000000000,255,865,normal,5706,9188
1656172973,20220625,7743986580,439000000000,41%,739000000000,252,865,normal,5706,9189
1656175182,20220625,7743986580,439000000000,41%,739000000000,250,847,normal,5706,9189
1656176617,20220625,7743986580,469000000000,37%,739000000000,1590,847,normal,5706,9189
1656182196,20220625,7743986580,469000000000,37%,739000000000,1599,847,normal,5706,9190
1656183758,20220625,7743986580,469000000000,37%,739000000000,1599,847,normal,5706,9189
1656187413,20220625,7743986580,469000000000,37%,739000000000,1600,847,normal,5706,9189
1656192761,20220625,7743986580,469000000000,37%,739000000000,1600,847,normal,5706,9188
1656198173,20220625,7743986580,469000000000,37%,739000000000,1600,847,normal,5706,9190
1656202292,20220626,7743986580,469000000000,37%,739000000000,1600,847,normal,5706,9190
1656207255,20220626,7743986580,469000000000,37%,739000000000,1600,847,normal,5707,9190
1656214291,20220626,7743986580,469000000000,37%,739000000000,1599,847,normal,5708,9190
1656218479,20220626,7743986580,469000000000,37%,739000000000,1600,847,normal,5708,9191
1656219856,20220626,7743986580,469000000000,37%,739000000000,1600,847,normal,5708,9192
1656221581,20220626,7743986580,469000000000,37%,739000000000,1599,847,normal,5709,9191
1656225399,20220626,7743986580,469000000000,37%,739000000000,1600,847,normal,5711,9191
1656228756,20220626,7743986580,469000000000,37%,739000000000,1600,847,normal,5713,9190
1656230622,20220626,7743986580,469000000000,37%,739000000000,1600,847,normal,5714,9190
1656237778,20220626,7743986580,469000000000,37%,739000000000,1600,847,normal,5714,9191
1656243131,20220626,7743986580,469000000000,37%,739000000000,1601,847,normal,5714,9191
1656250571,20220626,7743986580,469000000000,37%,739000000000,1602,847,normal,5715,9192
1656252180,20220626,7743986580,469000000000,37%,739000000000,1603,847,normal,5715,9192
1656257680,20220626,7743986580,469000000000,37%,739000000000,1603,847,normal,5715,9191
1656261581,20220626,7743986580,469000000000,37%,739000000000,1601,833,normal,5715,9192
1656273772,20220626,7743986580,469000000000,37%,739000000000,1601,833,normal,5715,9194
1656288588,20220627,7743986580,469000000000,37%,739000000000,1601,833,normal,5715,9194
1656290913,20220627,7743986580,469000000000,37%,739000000000,1601,833,normal,5715,9195
1656293582,20220627,7743986580,469000000000,37%,739000000000,1601,833,normal,5715,9196
1656301004,20220627,7743986580,469000000000,37%,739000000000,28,833,normal,5715,9197
1656306693,20220627,7743986580,469000000000,37%,739000000000,1629,833,normal,5718,9199
1656308273,20220627,7743986580,469000000000,37%,739000000000,1628,833,normal,5718,9200
1656309826,20220627,7743986580,469000000000,37%,739000000000,1628,833,normal,5718,9201
1656312013,20220627,7743986580,469000000000,37%,739000000000,1629,833,normal,5719,9202
1656317001,20220627,7743986580,469000000000,37%,739000000000,1627,833,normal,5719,9202
1656320571,20220627,7743986580,469000000000,37%,739000000000,1626,833,normal,5720,9202
1656329573,20220627,7743986580,469000000000,37%,739000000000,1622,833,normal,5721,9201
1656335765,20220627,7743986580,469000000000,37%,739000000000,1622,833,normal,5722,9204
1656345791,20220627,7743986580,469000000000,37%,739000000000,1621,833,normal,5722,9204
1656348170,20220627,7743986580,469000000000,37%,739000000000,1621,825,normal,5723,9204
1656349660,20220627,7743986580,469000000000,37%,739000000000,1621,825,normal,5724,9205
1656353047,20220627,7743986580,469000000000,37%,739000000000,1620,825,normal,5724,9205
1656360187,20220627,7743986580,469000000000,37%,739000000000,1620,825,normal,5724,9206
1656375129,20220628,7743986580,469000000000,37%,739000000000,1619,825,normal,5724,9206
1656384370,20220628,7743986580,469000000000,37%,739000000000,1620,825,normal,5725,9207
1656387139,20220628,7743986580,469000000000,37%,739000000000,1620,825,normal,5725,9209
1656389890,20220628,7743986580,469000000000,37%,739000000000,1620,825,normal,5725,9210
1656614403,20220630,7743986580,456000000000,38%,739000000000,50,816,normal,5740,9226
1656873363,20220703,7743986580,456000000000,38%,739000000000,17,783,normal,5757,9274
1660588741,20220815,7743986580,479000000000,35%,739000000000,185,742,normal,6118,9892
1664765024,20221003,7743986580,469000000000,37%,739000000000,792,254,normal,6248,10322
1666380985,20221021,7743986580,459000000000,38%,739000000000,619,207,normal,6287,10547
1667587084,20221104,7743986580,469000000000,37%,739000000000,7,212,normal,6314,10624
1671698028,20221222,7743986580,469000000000,37%,739000000000,327,236,normal,6426,10891
1676641337,20230217,7743986580,564284840077,37%,889139652061,196,234,normal,9669,55
1676642566,20230217,7743986580,792689812170,37%,1249035759475,148,365,normal,9932,21
1676644342,20230217,7743986580,743676037791,37%,1171805100059,148,160,normal,11598,47
1676646182,20230217,7743986580,738390823730,37%,1163477225451,151,257,normal,7374,98
1676647971,20230217,7743986580,607688976826,37%,957531244935,132,278,normal,11743,127
1676649767,20230217,7743986580,724384371347,37%,1141407356985,178,391,normal,8694,121
1676651859,20230217,7743986580,718016729622,37%,1131373908722,173,377,normal,11542,45
1676653377,20230217,7743986580,805301342463,37%,1268907659020,203,347,normal,9868,46
1676655148,20230217,7743986580,782308012069,37%,1232677230105,202,370,normal,7002,0
1676656973,20230217,7743986580,538676720324,37%,848789117952,239,271,normal,10613,103
1676658885,20230217,7743986580,590691797274,37%,930748908711,215,223,normal,11231,13
1676660562,20230217,7743986580,818849335869,37%,1290255136903,143,357,normal,10190,107
1676662340,20230217,7743986580,717235652860,37%,1130143171564,82,389,normal,7738,161
1676664187,20230217,7743986580,586295149285,37%,923821141411,181,172,normal,12391,16
1676665934,20230217,7743986580,771861913363,37%,1216217385874,202,400,normal,12668,145
1676667769,20230217,7743986580,836947209873,37%,1318771829630,204,159,normal,8646,64
1676669533,20230217,7743986580,821215669508,37%,1293983752167,151,246,normal,8222,100
1676671372,20230217,7743986580,667530600069,37%,1051823269619,160,403,normal,11847,15
1676673167,20230217,7743986580,753601008962,37%,1187443807298,111,219,normal,12974,34
1676674981,20230217,7743986580,737274938546,37%,1161718933019,187,437,normal,7277,178
1676676739,20230217,7743986580,723249445166,37%,1139619061786,81,352,normal,12031,139
1676678968,20230218,7743986580,768130735620,37%,1210338195359,156,176,normal,7050,45
1676681229,20230218,7743986580,769293830299,37%,1212170875461,223,237,normal,11011,21
1676683788,20230218,7743986580,737595843407,37%,1162224580550,151,405,normal,9026,51
1676685909,20230218,7743986580,800837616162,37%,1261874196895,156,334,normal,7058,138
1676688275,20230218,7743986580,701064818097,37%,1104662901011,171,328,normal,12727,135
1676689390,20230218,7743986580,558595488553,37%,880174980896,134,286,normal,6924,105
1676691134,20230218,7743986580,660400184385,37%,1040587923797,108,346,normal,12259,7
1676693064,20230218,7743986580,696424098398,37%,1097350551634,215,179,normal,10939,80
1676695277,20230218,7743986580,560848440424,37%,883724941308,91,359,normal,7961,113
1676696570,20230218,7743986580,558857162134,37%,880587298117,199,378,normal,12521,31
1676698343,20230218,7743986580,579582405122,37%,913243917666,140,420,normal,9399,46
1676700179,20230218,7743986580,589470914405,37%,928825172165,96,256,normal,9735,99
1676702054,20230218,7743986580,837770512128,37%,1320069101200,115,318,normal,7161,10
1676703771,20230218,7743986580,560222223636,37%,882738215921,231,425,normal,10403,4
1676705528,20230218,7743986580,629329350904,37%,991629830103,123,244,normal,11220,118
1676707373,20230218,7743986580,539447233037,37%,850003209412,192,383,normal,12777,52
1676709246,20230218,7743986580,619054636250,37%,975440034518,94,247,normal,10949,49
1676710975,20230218,7743986580,519912579975,37%,819222594033,127,192,normal,7200,0
1676712732,20230218,7743986580,679657153675,37%,1070930994811,167,378,normal,7232,141
1676714563,20230218,7743986580,584211978861,37%,920538704431,101,234,normal,9429,82
1676716358,20230218,7743986580,622427919069,37%,980755292520,195,250,normal,9240,102
1676718178,20230218,7743986580,629329350904,37%,991629830103,121,244,normal,11220,118
1676719927,20230218,7743986580,758607558505,37%,1195332592186,99,401,normal,9595,37
