data/history/7743986580.csv
time,date,itemid,price,discount,price_before_discount,stock,sold,item_status,cmt_count,liked_count
1676721804,20230218,7743986580,752031742934,37%,1184971125860,227,235,normal,11536,38
1676724059,20230218,7743986580,629541104368,37%,991963488546,138,149,normal,9476,64
1676725545,20230218,7743986580,736373722669,37%,1160298893502,94,199,normal,6612,13
1676727150,20230218,7743986580,826917247828,37%,1302967689009,129,359,normal,8901,132
1676728970,20230218,7743986580,662678994739,37%,1044178629237,144,179,normal,12502,73
1676730737,20230218,7743986580,633551222953,37%,998282204184,133,419,normal,12790,79
1676732562,20230218,7743986580,822503051106,37%,1296012270293,216,197,normal,12133,52
1676734333,20230218,7743986580,522814097517,37%,823794494809,109,413,normal,11134,195
1676736168,20230218,7743986580,634030708954,37%,999037726903,116,250,normal,7816,108
1676738211,20230218,7743986580,584211978861,37%,920538704431,98,234,normal,9429,82
1676739768,20230218,7743986580,742616465569,37%,1170135539564,104,179,normal,7374,11
1676741540,20230218,7743986580,813092042962,37%,1281183410978,88,158,normal,8166,78
1676743381,20230218,7743986580,688017742894,37%,1084104716416,201,378,normal,7994,42
1676745220,20230218,7743986580,522814097517,37%,823794494809,107,413,normal,11134,195
1676746962,20230218,7743986580,757712622982,37%,1193922448580,121,178,normal,11455,5
1676748726,20230218,7743986580,519912579975,37%,819222594033,124,192,normal,7200,0
1676750575,20230218,7743986580,538269153507,37%,848146917786,184,199,normal,12712,8
1676752335,20230218,7743986580,668946547434,37%,1054054367919,194,393,normal,7656,133
1676754169,20230218,7743986580,646245648556,37%,1018284721286,141,208,normal,6568,63
1676755941,20230218,7743986580,653030998126,37%,1028976348861,229,346,normal,7927,147
1676757770,20230218,7743986580,564445732344,37%,889393168875,90,161,normal,11351,74
1676759539,20230218,7743986580,654687624844,37%,1031586683923,197,302,normal,11349,72
1676761368,20230218,7743986580,814914033012,37%,1284054307881,97,432,normal,8455,199
1676763141,20230218,7743986580,716034030403,37%,1128249783513,149,206,normal,10176,42
1676765447,20230219,7743986580,622296965864,37%,980548950477,216,435,normal,7041,67
1676767618,20230219,7743986580,834683909044,37%,1315205562438,148,326,normal,8203,146
1676773681,20230219,7743986580,604658063845,37%,952755456677,178,434,normal,7288,163
1676774932,20230219,7743986580,834683909044,37%,1315205562438,148,326,normal,8204,146
1676775999,20230219,7743986580,522642583557,37%,823524241468,83,299,normal,6508,77
1676777637,20230219,7743986580,833442936536,37%,1313250170790,92,159,normal,12306,12
1676779373,20230219,7743986580,555598275583,37%,875452293510,92,349,normal,10526,71
1676781274,20230219,7743986580,806283630688,37%,1270455443664,228,277,normal,7596,5
1676782978,20230219,7743986580,689568966066,37%,1086548967852,231,182,normal,10083,21
1676784730,20230219,7743986580,677068060577,37%,1066851379033,181,253,normal,9598,22
1676786587,20230219,7743986580,651315639315,37%,1026273470051,182,335,normal,12455,62
1676788464,20230219,7743986580,691293250339,37%,1089265910450,82,344,normal,11895,49
1676790155,20230219,7743986580,702634396445,37%,1107136074570,124,153,normal,12407,17
1676791931,20230219,7743986580,693072573989,37%,1092069578204,125,203,normal,6554,72
1676793777,20230219,7743986580,593020642735,37%,934418454118,136,228,normal,10857,40
1676795651,20230219,7743986580,545115386729,37%,858934479302,218,338,normal,10909,16
1676797370,20230219,7743986580,653166683991,37%,1029190148123,106,206,normal,12544,20
1676799145,20230219,7743986580,735140311432,37%,1158355416094,123,318,normal,9373,62
1676800968,20230219,7743986580,813016445182,37%,1281064292090,108,257,normal,12141,51
1676802776,20230219,7743986580,606369149250,37%,955451601910,179,197,normal,7169,84
1676804556,20230219,7743986580,634406755363,37%,999630260583,150,368,normal,12087,63
1676806327,20230219,7743986580,746807787641,37%,1176739776262,162,259,normal,12265,68
1676808211,20230219,7743986580,833442936536,37%,1313250170790,92,159,normal,12306,12
1676810469,20230219,7743986580,634030708954,37%,999037726903,115,250,normal,7818,108
1676811961,20230219,7743986580,683962186229,37%,1077714404314,187,375,normal,12138,148
1676813560,20230219,7743986580,528511182593,37%,832771351677,128,373,normal,8146,127
1676815363,20230219,7743986580,818096857929,37%,1289069462706,218,436,normal,7854,177
1676817124,20230219,7743986580,829881234559,37%,1307638022046,183,434,normal,10442,192
1676818982,20230219,7743986580,796957962485,37%,1255761053894,206,314,normal,11797,102
1676820727,20230219,7743986580,575114898811,37%,906204499407,122,333,normal,7720,53
1676822578,20230219,7743986580,596671075280,37%,940170414993,156,425,normal,7255,82
1676824595,20230219,7743986580,796957962485,37%,1255761053894,206,314,normal,11797,102
1676826169,20230219,7743986580,629329350904,37%,991629830103,120,244,normal,11221,118
1676827933,20230219,7743986580,779890496173,37%,1228867967318,114,409,normal,10555,59
1676829781,20230219,7743986580,688162918732,37%,1084333468962,210,254,normal,10207,111
1676831616,20230219,7743986580,814563153512,37%,1283501429521,170,384,normal,9304,114
1676833354,20230219,7743986580,814627378418,37%,1283602628255,114,264,normal,7923,50
1676835123,20230219,7743986580,657071771252,37%,1035343366642,106,265,normal,8670,15
1676836969,20230219,7743986580,539250780209,37%,849693660073,150,290,normal,11113,17
1676838739,20230219,7743986580,588317680632,37%,927008029824,118,366,normal,9244,109
1676840575,20230219,7743986580,749747025974,37%,1181371113422,213,163,normal,11146,79
1676842338,20230219,7743986580,645209394830,37%,1016651903582,108,385,normal,11926,113
1676844171,20230219,7743986580,831310452141,37%,1309890030133,214,222,normal,11820,53
1676845934,20230219,7743986580,548429537181,37%,864156562850,88,157,normal,10119,59
1676847771,20230219,7743986580,749688251573,37%,1181278503012,157,394,normal,12470,80
1676849534,20230219,7743986580,686984434595,37%,1082476539799,189,233,normal,6775,21
1676851848,20230220,7743986580,621930081652,37%,979970853606,227,384,normal,7871,184
1676854038,20230220,7743986580,650977799368,37%,1025741138024,233,205,normal,12004,76
1676856652,20230220,7743986580,577593156149,37%,910109472055,165,327,normal,10041,116
1676860122,20230220,7743986580,745981152216,38%,1201045907381,20,271,normal,7551,85
1676861401,20230220,7743986580,550032956370,38%,885565043044,14,240,normal,7998,12
1676862490,20230220,7743986580,763197590485,38%,1228764748079,17,304,normal,10095,12
1676864090,20230220,7743986580,800653428122,38%,1289069462706,19,442,normal,7854,179
1676865769,20230220,7743986580,747914988676,38%,1204159426213,6,382,normal,8171,27
1676867724,20230220,7743986580,592102908163,38%,953298581989,15,393,normal,9989,35
1676869367,20230220,7743986580,667944245053,37%,1052475047110,114,278,normal,11151,136
1676871141,20230220,7743986580,723014149988,37%,1139248308829,193,359,normal,9507,149
1676872998,20230220,7743986580,595376823327,37%,938131071297,245,349,normal,9257,158
1676874936,20230220,7743986580,724374648078,37%,1141392036098,118,290,normal,8358,100
1676876573,20230220,7743986580,607688976826,37%,957531244935,139,305,normal,11751,140
1676878337,20230220,7743986580,700485330031,37%,1103749805743,174,252,normal,7980,91
1676880218,20230220,7743986580,595376823327,37%,938131071297,242,349,normal,9258,158
1676882139,20230220,7743986580,784337157021,37%,1235874539527,165,207,normal,9387,89
1676883781,20230220,7743986580,812545680900,37%,1280322512121,127,251,normal,7030,17
1676885558,20230220,7743986580,837422935640,37%,1319521427373,159,165,normal,12000,23
1676887409,20230220,7743986580,516538364241,37%,813905866043,98,281,normal,11757,39
1676889289,20230220,7743986580,538260664969,37%,848133542457,171,280,normal,8837,97
1676890962,20230220,7743986580,546777474982,37%,861553420068,150,187,normal,11531,66
1676892744,20230220,7743986580,545115386729,37%,858934479302,207,343,normal,10913,16
1676894632,20230220,7743986580,795030429764,37%,1252723854148,110,344,normal,7557,33
1676896959,20230220,7743986580,764078706026,37%,1203953440838,114,340,normal,6669,14
1676898441,20230220,7743986580,687146668363,37%,1082732170405,79,390,normal,10857,37
1676900083,20230220,7743986580,581723366466,37%,916617415392,168,160,normal,10502,24
1676901763,20230220,7743986580,822867790894,37%,1296586988211,88,329,normal,12402,75
1676903558,20230220,7743986580,606675184227,37%,955933819070,95,386,normal,9374,4
1676905367,20230220,7743986580,758497046708,37%,1195158459525,149,369,normal,12211,75
1676907169,20230220,7743986580,568048839464,37%,895070559412,163,223,normal,12084,2
1676908974,20230220,7743986580,821070354861,37%,1293754780901,217,297,normal,12375,83
1676911055,20230220,7743986580,560703212822,37%,883496107197,96,284,normal,9321,114
1676912576,20230220,7743986580,519847372424,37%,819119846955,175,186,normal,7891,18
1676914333,20230220,7743986580,664797119550,37%,1047516143597,99,253,normal,8232,49
1676916184,20230220,7743986580,832791044243,37%,1312222988691,144,273,normal,7952,125
1676918071,20230220,7743986580,577195446487,37%,909482803739,81,428,normal,8730,21
1676919753,20230220,7743986580,519912579975,37%,819222594033,118,195,normal,7203,0
1676921528,20230220,7743986580,610452824812,37%,961886220759,207,178,normal,10153,50
1676923373,20230220,7743986580,563420172056,37%,887777200745,205,334,normal,8446,45
1676925138,20230220,7743986580,834683909044,37%,1315205562438,140,331,normal,8206,148
1676926971,20230220,7743986580,687308901808,37%,1082987800504,120,371,normal,11462,156
1676928733,20230220,7743986580,800837616162,37%,1261874196895,146,352,normal,7062,145
1676930566,20230220,7743986580,791778989138,37%,1247600582032,127,367,normal,12243,144
1676932343,20230220,7743986580,841197247479,37%,1325468583981,218,312,normal,12088,106
1676934166,20230220,7743986580,818995082995,37%,1290484789624,125,303,normal,11672,103
1676935939,20230220,7743986580,824178522739,37%,1298652299157,166,227,normal,7232,8
1676938189,20230221,7743986580,748534519785,37%,1179460575951,130,249,normal,6682,40
1676940420,20230221,7743986580,778510532169,37%,1226693567747,137,330,normal,7775,94
1676943023,20230221,7743986580,573388688565,37%,903484522068,110,168,normal,7091,33
1676945240,20230221,7743986580,746105819542,37%,1175633690068,128,456,normal,12451,65
1676947579,20230221,7743986580,812492372856,37%,1280238515012,138,273,normal,10720,109
1676948877,20230221,7743986580,731710393451,37%,1152950918465,202,208,normal,9685,77
1676950477,20230221,7743986580,593208917624,37%,934715117536,220,345,normal,8751,78
1676952189,20230221,7743986580,654687624844,37%,1031586683923,187,318,normal,11354,76
1676954109,20230221,7743986580,558767266239,37%,880445649788,173,249,normal,9343,117
1676955769,20230221,7743986580,773318066116,37%,1218511835522,149,370,normal,8236,41
1676957533,20230221,7743986580,603350034874,37%,950694404631,182,454,normal,11847,28
1676959401,20230221,7743986580,830058838583,37%,1307917871456,90,401,normal,6648,159
1676961272,20230221,7743986580,841197247479,37%,1325468583981,218,312,normal,12088,106
1676962983,20230221,7743986580,546924608862,37%,861785257887,211,321,normal,11700,51
1676964750,20230221,7743986580,606675184227,37%,955933819070,94,402,normal,9374,4
1676966590,20230221,7743986580,527305499500,37%,830871565310,93,383,normal,7793,101
1676968507,20230221,7743986580,801715885258,37%,1263258079330,113,456,normal,9369,65
1676970179,20230221,7743986580,824340326237,37%,1298907251790,91,334,normal,11759,160
1676971940,20230221,7743986580,788496785559,37%,1242428836948,156,303,normal,7323,116
1676973774,20230221,7743986580,801998538163,35%,1237321335497,12,273,normal,9620,28
1676975653,20230221,7743986580,676808610831,35%,1044178629237,14,188,normal,12508,77
1676977373,20230221,7743986580,606292908055,35%,935387179650,14,282,normal,11860,77
1676979133,20230221,7743986580,832490330551,35%,1284363996404,19,163,normal,7038,69
1676981029,20230221,7743986580,733584949023,37%,1155904642491,204,306,normal,9039,145
1676983352,20230221,7743986580,830666547024,37%,1308875433371,94,385,normal,12671,138
1676984845,20230221,7743986580,842696639840,37%,1327831165973,197,331,normal,7240,118
1676986487,20230221,7743986580,822887623928,37%,1296618238982,147,371,normal,12800,77
1676988176,20230221,7743986580,665093687412,37%,1047983443492,207,228,normal,10888,49
1676989987,20230221,7743986580,759303652260,37%,1196429422218,120,311,normal,6774,20
1676991779,20230221,7743986580,742941386208,37%,1170647514730,213,273,normal,11515,73
1676993587,20230221,7743986580,568927869795,37%,896455641319,107,242,normal,8332,88
1676995403,20230221,7743986580,728027449514,37%,1147147729618,118,437,normal,7375,48
1676997438,20230221,7743986580,566906805353,37%,893271064298,207,245,normal,12047,76
1676998983,20230221,7743986580,758497046708,37%,1195158459525,159,384,normal,12211,78
1677000736,20230221,7743986580,581137889883,37%,915694884059,150,359,normal,8518,110
1677002586,20230221,7743986580,741867347394,37%,1168955159327,180,196,normal,11312,39
1677004497,20230221,7743986580,829896142161,37%,1307661511849,103,255,normal,7064,71
1677006202,20230221,7743986580,657315474550,37%,1035727368214,156,276,normal,9006,104
1677007942,20230221,7743986580,587998724612,37%,926505453067,233,418,normal,8815,109
1677009775,20230221,7743986580,693287610087,37%,1092408409071,223,273,normal,11299,25
1677011554,20230221,7743986580,525423027742,37%,827905367807,93,181,normal,6610,86
1677013380,20230221,7743986580,842614577281,37%,1327701860578,206,354,normal,6676,105
1677015138,20230221,7743986580,555161978573,37%,874764823380,140,334,normal,7990,13
1677016982,20230221,7743986580,682494910629,37%,1075402428476,116,477,normal,9073,128
1677018785,20230221,7743986580,797002825514,37%,1255831744254,181,364,normal,12530,71
1677020570,20230221,7743986580,654687624844,37%,1031586683923,199,331,normal,11354,79
1677022339,20230221,7743986580,613845486196,37%,967232013431,144,361,normal,12633,101
1677024587,20230222,7743986580,736373722669,37%,1160298893502,94,218,normal,6615,15
1677026818,20230222,7743986580,749688251573,37%,1181278503012,159,426,normal,12474,86
1677029419,20230222,7743986580,597771248904,37%,941903950831,212,454,normal,12934,16
1677031624,20230222,7743986580,564916710814,37%,890135286336,181,256,normal,7438,58
1677033938,20230222,7743986580,709453075145,37%,1117880218619,197,201,normal,11626,29
1677035180,20230222,7743986580,779254378704,37%,1227865641497,196,365,normal,7538,46
1677036857,20230222,7743986580,826501021682,37%,1302311844399,127,418,normal,8513,14
1677038574,20230222,7743986580,755842059497,37%,1190975014859,194,330,normal,9588,59
1677040529,20230222,7743986580,622341115507,37%,980618516759,179,388,normal,12519,110
1677042178,20230222,7743986580,769308660805,37%,1212194243784,115,264,normal,11522,5
1677043933,20230222,7743986580,717337226303,37%,1130303220124,213,210,normal,9362,83
1677045807,20230222,7743986580,566906805353,37%,893271064298,202,254,normal,12051,79
1677047731,20230222,7743986580,679657153675,37%,1070930994811,161,414,normal,7238,154
1677049369,20230222,7743986580,658228292867,37%,1037165689613,205,426,normal,12168,21
1677051130,20230222,7743986580,572977359892,37%,902836394372,167,176,normal,10716,57
1677052989,20230222,7743986580,784846898691,37%,1236677735891,152,193,normal,7862,78
1677054909,20230222,7743986580,640804248048,37%,1009710744792,213,203,normal,10597,44
1677056582,20230222,7743986580,564265773660,37%,889109609243,168,439,normal,10738,107
1677058363,20230222,7743986580,554811347972,37%,874212337209,174,212,normal,11428,29
1677060178,20230222,7743986580,534039676048,37%,841482559915,217,285,normal,8911,111
1677062080,20230222,7743986580,634406755363,37%,999630260583,131,404,normal,12094,70
1677063758,20230222,7743986580,582460077437,37%,917778245685,100,434,normal,6783,150
1677065544,20230222,7743986580,760082470277,37%,1197656600287,127,426,normal,6813,100
1677067424,20230222,7743986580,743794351538,37%,1171991526198,187,469,normal,9370,142
1677069775,20230222,7743986580,711861157572,37%,1121674617156,153,454,normal,7127,54
1677071253,20230222,7743986580,699466757206,37%,1102144847708,130,458,normal,10271,42
1677072915,20230222,7743986580,796681800195,37%,1255325906917,129,440,normal,9086,107
1677074582,20230222,7743986580,815375156302,37%,1284780896604,127,261,normal,11405,66
1677076354,20230222,7743986580,669062303942,37%,1054236764634,201,250,normal,10061,82
1677078195,20230222,7743986580,792719149599,37%,1249081986256,172,409,normal,7019,165
1677079987,20230222,7743986580,826917247828,37%,1302967689009,109,393,normal,8908,144
1677081786,20230222,7743986580,539250780209,37%,849693660073,129,313,normal,11120,19
1677083875,20230222,7743986580,664943071679,37%,1047746119341,144,463,normal,10165,5
1677085363,20230222,7743986580,631880830066,38%,1017341902874,9,270,normal,7839,106
1677087160,20230222,7743986580,532565421182,38%,857441930836,13,448,normal,8317,61
1677088979,20230222,7743986580,749161557243,38%,1206166428764,5,357,normal,12969,30
1677090902,20230222,7743986580,749101940439,38%,1206070444410,5,295,normal,11486,102
1677092572,20230222,7743986580,576533451361,37%,908439702678,184,172,normal,10701,4
1677094330,20230222,7743986580,746082308183,37%,1175596643385,189,406,normal,11092,28
1677096167,20230222,7743986580,632940445671,37%,997319806719,106,252,normal,9923,112
1677097954,20230222,7743986580,717337226303,37%,1130303220124,197,218,normal,9362,86
1677099778,20230222,7743986580,551739042455,37%,869371327025,116,329,normal,7162,108
1677101535,20230222,7743986580,705313309538,37%,1111357219080,94,280,normal,12335,72
1677103370,20230222,7743986580,545354368850,37%,859311041750,108,453,normal,12823,163
1677105154,20230222,7743986580,684211287751,37%,1078106911830,127,330,normal,10930,162
