data/history/7743986580.csv
time,date,itemid,price,discount,price_before_discount,stock,sold,item_status,cmt_count,liked_count
1677106965,20230222,7743986580,538676720324,37%,848789117952,215,333,normal,10623,126
1677108735,20230222,7743986580,573388688565,37%,903484522068,106,181,normal,7093,36
1677111023,20230223,7743986580,724384371347,37%,1141407356985,160,481,normal,8702,149
1677113212,20230223,7743986580,520342056573,37%,819899317288,209,319,normal,6909,140
1677115813,20230223,7743986580,668946547434,37%,1054054367919,177,447,normal,7662,151
1677117946,20230223,7743986580,555598275583,37%,875452293510,83,397,normal,10533,81
1677120306,20230223,7743986580,698058297208,37%,1099925547201,96,483,normal,9901,202
1677121482,20230223,7743986580,622427919069,37%,980755292520,170,284,normal,9247,116
1677123177,20230223,7743986580,539439363799,37%,849990809909,80,273,normal,12305,22
1677124989,20230223,7743986580,588317680632,37%,927008029824,105,410,normal,9250,122
1677126928,20230223,7743986580,709343846658,37%,1117708108061,109,486,normal,6816,96
1677128576,20230223,7743986580,796429014097,37%,1254927593641,203,391,normal,7738,133
1677130331,20230223,7743986580,773940061568,37%,1219491909380,132,396,normal,8954,55
1677132195,20230223,7743986580,796957962485,37%,1255761053894,185,357,normal,11805,116
1677134103,20230223,7743986580,678645226488,37%,1069336508261,154,396,normal,6679,22
1677135779,20230223,7743986580,589870517209,37%,929454823492,165,340,normal,12030,80
1677137545,20230223,7743986580,676368619820,37%,1065749275154,183,276,normal,11887,32
1677139397,20230223,7743986580,707537052661,37%,1114861155472,84,372,normal,10511,111
1677141306,20230223,7743986580,588622613502,37%,927488510401,182,438,normal,9126,49
1677142973,20230223,7743986580,676009810401,37%,1065183901677,198,462,normal,9851,97
1677144734,20230223,7743986580,579582405122,37%,913243917666,123,477,normal,9406,52
1677146584,20230223,7743986580,725175152288,37%,1142653384948,72,207,normal,8465,17
1677148466,20230223,7743986580,579885881974,37%,913722104006,170,197,normal,12671,57
1677150158,20230223,7743986580,774137799283,37%,1219803483306,145,367,normal,9361,63
1677151935,20230223,7743986580,787814787018,37%,1241354216644,188,173,normal,11491,30
1677153837,20230223,7743986580,561651852705,37%,884990872387,200,212,normal,8599,97
1677156214,20230223,7743986580,616225429376,37%,970982073154,167,420,normal,7541,114
1677157682,20230223,7743986580,734492613671,37%,1157334843291,74,436,normal,7881,212
1677159482,20230223,7743986580,539039032428,37%,849360010585,92,458,normal,7569,21
1677160976,20230223,7743986580,679067320521,37%,1070001598860,92,197,normal,9149,15
1677162761,20230223,7743986580,572270383441,37%,901722416553,180,248,normal,8656,48
1677164566,20230223,7743986580,635182628237,37%,1000852798011,150,299,normal,10991,31
1677166410,20230223,7743986580,689568966066,37%,1086548967852,204,207,normal,10090,24
1677168181,20230223,7743986580,757712622982,37%,1193922448580,107,203,normal,11465,6
1677170332,20230223,7743986580,559571011799,37%,881712106013,75,377,normal,6937,126
1677171783,20230223,7743986580,643092221247,37%,1013315888064,168,279,normal,8445,17
1677173572,20230223,7743986580,834630714466,37%,1315121744116,110,371,normal,12372,177
1677175393,20230223,7743986580,624354828042,37%,983791509431,88,268,normal,9479,45
1677177330,20230223,7743986580,564284840077,37%,889139652061,169,288,normal,9679,68
1677178976,20230223,7743986580,615837546644,37%,970370889062,136,351,normal,12650,158
1677180736,20230223,7743986580,558972983721,37%,880769797377,147,492,normal,7631,230
1677182572,20230223,7743986580,610452824812,37%,961886220759,191,203,normal,10157,57
1677184355,20230223,7743986580,772544633638,37%,1217293143409,149,377,normal,6807,95
1677186170,20230223,7743986580,826526473375,37%,1302351948453,170,435,normal,9402,168
1677187945,20230223,7743986580,632829924775,37%,997145659720,196,284,normal,9460,52
1677189765,20230223,7743986580,603350034874,37%,950694404631,167,498,normal,11852,31
1677191598,20230223,7743986580,791778989138,37%,1247600582032,117,403,normal,12249,158
1677193386,20230223,7743986580,822867790894,37%,1296586988211,80,375,normal,12408,85
1677195152,20230223,7743986580,667281754358,37%,1051431165182,199,438,normal,7140,174
1677197398,20230224,7743986580,819736690883,37%,1291653335955,182,301,normal,7260,20
1677199635,20230224,7743986580,546165430382,37%,860589025698,159,402,normal,11401,47
1677202218,20230224,7743986580,796429014097,37%,1254927593641,200,398,normal,7739,135
1677204379,20230224,7743986580,596339052595,37%,939647249185,203,248,normal,12659,71
1677206725,20230224,7743986580,743794351538,37%,1171991526198,187,495,normal,9371,150
1677207958,20230224,7743986580,564284840077,37%,889139652061,169,293,normal,9679,70
1677209646,20230224,7743986580,633551222953,37%,998282204184,115,485,normal,12801,92
1677211385,20230224,7743986580,777745872577,37%,1225488699008,127,470,normal,8547,231
1677213334,20230224,7743986580,791372122221,37%,1246959484695,86,490,normal,7027,152
1677214972,20230224,7743986580,775509565722,37%,1221964966032,71,425,normal,11058,13
1677216739,20230224,7743986580,736678113823,37%,1160778520502,81,299,normal,7121,65
1677218603,20230224,7743986580,580475120639,37%,914650563224,39,263,normal,11894,83
1677220535,20230224,7743986580,814563153512,37%,1283501429521,62,444,normal,9311,132
1677222175,20230224,7743986580,665179806527,37%,1048119140775,68,462,normal,11959,34
1677223941,20230224,7743986580,788013869120,37%,1241667908913,68,480,normal,7696,139
1677225793,20230224,7743986580,534206401124,37%,841745267443,37,424,normal,9829,81
1677227726,20230224,7743986580,559717686385,37%,881943220126,69,274,normal,10487,40
1677229374,20230224,7743986580,625723809027,37%,985948603136,53,498,normal,12622,113
1677231146,20230224,7743986580,573388688565,37%,903484522068,42,185,normal,7094,37
1677232979,20230224,7743986580,630761780195,37%,993886898858,35,232,normal,12313,72
1677234858,20230224,7743986580,526466056031,37%,829548860143,65,185,normal,6568,57
1677236582,20230224,7743986580,800188847208,37%,1260851936220,42,224,normal,7676,64
1677238332,20230224,7743986580,710113603085,37%,1118921007847,57,234,normal,9476,1
1677240230,20230224,7743986580,785255353651,37%,1237321335497,45,299,normal,9624,30
1677242550,20230224,7743986580,563986553141,37%,888669643436,44,485,normal,10564,122
1677244037,20230224,7743986580,634406755363,37%,999630260583,55,427,normal,12096,74
1677245708,20230224,7743986580,581512865616,37%,916285730683,58,389,normal,6556,51
1677247364,20230224,7743986580,735140311432,37%,1158355416094,45,369,normal,9380,72
1677249148,20230224,7743986580,570802889908,37%,899410097319,67,477,normal,8238,116
1677250975,20230224,7743986580,701884681909,37%,1105954754650,29,205,normal,11812,14
1677252753,20230224,7743986580,717235652860,37%,1130143171564,29,487,normal,7748,201
1677254584,20230224,7743986580,543501716092,37%,856391829834,73,281,normal,7709,96
1677256670,20230224,7743986580,529169309015,37%,833808356850,64,285,normal,12051,56
1677258177,20230224,7743986580,711895229895,38%,1146166829832,27,288,normal,9136,92
